******************************************************************************
               TMS320C6x Linker Unix v7.4.4                    
******************************************************************************
>> Linked Sun Oct 28 17:25:23 2018

OUTPUT FILE NAME:   <bin/debug/server_dsp.xe674>
ENTRY POINT SYMBOL: "ti_sysbios_family_c64p_Hwi0"  address: c3432800


MEMORY CONFIGURATION

         name            origin    length      used     unused   attr    fill
----------------------  --------  ---------  --------  --------  ----  --------
  IROM                  11700000   00100000  00000000  00100000  R  X
  IRAM                  11800000   00038000  00000000  00038000  RW X
  L3_CBA_RAM            80000000   00020000  00000000  00020000  RW X
  SR_0                  c2000000   00010000  00010000  00000000  RW X
  SR_1                  c2010000   00a00000  00a00000  00000000  RW X
  DSP_PROG              c3000000   00800000  00432afe  003cd502  RW X


SEGMENT ALLOCATION MAP

run origin  load origin   length   init length attrs members
----------  ----------- ---------- ----------- ----- -------
c3000000    c3000000    003c1830   00000000    rw-
  c3000000    c3000000    003c1830   00000000    rw- .far
c33c1830    c33c1830    00000010   00000010    rw-
  c33c1830    c33c1830    00000010   00000010    rw- .fardata.1
c33c1840    c33c1840    0003a5a0   0003a5a0    r-x
  c33c1840    c33c1840    0003a5a0   0003a5a0    r-x .text
c33fbde0    c33fbde0    00030864   00030864    rw-
  c33fbde0    c33fbde0    00030864   00030864    rw- .fardata.2
c342c648    c342c648    00004ee2   00004ee2    r--
  c342c648    c342c648    00004ee2   00004ee2    r-- .const
c3431530    c3431530    00001000   00000000    rw-
  c3431530    c3431530    00001000   00000000    rw- .stack
c3432530    c3432530    00000198   00000198    r--
  c3432530    c3432530    00000198   00000198    r-- .switch
c34326c8    c34326c8    00000120   00000000    rw-
  c34326c8    c34326c8    00000120   00000000    rw- .cio
c3432800    c3432800    00000200   00000200    r-x
  c3432800    c3432800    00000200   00000200    r-x .vecs
c3432a00    c3432a00    0000006c   00000064    rw-
  c3432a00    c3432a00    00000064   00000064    rw- .args
  c3432a64    c3432a64    00000008   00000000    rw- .bss
c3432a6c    c3432a6c    00000028   00000028    rw-
  c3432a6c    c3432a6c    00000028   00000028    rw- .neardata
c3432c00    c3432c00    0000008c   0000008c    r--
  c3432c00    c3432c00    0000008c   0000008c    r-- ti_sdo_ipc_init


SECTION ALLOCATION MAP

 output                                  attributes/
section   page    origin      length       input sections
--------  ----  ----------  ----------   ----------------
.cinit     0    c3000000    00000000     UNINITIALIZED

.init_array 
*          0    c3000000    00000000     UNINITIALIZED

ti.sdo.ipc.SharedRegion_0 
*          0    c2000000    00010000     NOLOAD SECTION
                  c2000000    00010000     --HOLE--

ti.sdo.ipc.SharedRegion_1 
*          0    c2010000    00a00000     NOLOAD SECTION
                  c2010000    00a00000     --HOLE--

xdc.meta   0    c3000000    000000e8     COPY SECTION
                  c3000000    000000e8     dsp_pe674.oe674 (xdc.meta)

.far       0    c3000000    003c1830     UNINITIALIZED
                  c3000000    00380000     fft.oe674 (.far)
                  c3380000    00041010     dsp_pe674.oe674 (.far)
                  c33c1010    00000800     dsp_pe674.oe674 (.far:taskStackSection)
                  c33c1810    0000000c     ti.syslink.ipc.rtos.ae674 : FrameQ.oe674 (.far)
                  c33c181c    00000004                               : RingIOShm.oe674 (.far)
                  c33c1820    00000008     rts6740_elf.lib : trgdrv.obj (.far)
                  c33c1828    00000008     ti.syslink.ipc.rtos.ae674 : RingIO.oe674 (.far)

.fardata.1 
*          0    c33c1830    00000010     
                  c33c1830    00000010     dsp_pe674.oe674 (.fardata:ti_sdo_ipc_MessageQ_Module_State_0_transports__A)

.text      0    c33c1840    0003a5a0     
                  c33c1840    000021e0     ti.syslink.ipc.rtos.ae674 : FrameQBufMgr_ShMem.oe674 (.text:FrameQBufMgr_ShMem_create)
                  c33c3a20    00001060                               : FrameQ_ShMem.oe674 (.text:FrameQ_ShMem_create)
                  c33c4a80    00000fa0                               : ClientNotifyMgr.oe674 (.text:_ClientNotifyMgr_create)
                  c33c5a20    00000d20                               : FrameQ_ShMem.oe674 (.text:_FrameQ_ShMem_open)
                  c33c6740    00000c40     utils.lib : uartStdio.obj (.text)
                  c33c7380    00000b40     ipc.ae674 : Ipc.obj (.text:ti_sdo_ipc_GateMP_Instance_init__F)
                  c33c7ec0    00000ae0     drivers.lib : emifa.obj (.text)
                  c33c89a0    00000a80     ad7606.oe674 (.text)
                  c33c9420    00000a60     ti.syslink.ipc.rtos.ae674 : FrameQ_ShMem.oe674 (.text:FrameQ_ShMem_delete)
                  c33c9e80    00000900                               : FrameQBufMgr_ShMem.oe674 (.text:FrameQBufMgr_ShMem_delete)
                  c33ca780    00000900                               : FrameQ_ShMem.oe674 (.text:FrameQ_ShMem_putv)
                  c33cb080    000008a0                               : ClientNotifyMgr.oe674 (.text:ClientNotifyMgr_delete)
                  c33cb920    000008a0     sysbios.ae674 : BIOS.obj (.text:ti_sysbios_family_c64p_Exception_handler__I)
                  c33cc1c0    000008a0     ti.targets.rts6000.ae674 : System.oe674 (.text:xdc_runtime_System_doPrint__I)
                  c33cca60    00000800     ti.syslink.ipc.rtos.ae674 : FrameQ_ShMem.oe674 (.text:FrameQ_ShMem_put)
                  c33cd260    000007e0                               : ClientNotifyMgr.oe674 (.text:ClientNotifyMgr_setup)
                  c33cda40    000007e0                               : RingIOShm.oe674 (.text:RingIOShm_create)
                  c33ce220    000007c0     ipc.ae674 : Ipc.obj (.text:Ipc_attach)
                  c33ce9e0    00000700               : Ipc.obj (.text:Ipc_detach)
                  c33cf0e0    00000700               : Ipc.obj (.text:ti_sdo_ipc_transports_TransportShm_Instance_init__F)
                  c33cf7e0    000006e0     ti.syslink.ipc.rtos.ae674 : FrameQBufMgr_ShMem.oe674 (.text:FrameQBufMgr_ShMem_dupv)
                  c33cfec0    000006c0     message_loop.oe674 (.text)
                  c33d0580    000006a0     ti.syslink.ipc.rtos.ae674 : FrameQ_ShMem.oe674 (.text:FrameQ_ShMem_getv)
                  c33d0c20    00000640                               : FrameQBufMgr_ShMem.oe674 (.text:FrameQBufMgr_ShMem_dup)
                  c33d1260    00000600                               : RingIOShm.oe674 (.text:_RingIOShm_readerAcquire)
                  c33d1860    000005e0                               : ClientNotifyMgr.oe674 (.text:ClientNotifyMgr_sendNotificationMulti)
                  c33d1e40    000005e0                               : FrameQBufMgr_ShMem.oe674 (.text:FrameQBufMgr_ShMem_allocv)
                  c33d2420    000005a0                               : ClientNotifyMgr.oe674 (.text:ClientNotifyMgr_threadFxn)
                  c33d29c0    000005a0     rts6740_elf.lib : divd.obj (.text:__c6xabi_divd)
                  c33d2f60    00000520     ti.syslink.ipc.rtos.ae674 : RingIOShm.oe674 (.text:_RingIOShm_writerFlush)
                  c33d3480    00000500                               : RingIOShm.oe674 (.text:RingIOShm_openByAddr)
                  c33d3980    00000500     fft.oe674 (.text)
                  c33d3e80    000004e0     ipc.ae674 : Ipc.obj (.text:ti_sdo_ipc_heaps_HeapMemMP_Instance_init__F)
                  c33d4360    000004c0     ti.syslink.ipc.rtos.ae674 : ClientNotifyMgr.oe674 (.text:ClientNotifyMgr_execCallBackFxn)
                  c33d4820    000004c0                               : RingIOShm.oe674 (.text:_RingIOShm_readerFlush)
                  c33d4ce0    000004c0     ad_workshop.oe674 (.text)
                  c33d51a0    000004c0     ipc.ae674 : Ipc.obj (.text:ti_sdo_ipc_ListMP_Instance_init__F)
                  c33d5660    000004a0     ti.syslink.ipc.rtos.ae674 : ClientNotifyMgr.oe674 (.text:ClientNotifyMgr_sendNotification)
                  c33d5b00    00000460                               : ClientNotifyMgr.oe674 (.text:ClientNotifyMgr_sendForceNotificationMulti)
                  c33d5f60    00000460     ipc.ae674 : Ipc.obj (.text:ti_sdo_ipc_GateMP_setRegion0Reserved__F)
                  c33d63c0    00000460               : Ipc.obj (.text:ti_sdo_ipc_MessageQ_Instance_init__F)
                  c33d6820    00000460               : Ipc.obj (.text:ti_sdo_ipc_nsremote_NameServerRemoteNotify_get__F)
                  c33d6c80    00000420     ti.syslink.ipc.rtos.ae674 : FrameQBufMgr_ShMem.oe674 (.text:FrameQBufMgr_ShMem_sharedMemReq)
                  c33d70a0    00000420                               : FrameQ_ShMem.oe674 (.text:FrameQ_ShMem_flushAll)
                  c33d74c0    00000420                               : FrameQ_ShMem.oe674 (.text:_FrameQ_ShMem_setOpenFlags)
                  c33d78e0    00000420     main_dsp.oe674 (.text)
                  c33d7d00    00000420     ipc.ae674 : Ipc.obj (.text:ti_sdo_ipc_GateMP_Instance_finalize__F)
                  c33d8120    00000400     ti.syslink.ipc.rtos.ae674 : RingIOShm.oe674 (.text:_RingIOShm_writersetvAttribute)
                  c33d8520    000003e0                               : FrameQBufMgr_ShMem.oe674 (.text:FrameQBufMgr_ShMem_freev)
                  c33d8900    000003c0     ipc.ae674 : Ipc.obj (.text:ti_sdo_ipc_heaps_HeapMemMP_alloc__E)
                  c33d8cc0    000003c0               : Ipc.obj (.text:ti_sdo_ipc_heaps_HeapMemMP_free__E)
                  c33d9080    000003a0     ti.syslink.ipc.rtos.ae674 : ClientNotifyMgr.oe674 (.text:ClientNotifyMgr_registerClient)
                  c33d9420    000003a0                               : ClientNotifyMgr.oe674 (.text:ClientNotifyMgr_unregisterClient)
                  c33d97c0    000003a0                               : FrameQ_ShMem.oe674 (.text:FrameQ_ShMem_getvNumFrames)
                  c33d9b60    000003a0     ipc.ae674 : Ipc.obj (.text:NameServer_add)
                  c33d9f00    000003a0     dsplib.ae674 : DSPF_sp_fftSPxSP.obj (.text:optimized)
                  c33da2a0    00000380     ti.syslink.ipc.rtos.ae674 : RingIOShm.oe674 (.text:_RingIOShm_readergetvAttribute)
                  c33da620    00000380                               : RingIOShm.oe674 (.text:_RingIOShm_writerAcquire)
                  c33da9a0    00000360                               : FrameQBufMgr_ShMem.oe674 (.text:FrameQBufMgr_ShMem_free)
                  c33dad00    00000360                               : RingIOShm.oe674 (.text:_RingIOShm_writerCancel)
                  c33db060    00000340                               : FrameQBufMgr.oe674 (.text:FrameQBufMgr_open)
                  c33db3a0    00000340                               : FrameQ_ShMem.oe674 (.text:FrameQ_ShMem_get)
                  c33db6e0    00000340     drivers.lib : uart.obj (.text)
                  c33dba20    00000320     ti.syslink.ipc.rtos.ae674 : ClientNotifyMgr.oe674 (.text:ClientNotifyMgr_sendForceNotification)
                  c33dbd40    00000320                               : FrameQBufMgr.oe674 (.text:FrameQBufMgr_create)
                  c33dc060    00000300                               : FrameQBufMgr_ShMem.oe674 (.text:FrameQBufMgr_ShMem_alloc)
                  c33dc360    00000300     ipc.ae674 : Ipc.obj (.text:Ipc_writeConfig)
                  c33dc660    00000300     ti.syslink.ipc.rtos.ae674 : RingIOShm.oe674 (.text:RingIOShm_sharedMemReq)
                  c33dc960    00000300                               : RingIOShm.oe674 (.text:_RingIOShm_readerRelease)
                  c33dcc60    00000300     ipc_ring_buffer.oe674 (.text)
                  c33dcf60    00000300     sysbios.ae674 : BIOS.obj (.text:ti_sysbios_knl_Semaphore_pend__E)
                  c33dd260    00000300                   : BIOS.obj (.text:ti_sysbios_knl_Task_Instance_finalize__F)
                  c33dd560    000002e0     ipc.ae674 : Ipc.obj (.text:ListMP_getHead)
                  c33dd840    000002e0     ti.syslink.ipc.rtos.ae674 : RingIOShm.oe674 (.text:RingIOShm_delete)
                  c33ddb20    000002e0     ipc.ae674 : Ipc.obj (.text:ti_sdo_ipc_Ipc_procSyncStart__I)
                  c33dde00    000002e0               : Ipc.obj (.text:ti_sdo_ipc_nsremote_NameServerRemoteNotify_Instance_init__F)
                  c33de0e0    000002c0     ti.syslink.ipc.rtos.ae674 : FrameQ_ShMem.oe674 (.text:FrameQ_ShMem_registerNotifier)
                  c33de3a0    000002c0     ipc.ae674 : Ipc.obj (.text:NameServer_get)
                  c33de660    000002c0     drivers.lib : gpio.obj (.text)
                  c33de920    000002c0     sysbios.ae674 : BIOS.obj (.text:ti_sysbios_timers_timer64_Timer_Module_startup__F)
                  c33debe0    000002a0     ipc.ae674 : Ipc.obj (.text:ti_sdo_ipc_transports_TransportShm_Instance_finalize__F)
                  c33dee80    000002a0     sysbios.ae674 : BIOS.obj (.text:ti_sysbios_timers_timer64_Timer_deviceConfig__I)
                  c33df120    00000280     ipc.ae674 : Ipc.obj (.text:ListMP_putHead)
                  c33df3a0    00000280               : Ipc.obj (.text:ListMP_putTail)
                  c33df620    00000280               : Ipc.obj (.text:ListMP_remove)
                  c33df8a0    00000280     ti.syslink.ipc.rtos.ae674 : RingIO.oe674 (.text:RingIO_open)
                  c33dfb20    00000280     rts6740_elf.lib : divf.obj (.text:__c6xabi_divf)
                  c33dfda0    00000280     queue.oe674 (.text)
                  c33e0020    00000280     ipc.ae674 : Ipc.obj (.text:ti_sdo_ipc_gates_GatePeterson_Instance_init__F)
                  c33e02a0    00000280     ti.targets.rts6000.ae674 : Error.oe674 (.text:xdc_runtime_Error_raiseX__F)
                  c33e0520    00000260     ti.syslink.ipc.rtos.ae674 : FrameQBufMgr_ShMem.oe674 (.text:FrameQBufMgr_ShMem_Params_init)
                  c33e0780    00000260     ipc.ae674 : Ipc.obj (.text:GateMP_openByAddr)
                  c33e09e0    00000260               : Ipc.obj (.text:Ipc_start)
                  c33e0c40    00000260     ti.syslink.ipc.rtos.ae674 : RingIOShm.oe674 (.text:_RingIOShm_writerRelease)
                  c33e0ea0    00000260     rts6740_elf.lib : imath64.obj (.text:__c6xabi_divull)
                  c33e1100    00000260     sysbios.ae674 : BIOS.obj (.text:ti_sysbios_family_c64p_Exception_internalHandler__I)
                  c33e1360    00000260                   : BIOS.obj (.text:ti_sysbios_timers_timer64_Timer_setPeriodMicroSecs__E)
                  c33e15c0    00000260     ti.targets.rts6000.ae674 : Startup.oe674 (.text:xdc_runtime_Startup_startMods__I)
                  c33e1820    00000260     dsp_pe674.oe674 (.text:xdc_runtime_System_printfExtend__I)
                  c33e1a80    00000240     ti.syslink.ipc.rtos.ae674 : FrameQ_ShMem.oe674 (.text:FrameQ_ShMem_unregisterNotifier)
                  c33e1cc0    00000240                               : FrameQ.oe674 (.text:FrameQ_setup)
                  c33e1f00    00000240     ipc.ae674 : Ipc.obj (.text:Notify_unregisterEvent)
                  c33e2140    00000240               : Ipc.obj (.text:ti_sdo_ipc_family_da830_NotifySetup_attach__E)
                  c33e2380    00000240               : Ipc.obj (.text:ti_sdo_ipc_heaps_HeapMemMP_getStats__E)
                  c33e25c0    00000240     ti.targets.rts6000.ae674 : LoggerBuf.oe674 (.text:xdc_runtime_LoggerBuf_write8__F)
                  c33e2800    00000220     ti.syslink.ipc.rtos.ae674 : ClientNotifyMgr.oe674 (.text:ClientNotifyMgr_destroy)
                  c33e2a20    00000220                               : FrameQ_ShMem.oe674 (.text:FrameQ_ShMem_sharedMemReq)
                  c33e2c40    00000220                               : SyslinkMemMgr.oe674 (.text:SyslinkMemMgr_create)
                  c33e2e60    00000220     ipc.ae674 : Ipc.obj (.text:ti_sdo_ipc_nsremote_NameServerRemoteNotify_swiFxn__I)
                  c33e3080    00000220     sysbios.ae674 : BIOS.obj (.text:ti_sysbios_family_c64p_Hwi_reconfig__E)
                  c33e32a0    00000220                   : BIOS.obj (.text:ti_sysbios_gates_GateMutexPri_enter__E)
                  c33e34c0    00000220     ti.targets.rts6000.ae674 : Core-mem.oe674 (.text:xdc_runtime_Core_createObject__I)
                  c33e36e0    00000200     sysbios.ae674 : c64p_Hwi_disp_always.obj (.text:_ti_sysbios_family_c64p_Hwi_dispatchAlways)
                  c33e38e0    00000200     ipc.ae674 : Ipc.obj (.text:ti_sdo_ipc_Ipc_procSyncFinish__I)
                  c33e3ae0    00000200               : Ipc.obj (.text:ti_sdo_ipc_notifyDrivers_NotifyDriverShm_Instance_init__F)
                  c33e3ce0    00000200               : Ipc.obj (.text:ti_sdo_ipc_notifyDrivers_NotifyDriverShm_sendEvent__E)
                  c33e3ee0    000001e0     ti.syslink.ipc.rtos.ae674 : FrameQBufMgr.oe674 (.text:FrameQBufMgr_setup)
                  c33e40c0    000001e0                               : FrameQ_ShMem.oe674 (.text:FrameQ_ShMem_getNumFrames)
                  c33e42a0    000001e0     ipc.ae674 : Ipc.obj (.text:GateMP_sharedMemReq)
                  c33e4480    000001e0               : Ipc.obj (.text:ListMP_openByAddr)
                  c33e4660    000001e0     Platform.lib : GPIO.obj (.text)
                  c33e4840    000001e0     ti.syslink.ipc.rtos.ae674 : RingIOShm.oe674 (.text:RingIOShm_close)
                  c33e4a20    000001e0                               : RingIOShm.oe674 (.text:_RingIOShm_readerCancel)
                  c33e4c00    000001e0                               : RingIOShm.oe674 (.text:_RingIOShm_updateAttributes)
                  c33e4de0    000001e0     ipc.ae674 : Ipc.obj (.text:ti_sdo_utils_NameServer_Instance_finalize__F)
                  c33e4fc0    000001e0     sysbios.ae674 : BIOS.obj (.text:ti_sysbios_family_c64p_Exception_externalHandler__I)
                  c33e51a0    000001e0                   : BIOS.obj (.text:ti_sysbios_knl_Task_Instance_init__F)
                  c33e5380    000001e0                   : BIOS.obj (.text:ti_sysbios_knl_Task_checkStacks__E)
                  c33e5560    000001c0     ti.syslink.ipc.rtos.ae674 : RingIOShm.oe674 (.text:RingIOShm_registerNotifier)
                  c33e5720    000001c0     ipc.ae674 : Ipc.obj (.text:ti_sdo_ipc_GateMP_getFreeResource__I)
                  c33e58e0    000001c0               : Ipc.obj (.text:ti_sdo_ipc_heaps_HeapMemMP_postInit__I)
                  c33e5aa0    000001c0     sysbios.ae674 : BIOS.obj (.text:ti_sysbios_family_c64p_Cache_block__I)
                  c33e5c60    000001c0                   : BIOS.obj (.text:ti_sysbios_family_c64p_Exception_decodeMpfsr__I)
                  c33e5e20    000001c0                   : BIOS.obj (.text:ti_sysbios_knl_Task_exit__E)
                  c33e5fe0    000001c0                   : BIOS.obj (.text:ti_sysbios_knl_Task_postInit__I)
                  c33e61a0    000001c0     ti.targets.rts6000.ae674 : Text.oe674 (.text:xdc_runtime_Text_putSite__F)
                  c33e6360    000001a0     ti.syslink.ipc.rtos.ae674 : FrameQBufMgr_ShMem.oe674 (.text:FrameQBufMgr_ShMem_setup)
                  c33e6500    000001a0                               : FrameQBufMgr.oe674 (.text:FrameQBufMgr_delete)
                  c33e66a0    000001a0                               : RingIOShm.oe674 (.text:RingIOShm_flush)
                  c33e6840    000001a0                               : RingIOShm.oe674 (.text:RingIOShm_release)
                  c33e69e0    000001a0                               : RingIO.oe674 (.text:RingIO_openByAddr)
                  c33e6b80    000001a0     ipc.ae674 : Ipc.obj (.text:ti_sdo_ipc_notifyDrivers_NotifyDriverShm_registerEvent__E)
                  c33e6d20    000001a0               : Ipc.obj (.text:ti_sdo_ipc_notifyDrivers_NotifyDriverShm_unregisterEvent__E)
                  c33e6ec0    000001a0               : Ipc.obj (.text:ti_sdo_utils_NameServer_Instance_init__F)
                  c33e7060    000001a0     sysbios.ae674 : BIOS.obj (.text:ti_sysbios_timers_timer64_Timer_start__E)
                  c33e7200    000001a0     ti.targets.rts6000.ae674 : LoggerBuf.oe674 (.text:xdc_runtime_LoggerBuf_write4__F)
                  c33e73a0    00000180     ipc.ae674 : Ipc.obj (.text:NameServer_getHandle)
                  c33e7520    00000180     Platform.lib : UART.obj (.text)
                  c33e76a0    00000180     ti.syslink.ipc.rtos.ae674 : RingIO.oe674 (.text:RingIO_setup)
                  c33e7820    00000180     drivers.lib : psc.obj (.text)
                  c33e79a0    00000180     message_heap.oe674 (.text)
                  c33e7b20    00000180     sysbios.ae674 : c64p_Exception_asm.obj (.text)
                  c33e7ca0    00000180     ipc.ae674 : Ipc.obj (.text:ti_sdo_ipc_gates_GatePeterson_enter__E)
                  c33e7e20    00000180               : Ipc.obj (.text:ti_sdo_ipc_notifyDrivers_NotifyDriverShm_isr__I)
                  c33e7fa0    00000180     sysbios.ae674 : BIOS.obj (.text:ti_sysbios_heaps_HeapMem_alloc__E)
                  c33e8120    00000180                   : BIOS.obj (.text:ti_sysbios_knl_Swi_schedule__I)
                  c33e82a0    00000180                   : BIOS.obj (.text:ti_sysbios_knl_Task_setPri__E)
                  c33e8420    00000160     ti.syslink.ipc.rtos.ae674 : ClientNotifyMgr.oe674 (.text:ClientNotifyMgr_waitOnMultiSubEntryNotify)
                  c33e8580    00000160                               : FrameQBufMgr_ShMem.oe674 (.text:FrameQBufMgr_ShMem_invalidate)
                  c33e86e0    00000160                               : FrameQBufMgr_ShMem.oe674 (.text:FrameQBufMgr_ShMem_writeBack)
                  c33e8840    00000160                               : FrameQ_ShMem.oe674 (.text:FrameQ_ShMem_setup)
                  c33e89a0    00000160                               : FrameQ.oe674 (.text:FrameQ_destroy)
                  c33e8b00    00000160                               : RingIOShm.oe674 (.text:RingIOShm_unregisterNotifier)
                  c33e8c60    00000160                               : _Syslink.oe674 (.text:SysLink_setup)
                  c33e8dc0    00000160                               : RingIOShm.oe674 (.text:_RingIOShm_create)
                  c33e8f20    00000160     ipc.ae674 : Ipc.obj (.text:ti_sdo_ipc_GateMP_openRegion0Reserved__F)
                  c33e9080    00000160               : Ipc.obj (.text:ti_sdo_ipc_ListMP_Instance_finalize__F)
                  c33e91e0    00000160               : Ipc.obj (.text:ti_sdo_ipc_Notify_Instance_init__F)
                  c33e9340    00000160               : Ipc.obj (.text:ti_sdo_ipc_heaps_HeapMemMP_Instance_finalize__F)
                  c33e94a0    00000160               : Ipc.obj (.text:ti_sdo_utils_NameServer_removeLocal__I)
                  c33e9600    00000160     sysbios.ae674 : BIOS.obj (.text:ti_sysbios_knl_Task_schedule__I)
                  c33e9760    00000160                   : BIOS.obj (.text:ti_sysbios_knl_Task_startCore__E)
                  c33e98c0    00000140     ipc.ae674 : Ipc.obj (.text:HeapMemMP_openByAddr)
                  c33e9a00    00000140               : Ipc.obj (.text:MessageQ_put)
                  c33e9b40    00000140               : Ipc.obj (.text:Notify_registerEvent)
                  c33e9c80    00000140     boot.ae674 : autoinit.oe674 (.text:_auto_init_elf)
                  c33e9dc0    00000140     ring_buffer.oe674 (.text)
                  c33e9f00    00000140     ipc.ae674 : Ipc.obj (.text:ti_sdo_ipc_SharedRegion_start__F)
                  c33ea040    00000140               : Ipc.obj (.text:ti_sdo_ipc_notifyDrivers_NotifyDriverShm_disableEvent__E)
                  c33ea180    00000140               : Ipc.obj (.text:ti_sdo_ipc_transports_TransportShm_openByAddr__F)
                  c33ea2c0    00000140               : Ipc.obj (.text:ti_sdo_ipc_transports_TransportShm_put__E)
                  c33ea400    00000140     sysbios.ae674 : BIOS.obj (.text:ti_sysbios_heaps_HeapMem_free__E)
                  c33ea540    00000140                   : BIOS.obj (.text:ti_sysbios_knl_Task_Module_startup__F)
                  c33ea680    00000140                   : BIOS.obj (.text:ti_sysbios_knl_Task_sleep__E)
                  c33ea7c0    00000140     ti.targets.rts6000.ae674 : Text.oe674 (.text:xdc_runtime_Text_putLab__F)
                  c33ea900    00000120     ti.syslink.ipc.rtos.ae674 : FrameQBufMgr_ShMem.oe674 (.text:FrameQBufMgr_ShMem_getvNumFreeFrames)
                  c33eaa20    00000120                               : FrameQBufMgr_ShMem.oe674 (.text:FrameQBufMgr_ShMem_open)
                  c33eab40    00000120     ipc.ae674 : Ipc.obj (.text:HeapMemMP_sharedMemReq)
                  c33eac60    00000120     ti.syslink.ipc.rtos.ae674 : RingIOShm.oe674 (.text:RingIOShm_setNotifyType)
                  c33ead80    00000120                               : RingIOShm.oe674 (.text:_RingIOShm_getContiguousDataSize)
                  c33eaea0    00000120                               : RingIOShm.oe674 (.text:_RingIOShm_getFirstAttr)
                  c33eafc0    00000120                               : RingIOShm.oe674 (.text:_RingIOShm_releaseAttribute)
                  c33eb0e0    00000120     mathlib.ae674 : cossp.obj (.text:optasm)
                  c33eb200    00000120                   : sinsp.obj (.text:optasm)
                  c33eb320    00000120     ipc.ae674 : Ipc.obj (.text:ti_sdo_ipc_MessageQ_Module_startup__F)
                  c33eb440    00000120               : Ipc.obj (.text:ti_sdo_ipc_transports_TransportShm_sharedMemReq__F)
                  c33eb560    00000120     sysbios.ae674 : BIOS.obj (.text:ti_sysbios_family_c64p_Exception_Module_startup__F)
                  c33eb680    00000120                   : BIOS.obj (.text:ti_sysbios_knl_Clock_workFunc__E)
                  c33eb7a0    00000120     ti.targets.rts6000.ae674 : LoggerBuf.oe674 (.text:xdc_runtime_LoggerBuf_setFilterLevel__F)
                  c33eb8c0    00000120                              : Text.oe674 (.text:xdc_runtime_Text_putMod__F)
                  c33eb9e0    00000100     ti.syslink.ipc.rtos.ae674 : ClientNotifyMgr.oe674 (.text:ClientNotifyMgr_swiFxn)
                  c33ebae0    00000100                               : FrameQBufMgr_ShMem.oe674 (.text:FrameQBufMgr_Shmem_updateCacheFlags)
                  c33ebbe0    00000100                               : FrameQBufMgr.oe674 (.text:FrameQBufMgr_destroy)
                  c33ebce0    00000100     ipc.ae674 : Ipc.obj (.text:ListMP_sharedMemReq)
                  c33ebde0    00000100               : Ipc.obj (.text:Notify_registerEventSingle)
                  c33ebee0    00000100               : Ipc.obj (.text:Notify_sendEvent)
                  c33ebfe0    00000100               : Ipc.obj (.text:Notify_unregisterEventSingle)
                  c33ec0e0    00000100     ti.syslink.ipc.rtos.ae674 : RingIOShm.oe674 (.text:RingIOShm_sendNotify)
                  c33ec1e0    00000100                               : RingIOShm.oe674 (.text:RingIOShm_setNotifyId)
                  c33ec2e0    00000100                               : RingIO.oe674 (.text:RingIO_close)
                  c33ec3e0    00000100                               : FrameQ_ShMem.oe674 (.text:_FrameQ_ShMem_resetNotifyId)
                  c33ec4e0    00000100                               : FrameQ_ShMem.oe674 (.text:_FrameQ_ShMem_setNotifyId)
                  c33ec5e0    00000100     ipc.ae674 : Ipc.obj (.text:ti_sdo_ipc_GateMP_start__F)
                  c33ec6e0    00000100               : Ipc.obj (.text:ti_sdo_ipc_MessageQ_Instance_finalize__F)
                  c33ec7e0    00000100     dsp_pe674.oe674 (.text:ti_sdo_ipc_MessageQ_Object__create__S)
                  c33ec8e0    00000100     ipc.ae674 : Ipc.obj (.text:ti_sdo_ipc_Notify_Instance_finalize__F)
                  c33ec9e0    00000100     dsp_pe674.oe674 (.text:ti_sdo_ipc_Notify_Object__create__S)
                  c33ecae0    00000100     ipc.ae674 : Ipc.obj (.text:ti_sdo_ipc_SharedRegion_attach__F)
                  c33ecbe0    00000100               : Ipc.obj (.text:ti_sdo_ipc_SharedRegion_clearReservedMemory__F)
                  c33ecce0    00000100     dsp_pe674.oe674 (.text:ti_sdo_ipc_gates_GatePeterson_Object__create__S)
                  c33ecde0    00000100     ipc.ae674 : Ipc.obj (.text:ti_sdo_ipc_nsremote_NameServerRemoteNotify_Instance_finalize__F)
                  c33ecee0    00000100     dsp_pe674.oe674 (.text:ti_sdo_ipc_nsremote_NameServerRemoteNotify_Object__create__S)
                  c33ecfe0    00000100     ipc.ae674 : Ipc.obj (.text:ti_sdo_ipc_transports_TransportShmSetup_attach__E)
                  c33ed0e0    00000100     dsp_pe674.oe674 (.text:ti_sdo_ipc_transports_TransportShm_Object__create__S)
                  c33ed1e0    00000100     dsp_pe674.oe674 (.text:ti_sdo_utils_NameServer_Object__create__S)
                  c33ed2e0    00000100     ipc.ae674 : Ipc.obj (.text:ti_sdo_utils_NameServer_findLocal__I)
                  c33ed3e0    00000100     sysbios.ae674 : BIOS.obj (.text:ti_sysbios_family_c64p_Hwi_Module_startup__F)
                  c33ed4e0    00000100     dsp_pe674.oe674 (.text:ti_sysbios_family_c64p_Hwi_Object__create__S)
                  c33ed5e0    00000100     sysbios.ae674 : BIOS.obj (.text:ti_sysbios_family_c64p_Hwi_dispatchC__I)
                  c33ed6e0    00000100                   : BIOS.obj (.text:ti_sysbios_gates_GateMutexPri_leave__E)
                  c33ed7e0    00000100     dsp_pe674.oe674 (.text:ti_sysbios_hal_Hwi_Object__create__S)
                  c33ed8e0    00000100     sysbios.ae674 : BIOS.obj (.text:ti_sysbios_knl_Clock_startI__E)
                  c33ed9e0    00000100                   : BIOS.obj (.text:ti_sysbios_knl_Semaphore_post__E)
                  c33edae0    00000100     dsp_pe674.oe674 (.text:ti_sysbios_knl_Swi_Object__create__S)
                  c33edbe0    00000100     sysbios.ae674 : BIOS.obj (.text:ti_sysbios_knl_Swi_restoreHwi__E)
                  c33edce0    00000100     dsp_pe674.oe674 (.text:ti_sysbios_knl_Task_Object__create__S)
                  c33edde0    00000100     sysbios.ae674 : BIOS.obj (.text:ti_sysbios_timers_timer64_Timer_initDevice__I)
                  c33edee0    00000100     ti.targets.rts6000.ae674 : Core-mem.oe674 (.text:xdc_runtime_Core_deleteObject__I)
                  c33edfe0    00000100                              : LoggerBuf.oe674 (.text:xdc_runtime_LoggerBuf_getFilterLevel__F)
                  c33ee0e0    00000100                              : Startup.oe674 (.text:xdc_runtime_Startup_exec__F)
                  c33ee1e0    00000100                              : Text.oe674 (.text:xdc_runtime_Text_visitRope2__I)
                  c33ee2e0    000000e0     ti.syslink.ipc.rtos.ae674 : ClientNotifyMgr.oe674 (.text:ClientNotifyMgr_cbFxn)
                  c33ee3c0    000000e0                               : ClientNotifyMgr.oe674 (.text:ClientNotifyMgr_disableNotification)
                  c33ee4a0    000000e0                               : ClientNotifyMgr.oe674 (.text:ClientNotifyMgr_enableNotification)
                  c33ee580    000000e0                               : ClientNotifyMgr.oe674 (.text:ClientNotifyMgr_thFxn)
                  c33ee660    000000e0                               : FrameQBufMgr.oe674 (.text:FrameQBufMgr_getHandle)
                  c33ee740    000000e0                               : FrameQBufMgr.oe674 (.text:FrameQBufMgr_getInstNo)
                  c33ee820    000000e0                               : FrameQ_ShMem.oe674 (.text:FrameQ_ShMem_open)
                  c33ee900    000000e0     ipc.ae674 : Ipc.obj (.text:MessageQ_get)
                  c33ee9e0    000000e0               : Ipc.obj (.text:NameServer_getLocal)
                  c33eeac0    000000e0     Platform.lib : UARTConsole.obj (.text)
                  c33eeba0    000000e0     ti.syslink.ipc.rtos.ae674 : RingIOShm.oe674 (.text:RingIOShm_setup)
                  c33eec80    000000e0                               : RingIO.oe674 (.text:RingIO_destroy)
                  c33eed60    000000e0                               : SharedMemoryMgr.oe674 (.text:SyslinkMemMgr_SharedMemory_translate)
                  c33eee40    000000e0                               : RingIOShm.oe674 (.text:_RingIOShm_initInstance)
                  c33eef20    000000e0     rts6740_elf.lib : memset.obj (.text:memset)
                  c33ef000    000000e0     dsp_pe674.oe674 (.text:ti_sdo_ipc_GateMP_Object__create__S)
                  c33ef0e0    000000e0     ipc.ae674 : Ipc.obj (.text:ti_sdo_ipc_Ipc_getMasterAddr__I)
                  c33ef1c0    000000e0               : Ipc.obj (.text:ti_sdo_ipc_Ipc_getSlaveAddr__I)
                  c33ef2a0    000000e0     dsp_pe674.oe674 (.text:ti_sdo_ipc_ListMP_Object__create__S)
                  c33ef380    000000e0     ipc.ae674 : Ipc.obj (.text:ti_sdo_ipc_MessageQ_grow__I)
                  c33ef460    000000e0               : Ipc.obj (.text:ti_sdo_ipc_Notify_detach__F)
                  c33ef540    000000e0               : Ipc.obj (.text:ti_sdo_ipc_SharedRegion_reserveMemory__F)
                  c33ef620    000000e0               : Ipc.obj (.text:ti_sdo_ipc_SharedRegion_stop__F)
                  c33ef700    000000e0               : Ipc.obj (.text:ti_sdo_ipc_gates_GatePeterson_sharedMemReq__E)
                  c33ef7e0    000000e0     dsp_pe674.oe674 (.text:ti_sdo_ipc_heaps_HeapMemMP_Object__create__S)
                  c33ef8c0    000000e0     dsp_pe674.oe674 (.text:ti_sdo_ipc_notifyDrivers_NotifyDriverShm_Object__create__S)
                  c33ef9a0    000000e0     ipc.ae674 : Ipc.obj (.text:ti_sdo_utils_NameServer_Module_startup__F)
                  c33efa80    000000e0     sysbios.ae674 : BIOS.obj (.text:ti_sysbios_family_c64p_Cache_Module_startup__F)
                  c33efb60    000000e0                   : BIOS.obj (.text:ti_sysbios_family_c64p_Hwi_Instance_finalize__F)
                  c33efc40    000000e0                   : BIOS.obj (.text:ti_sysbios_family_c64p_Hwi_Instance_init__F)
                  c33efd20    000000e0                   : BIOS.obj (.text:ti_sysbios_knl_Task_unblockI__E)
                  c33efe00    000000e0     dsp_pe674.oe674 (.text:ti_sysbios_syncs_SyncSem_Object__create__S)
                  c33efee0    000000e0     ti.targets.rts6000.ae674 : Error.oe674 (.text:xdc_runtime_Error_print__F)
                  c33effc0    000000e0     dsp_pe674.oe674 (.text:xdc_runtime_LoggerBuf_Object__create__S)
                  c33f00a0    000000e0     ti.targets.rts6000.ae674 : Memory.oe674 (.text:xdc_runtime_Memory_alloc__F)
                  c33f0180    000000e0     dsp_pe674.oe674 (.text:xdc_runtime_knl_GateThread_Object__create__S)
                  c33f0260    000000c0     ti.syslink.ipc.rtos.ae674 : ClientNotifyMgr.oe674 (.text:ClientNotifyMgr_sharedMemReq)
                  c33f0320    000000c0                               : FrameQBufMgr_ShMem.oe674 (.text:FrameQBufMgr_ShMem_destroy)
                  c33f03e0    000000c0                               : FrameQ_ShMem.oe674 (.text:FrameQ_Shmem_updateCacheFlags)
                  c33f04a0    000000c0     rts6740_elf.lib : trgdrv.obj (.text:HOSTwrite)
                  c33f0560    000000c0     ipc.ae674 : Ipc.obj (.text:HeapMemMP_create)
                  c33f0620    000000c0               : Ipc.obj (.text:Ipc_stop)
                  c33f06e0    000000c0               : Ipc.obj (.text:ListMP_create)
                  c33f07a0    000000c0               : Ipc.obj (.text:MessageQ_create2)
                  c33f0860    000000c0               : Ipc.obj (.text:MultiProc_getId)
                  c33f0920    000000c0               : Ipc.obj (.text:NameServer_create)
                  c33f09e0    000000c0     ti.syslink.ipc.rtos.ae674 : RingIOShm.oe674 (.text:RingIOShm_resetNotifyId)
                  c33f0aa0    000000c0     ipc.ae674 : Ipc.obj (.text:SharedRegion_getId)
                  c33f0b60    000000c0     ti.syslink.ipc.rtos.ae674 : SyslinkMemMgr.oe674 (.text:SyslinkMemMgr_delete)
                  c33f0c20    000000c0                               : RingIOShm.oe674 (.text:_RingIOShm_getFirstAcquiredAttr)
                  c33f0ce0    000000c0     rts6740_elf.lib : dtor_list.obj (.text:_Z11__TI_atexitPFYvPvES_S_)
                  c33f0da0    000000c0                     : dtor_list.obj (.text:__cxa_finalize)
                  c33f0e60    000000c0                     : divu.obj (.text:__divu)
                  c33f0f20    000000c0                     : exit.obj (.text:exit)
                  c33f0fe0    000000c0     ipc.ae674 : Ipc.obj (.text:ti_sdo_ipc_GateMP_attach__F)
                  c33f10a0    000000c0               : Ipc.obj (.text:ti_sdo_ipc_ListMP_elemClear__I)
                  c33f1160    000000c0               : Ipc.obj (.text:ti_sdo_ipc_Notify_execMany__I)
                  c33f1220    000000c0               : Ipc.obj (.text:ti_sdo_ipc_SharedRegion_detach__F)
                  c33f12e0    000000c0               : Ipc.obj (.text:ti_sdo_ipc_family_da830_InterruptDsp_intRegister__E)
                  c33f13a0    000000c0               : Ipc.obj (.text:ti_sdo_ipc_gates_GatePeterson_postInit__I)
                  c33f1460    000000c0               : Ipc.obj (.text:ti_sdo_ipc_nsremote_NameServerRemoteNotify_attach__E)
                  c33f1520    000000c0               : Ipc.obj (.text:ti_sdo_utils_NameServer_postInit__I)
                  c33f15e0    000000c0     sysbios.ae674 : BIOS.obj (.text:ti_sysbios_heaps_HeapMem_getStats__E)
                  c33f16a0    000000c0                   : BIOS.obj (.text:ti_sysbios_knl_Swi_Instance_init__F)
                  c33f1760    000000c0                   : BIOS.obj (.text:ti_sysbios_knl_Swi_run__I)
                  c33f1820    000000c0                   : BIOS.obj (.text:ti_sysbios_knl_Task_allBlockedFunction__I)
                  c33f18e0    000000c0                   : BIOS.obj (.text:ti_sysbios_syncs_SyncSem_Instance_init__F)
                  c33f19a0    000000c0                   : BIOS.obj (.text:ti_sysbios_timers_timer64_Timer_startup__E)
                  c33f1a60    000000c0     ti.targets.rts6000.ae674 : LoggerBuf.oe674 (.text:xdc_runtime_LoggerBuf_Instance_init__F)
                  c33f1b20    000000c0     dsp_pe674.oe674 (.text:xdc_runtime_Registry_findById__E)
                  c33f1be0    000000c0     ti.targets.rts6000.ae674 : System.oe674 (.text:xdc_runtime_System_formatNum__I)
                  c33f1ca0    000000a0     ti.syslink.ipc.rtos.ae674 : FrameQBufMgr_ShMem.oe674 (.text:FrameQBufMgr_ShMem_getNumFreeFrames)
                  c33f1d40    000000a0                               : FrameQBufMgr_ShMem.oe674 (.text:FrameQBufMgr_ShMem_registerNotifier)
                  c33f1de0    000000a0                               : FrameQBufMgr_ShMem.oe674 (.text:FrameQBufMgr_ShMem_translateAddr)
                  c33f1e80    000000a0                               : RingIOShm.oe674 (.text:RingIOShm_getCliNotifyMgrShAddr)
                  c33f1f20    000000a0     ipc.ae674 : Ipc.obj (.text:SharedRegion_getPtr)
                  c33f1fc0    000000a0               : Ipc.obj (.text:SharedRegion_getSRPtr)
                  c33f2060    000000a0     ti.syslink.ipc.rtos.ae674 : RingIOShm.oe674 (.text:_RingIOShm_isOffsetInBetween)
                  c33f2100    000000a0     rts6740_elf.lib : remu.obj (.text:__remu)
                  c33f21a0    000000a0     boot.ae674 : boot.oe674 (.text:_c_int00)
                  c33f2240    000000a0     sysbios.ae674 : c64p_Hwi_asm.obj (.text:_ti_sysbios_family_c64p_Hwi_plug__E)
                  c33f22e0    000000a0     rts6740_elf.lib : memcpy64.obj (.text:memcpy)
                  c33f2380    000000a0     mathlib.ae674 : sqrtsp.obj (.text:optasm)
                  c33f2420    000000a0     ipc.ae674 : Ipc.obj (.text:ti_sdo_ipc_GateMP_detach__F)
                  c33f24c0    000000a0               : Ipc.obj (.text:ti_sdo_ipc_GateMP_getRegion0ReservedSize__F)
                  c33f2560    000000a0               : Ipc.obj (.text:ti_sdo_ipc_GateMP_stop__F)
                  c33f2600    000000a0               : Ipc.obj (.text:ti_sdo_ipc_gates_GatePeterson_leave__E)
                  c33f26a0    000000a0               : Ipc.obj (.text:ti_sdo_ipc_notifyDrivers_NotifyDriverShm_Instance_finalize__F)
                  c33f2740    000000a0               : Ipc.obj (.text:ti_sdo_ipc_transports_TransportShmSetup_detach__E)
                  c33f27e0    000000a0     sysbios.ae674 : BIOS.obj (.text:ti_sysbios_family_c64p_Hwi_eventMap__E)
                  c33f2880    000000a0                   : BIOS.obj (.text:ti_sysbios_family_c64p_Hwi_getStackInfo__E)
                  c33f2920    000000a0                   : BIOS.obj (.text:ti_sysbios_gates_GateMutex_enter__E)
                  c33f29c0    000000a0                   : BIOS.obj (.text:ti_sysbios_heaps_HeapMem_init__I)
                  c33f2a60    000000a0                   : BIOS.obj (.text:ti_sysbios_knl_Clock_Instance_init__F)
                  c33f2b00    000000a0     dsp_pe674.oe674 (.text:ti_sysbios_knl_Clock_Object__create__S)
                  c33f2ba0    000000a0     sysbios.ae674 : BIOS.obj (.text:ti_sysbios_knl_Idle_run__E)
                  c33f2c40    000000a0                   : BIOS.obj (.text:ti_sysbios_knl_Semaphore_pendTimeout__I)
                  c33f2ce0    000000a0                   : BIOS.obj (.text:ti_sysbios_knl_Swi_restore__E)
                  c33f2d80    000000a0                   : BIOS.obj (.text:ti_sysbios_syncs_SyncSem_wait__F)
                  c33f2e20    000000a0                   : BIOS.obj (.text:ti_sysbios_timers_timer64_Timer_stop__E)
                  c33f2ec0    000000a0     ti.targets.rts6000.ae674 : Assert.oe674 (.text:xdc_runtime_Assert_raise__I)
                  c33f2f60    000000a0                              : LoggerBuf.oe674 (.text:xdc_runtime_LoggerBuf_Module_startup__F)
                  c33f3000    000000a0                              : SysMin.oe674 (.text:xdc_runtime_SysMin_abort__F)
                  c33f30a0    000000a0                              : SysMin.oe674 (.text:xdc_runtime_SysMin_flush__F)
                  c33f3140    000000a0                              : SysMin.oe674 (.text:xdc_runtime_SysMin_putch__F)
                  c33f31e0    000000a0                              : Text.oe674 (.text:xdc_runtime_Text_xprintf__I)
                  c33f3280    00000080     ti.syslink.ipc.rtos.ae674 : FrameQBufMgr_ShMem.oe674 (.text:FrameQBufMgr_ShMem_invalidateHeaderBuf)
                  c33f3300    00000080                               : FrameQBufMgr.oe674 (.text:FrameQBufMgr_freeInstNo)
                  c33f3380    00000080                               : FrameQ_ShMem.oe674 (.text:FrameQ_ShMem_destroy)
                  c33f3400    00000080     ipc.ae674 : Ipc.obj (.text:GateMP_close)
                  c33f3480    00000080               : Ipc.obj (.text:GateMP_create)
                  c33f3500    00000080               : Ipc.obj (.text:HeapMemMP_restore)
                  c33f3580    00000080               : Ipc.obj (.text:MessageQ_alloc)
                  c33f3600    00000080               : Ipc.obj (.text:MessageQ_free)
                  c33f3680    00000080     ti.syslink.ipc.rtos.ae674 : RingIOShm.oe674 (.text:RingIOShm_getAcquiredOffset)
                  c33f3700    00000080                               : RingIOShm.oe674 (.text:RingIOShm_getAcquiredSize)
                  c33f3780    00000080                               : RingIOShm.oe674 (.text:RingIOShm_getEmptyAttrSize)
                  c33f3800    00000080                               : RingIOShm.oe674 (.text:RingIOShm_getEmptySize)
                  c33f3880    00000080                               : RingIOShm.oe674 (.text:RingIOShm_getValidAttrSize)
                  c33f3900    00000080                               : RingIOShm.oe674 (.text:RingIOShm_getValidSize)
                  c33f3980    00000080                               : RingIOShm.oe674 (.text:RingIOShm_getWaterMark)
                  c33f3a00    00000080                               : RingIOShm.oe674 (.text:RingIOShm_setWaterMark)
                  c33f3a80    00000080     ipc.ae674 : Ipc.obj (.text:SharedRegion_getEntry)
                  c33f3b00    00000080     ti.syslink.ipc.rtos.ae674 : SharedMemoryMgr.oe674 (.text:SyslinkMemMgr_SharedMemory_delete)
                  c33f3b80    00000080                               : TilerMemoryMgr.oe674 (.text:SyslinkMemMgr_TilerMemory_delete)
                  c33f3c00    00000080     rts6740_elf.lib : llshift.obj (.text:__c6xabi_llshl)
                  c33f3c80    00000080     sysbios.ae674 : c62_TaskSupport_asm.obj (.text:_ti_sysbios_family_c62_TaskSupport_swap__E)
                  c33f3d00    00000080     dsp_pe674.oe674 (.text:malloc)
                  c33f3d80    00000080     rts6740_elf.lib : trgmsg.obj (.text:readmsg)
                  c33f3e00    00000080     ipc.ae674 : Ipc.obj (.text:ti_sdo_ipc_Notify_Module_startup__F)
                  c33f3e80    00000080               : Ipc.obj (.text:ti_sdo_ipc_family_da830_NotifySetup_sharedMemReq__E)
                  c33f3f00    00000080     dsp_pe674.oe674 (.text:ti_sdo_ipc_gates_GateMPSupportNull_Object__create__S)
                  c33f3f80    00000080     ipc.ae674 : Ipc.obj (.text:ti_sdo_ipc_notifyDrivers_NotifyDriverShm_sharedMemReq__F)
                  c33f4000    00000080               : Ipc.obj (.text:ti_sdo_ipc_nsremote_NameServerRemoteNotify_detach__E)
                  c33f4080    00000080               : Ipc.obj (.text:ti_sdo_ipc_transports_TransportShm_swiFxn__I)
                  c33f4100    00000080     dsp_pe674.oe674 (.text:ti_sdo_utils_List_Object__create__S)
                  c33f4180    00000080     sysbios.ae674 : BIOS.obj (.text:ti_sysbios_BIOS_errorRaiseHook__I)
                  c33f4200    00000080     dsp_pe674.oe674 (.text:ti_sysbios_BIOS_exitFunc__I)
                  c33f4280    00000080     dsp_pe674.oe674 (.text:ti_sysbios_gates_GateAll_Object__create__S)
                  c33f4300    00000080     dsp_pe674.oe674 (.text:ti_sysbios_gates_GateHwi_Object__create__S)
                  c33f4380    00000080     dsp_pe674.oe674 (.text:ti_sysbios_gates_GateMutexPri_Object__create__S)
                  c33f4400    00000080     dsp_pe674.oe674 (.text:ti_sysbios_gates_GateMutex_Object__create__S)
                  c33f4480    00000080     dsp_pe674.oe674 (.text:ti_sysbios_gates_GateSwi_Object__create__S)
                  c33f4500    00000080     sysbios.ae674 : BIOS.obj (.text:ti_sysbios_hal_Hwi_checkStack:ti_sysbios_hal_Hwi_checkStack)
                  c33f4580    00000080                   : BIOS.obj (.text:ti_sysbios_hal_Hwi_initStack:ti_sysbios_hal_Hwi_initStack)
                  c33f4600    00000080                   : BIOS.obj (.text:ti_sysbios_heaps_HeapMem_Instance_init__F)
                  c33f4680    00000080     dsp_pe674.oe674 (.text:ti_sysbios_heaps_HeapMem_Object__create__S)
                  c33f4700    00000080     sysbios.ae674 : BIOS.obj (.text:ti_sysbios_knl_Clock_Module_startup__F)
                  c33f4780    00000080     dsp_pe674.oe674 (.text:ti_sysbios_knl_Clock_doTick__I)
                  c33f4800    00000080     sysbios.ae674 : BIOS.obj (.text:ti_sysbios_knl_Clock_getTicks__E)
                  c33f4880    00000080     dsp_pe674.oe674 (.text:ti_sysbios_knl_Queue_Object__create__S)
                  c33f4900    00000080     dsp_pe674.oe674 (.text:ti_sysbios_knl_Semaphore_Object__create__S)
                  c33f4980    00000080     sysbios.ae674 : BIOS.obj (.text:ti_sysbios_knl_Swi_post__E)
                  c33f4a00    00000080                   : BIOS.obj (.text:ti_sysbios_knl_Task_processVitalTaskFlag__I)
                  c33f4a80    00000080                   : BIOS.obj (.text:ti_sysbios_knl_Task_restoreHwi__E)
                  c33f4b00    00000080                   : BIOS.obj (.text:ti_sysbios_knl_Task_restore__E)
                  c33f4b80    00000080                   : BIOS.obj (.text:ti_sysbios_knl_Task_yield__E)
                  c33f4c00    00000080                   : BIOS.obj (.text:ti_sysbios_timers_timer64_Timer_getExpiredCounts__E)
                  c33f4c80    00000080                   : BIOS.obj (.text:ti_sysbios_timers_timer64_Timer_getPeriod__E)
                  c33f4d00    00000080     dsp_pe674.oe674 (.text:ti_sysbios_xdcruntime_GateThreadSupport_Object__create__S)
                  c33f4d80    00000080     ti.targets.rts6000.ae674 : Core-label.oe674 (.text:xdc_runtime_Core_assignLabel__I)
                  c33f4e00    00000080                              : Core-params.oe674 (.text:xdc_runtime_Core_assignParams__I)
                  c33f4e80    00000080                              : LoggerBuf.oe674 (.text:xdc_runtime_LoggerBuf_filterOutEvent__I)
                  c33f4f00    00000080                              : System.oe674 (.text:xdc_runtime_System_atexit__F)
                  c33f4f80    00000080                              : System.oe674 (.text:xdc_runtime_System_putchar__I)
                  c33f5000    00000080                              : System.oe674 (.text:xdc_runtime_System_rtsExit__I)
                  c33f5080    00000080                              : Text.oe674 (.text:xdc_runtime_Text_printVisFxn__I)
                  c33f5100    00000060     ti.syslink.ipc.rtos.ae674 : ClientNotifyMgr.oe674 (.text:ClientNotifyMgr_Params_init)
                  c33f5160    00000060                               : ClientNotifyMgr.oe674 (.text:ClientNotifyMgr_callBack)
                  c33f51c0    00000060                               : ClientNotifyMgr.oe674 (.text:ClientNotifyMgr_getConfig)
                  c33f5220    00000060                               : ClientNotifyMgr.oe674 (.text:ClientNotifyMgr_setNameServer)
                  c33f5280    00000060                               : FrameQBufMgr.oe674 (.text:FrameQBufMgr_Params_init)
                  c33f52e0    00000060                               : FrameQBufMgr_ShMem.oe674 (.text:FrameQBufMgr_ShMem_getConfig)
                  c33f5340    00000060                               : FrameQBufMgr_ShMem.oe674 (.text:FrameQBufMgr_ShMem_invalidateFrameBuf)
                  c33f53a0    00000060                               : FrameQBufMgr_ShMem.oe674 (.text:FrameQBufMgr_ShMem_unregisterNotifier)
                  c33f5400    00000060                               : FrameQBufMgr_ShMem.oe674 (.text:FrameQBufMgr_ShMem_writeBackFrameBuf)
                  c33f5460    00000060                               : FrameQBufMgr_ShMem.oe674 (.text:FrameQBufMgr_ShMem_writeBackHeaderBuf)
                  c33f54c0    00000060                               : FrameQBufMgr.oe674 (.text:FrameQBufMgr_getConfig)
                  c33f5520    00000060                               : FrameQ_ShMem.oe674 (.text:FrameQ_ShMem_alloc)
                  c33f5580    00000060                               : FrameQ_ShMem.oe674 (.text:FrameQ_ShMem_allocv)
                  c33f55e0    00000060                               : FrameQ_ShMem.oe674 (.text:FrameQ_ShMem_freev)
                  c33f5640    00000060                               : FrameQ_ShMem.oe674 (.text:FrameQ_ShMem_getConfig)
                  c33f56a0    00000060     ipc.ae674 : Ipc.obj (.text:GateMP_Params_init)
                  c33f5700    00000060               : Ipc.obj (.text:HeapMemMP_Params_init)
                  c33f5760    00000060               : Ipc.obj (.text:MessageQ_msgInit$4)
                  c33f57c0    00000060               : Ipc.obj (.text:Notify_numIntLines)
                  c33f5820    00000060               : Ipc.obj (.text:Notify_sharedMemReq)
                  c33f5880    00000060     ti.syslink.ipc.rtos.ae674 : RingIOShm.oe674 (.text:RingIOShm_acquire)
                  c33f58e0    00000060                               : RingIOShm.oe674 (.text:RingIOShm_cancel)
                  c33f5940    00000060                               : RingIOShm.oe674 (.text:RingIOShm_setvAttribute)
                  c33f59a0    00000060     ipc.ae674 : Ipc.obj (.text:SharedRegion_getCacheLineSize)
                  c33f5a00    00000060               : Ipc.obj (.text:SharedRegion_getHeap)
                  c33f5a60    00000060               : Ipc.obj (.text:SharedRegion_isCacheEnabled)
                  c33f5ac0    00000060     ti.syslink.ipc.rtos.ae674 : SharedMemoryMgr.oe674 (.text:SyslinkMemMgr_SharedMemory_alloc)
                  c33f5b20    00000060                               : SharedMemoryMgr.oe674 (.text:SyslinkMemMgr_SharedMemory_create)
                  c33f5b80    00000060                               : SharedMemoryMgr.oe674 (.text:SyslinkMemMgr_SharedMemory_free)
                  c33f5be0    00000060                               : TilerMemoryMgr.oe674 (.text:SyslinkMemMgr_TilerMemory_create)
                  c33f5c40    00000060                               : SyslinkMemMgr.oe674 (.text:SyslinkMemMgr_alloc)
                  c33f5ca0    00000060                               : SyslinkMemMgr.oe674 (.text:SyslinkMemMgr_free)
                  c33f5d00    00000060     rts6740_elf.lib : imath64.obj (.text:_subcull)
                  c33f5d60    00000060     dsp_pe674.oe674 (.text:ti_sdo_ipc_GateMP_Object__delete__S)
                  c33f5dc0    00000060     ipc.ae674 : Ipc.obj (.text:ti_sdo_ipc_GateMP_createLocal__F)
                  c33f5e20    00000060               : Ipc.obj (.text:ti_sdo_ipc_Ipc_getRegion0ReservedSize__I)
                  c33f5e80    00000060     dsp_pe674.oe674 (.text:ti_sdo_ipc_ListMP_Object__delete__S)
                  c33f5ee0    00000060     dsp_pe674.oe674 (.text:ti_sdo_ipc_MessageQ_Object__delete__S)
                  c33f5f40    00000060     dsp_pe674.oe674 (.text:ti_sdo_ipc_Notify_Object__delete__S)
                  c33f5fa0    00000060     ipc.ae674 : Ipc.obj (.text:ti_sdo_ipc_gates_GatePeterson_Instance_finalize__F)
                  c33f6000    00000060     dsp_pe674.oe674 (.text:ti_sdo_ipc_gates_GatePeterson_Object__delete__S)
                  c33f6060    00000060     dsp_pe674.oe674 (.text:ti_sdo_ipc_heaps_HeapMemMP_Object__delete__S)
                  c33f60c0    00000060     dsp_pe674.oe674 (.text:ti_sdo_ipc_notifyDrivers_NotifyDriverShm_Object__delete__S)
                  c33f6120    00000060     ipc.ae674 : Ipc.obj (.text:ti_sdo_ipc_notifyDrivers_NotifyDriverShm_enableEvent__E)
                  c33f6180    00000060               : Ipc.obj (.text:ti_sdo_ipc_notifyDrivers_NotifyDriverShm_setNotifyHandle__E)
                  c33f61e0    00000060     dsp_pe674.oe674 (.text:ti_sdo_ipc_nsremote_NameServerRemoteNotify_Object__delete__S)
                  c33f6240    00000060     ipc.ae674 : Ipc.obj (.text:ti_sdo_ipc_transports_TransportShmSetup_sharedMemReq__E)
                  c33f62a0    00000060     dsp_pe674.oe674 (.text:ti_sdo_ipc_transports_TransportShm_Object__delete__S)
                  c33f6300    00000060     dsp_pe674.oe674 (.text:ti_sdo_utils_NameServer_Object__delete__S)
                  c33f6360    00000060     sysbios.ae674 : BIOS.obj (.text:ti_sysbios_BIOS_registerRTSLock__I)
                  c33f63c0    00000060                   : BIOS.obj (.text:ti_sysbios_BIOS_removeRTSLock__I)
                  c33f6420    00000060                   : BIOS.obj (.text:ti_sysbios_BIOS_rtsLock__I)
                  c33f6480    00000060                   : BIOS.obj (.text:ti_sysbios_family_c62_TaskSupport_start__E)
                  c33f64e0    00000060                   : BIOS.obj (.text:ti_sysbios_family_c64p_Cache_all__I)
                  c33f6540    00000060                   : BIOS.obj (.text:ti_sysbios_family_c64p_Cache_marInit__I)
                  c33f65a0    00000060                   : BIOS.obj (.text:ti_sysbios_family_c64p_Cache_setMar__E)
                  c33f6600    00000060                   : BIOS.obj (.text:ti_sysbios_family_c64p_Cache_setSize__E)
                  c33f6660    00000060                   : BIOS.obj (.text:ti_sysbios_family_c64p_Cache_wait__E)
                  c33f66c0    00000060     dsp_pe674.oe674 (.text:ti_sysbios_family_c64p_Hwi_Object__delete__S)
                  c33f6720    00000060     sysbios.ae674 : BIOS.obj (.text:ti_sysbios_gates_GateAll_enter__E)
                  c33f6780    00000060                   : BIOS.obj (.text:ti_sysbios_gates_GateAll_leave__E)
                  c33f67e0    00000060     dsp_pe674.oe674 (.text:ti_sysbios_gates_GateMutexPri_Object__delete__S)
                  c33f6840    00000060     sysbios.ae674 : BIOS.obj (.text:ti_sysbios_gates_GateMutex_Instance_init__F)
                  c33f68a0    00000060     dsp_pe674.oe674 (.text:ti_sysbios_gates_GateMutex_Object__delete__S)
                  c33f6900    00000060     sysbios.ae674 : BIOS.obj (.text:ti_sysbios_hal_Hwi_Instance_init__F)
                  c33f6960    00000060                   : BIOS.obj (.text:ti_sysbios_knl_Clock_setupTimerToSkipTicks__E)
                  c33f69c0    00000060                   : BIOS.obj (.text:ti_sysbios_knl_Semaphore_Instance_init__F)
                  c33f6a20    00000060     dsp_pe674.oe674 (.text:ti_sysbios_knl_Semaphore_Object__delete__S)
                  c33f6a80    00000060     sysbios.ae674 : BIOS.obj (.text:ti_sysbios_knl_Swi_Module_startup__F)
                  c33f6ae0    00000060     dsp_pe674.oe674 (.text:ti_sysbios_knl_Swi_Object__delete__S)
                  c33f6b40    00000060     dsp_pe674.oe674 (.text:ti_sysbios_knl_Task_Object__delete__S)
                  c33f6ba0    00000060     sysbios.ae674 : BIOS.obj (.text:ti_sysbios_knl_Task_enter__I)
                  c33f6c00    00000060                   : BIOS.obj (.text:ti_sysbios_knl_Task_sleepTimeout__I)
                  c33f6c60    00000060     dsp_pe674.oe674 (.text:ti_sysbios_syncs_SyncSem_Object__delete__S)
                  c33f6cc0    00000060     dsp_pe674.oe674 (.text:ti_sysbios_xdcruntime_GateThreadSupport_Object__delete__S)
                  c33f6d20    00000060     ti.syslink.ipc.rtos.ae674 : Syslink.oe674 (.text:ti_syslink_ipc_rtos_Syslink_attach)
                  c33f6d80    00000060     rts6740_elf.lib : trgmsg.obj (.text:writemsg)
                  c33f6de0    00000060     dsp_pe674.oe674 (.text:xdc_runtime_GateNull_Object__create__S)
                  c33f6e40    00000060     dsp_pe674.oe674 (.text:xdc_runtime_LoggerBuf_Object__delete__S)
                  c33f6ea0    00000060     ti.targets.rts6000.ae674 : Memory.oe674 (.text:xdc_runtime_Memory_calloc__F)
                  c33f6f00    00000060                              : Memory.oe674 (.text:xdc_runtime_Memory_valloc__F)
                  c33f6f60    00000060                              : SysMin.oe674 (.text:xdc_runtime_SysMin_Module_startup__F)
                  c33f6fc0    00000060                              : SysMin.oe674 (.text:xdc_runtime_SysMin_exit__F)
                  c33f7020    00000060     dsp_pe674.oe674 (.text:xdc_runtime_SysMin_output__I)
                  c33f7080    00000060     ti.targets.rts6000.ae674 : System.oe674 (.text:xdc_runtime_System_aprintf_va__F)
                  c33f70e0    00000060                              : System.oe674 (.text:xdc_runtime_System_printf_va__F)
                  c33f7140    00000060                              : Text.oe674 (.text:xdc_runtime_Text_cordText__F)
                  c33f71a0    00000060     dsp_pe674.oe674 (.text:xdc_runtime_knl_GateThread_Object__delete__S)
                  c33f7200    00000040     ti.syslink.ipc.rtos.ae674 : FrameQ_ShMem.oe674 (.text:FrameQ_ShMem_dup)
                  c33f7240    00000040                               : FrameQ_ShMem.oe674 (.text:FrameQ_ShMem_free)
                  c33f7280    00000040                               : FrameQ_ShMem.oe674 (.text:FrameQ_ShMem_getNumFreeFrames)
                  c33f72c0    00000040                               : FrameQ_ShMem.oe674 (.text:FrameQ_ShMem_getvNumFreeFrames)
                  c33f7300    00000040                               : FrameQ_ShMem.oe674 (.text:FrameQ_ShMem_sendNotify)
                  c33f7340    00000040                               : FrameQ.oe674 (.text:FrameQ_getConfig)
                  c33f7380    00000040     ipc.ae674 : Ipc.obj (.text:MessageQ_create)
                  c33f73c0    00000040               : Ipc.obj (.text:MessageQ_registerHeap)
                  c33f7400    00000040               : Ipc.obj (.text:MessageQ_unregisterHeap)
                  c33f7440    00000040               : Ipc.obj (.text:Notify_intLineRegistered)
                  c33f7480    00000040     ti.syslink.ipc.rtos.ae674 : RingIOShm.oe674 (.text:RingIOShm_destroy)
                  c33f74c0    00000040                               : RingIOShm.oe674 (.text:RingIOShm_getCliNotifyMgrGateShAddr)
                  c33f7500    00000040                               : RingIOShm.oe674 (.text:RingIOShm_getvAttribute)
                  c33f7540    00000040                               : SharedMemoryMgr.oe674 (.text:SyslinkMemMgr_SharedMemory_Params_init)
                  c33f7580    00000040                               : TilerMemoryMgr.oe674 (.text:SyslinkMemMgr_TilerMemory_Params_init)
                  c33f75c0    00000040                               : RingIOShm.oe674 (.text:_RingIOShm_sendNotification)
                  c33f7600    00000040     rts6740_elf.lib : frcmpyd_div.obj (.text:__c6xabi_frcmpyd_div)
                  c33f7640    00000040                     : llshift.obj (.text:__c6xabi_llshru)
                  c33f7680    00000040                     : strasg.obj (.text:__strasgi_64plus)
                  c33f76c0    00000040                     : args_main.obj (.text:_args_main)
                  c33f7700    00000040     sysbios.ae674 : c62_TaskSupport_asm.obj (.text:_ti_sysbios_family_c62_TaskSupport_buildTaskStack)
                  c33f7740    00000040                   : c64p_Hwi_asm_switch.obj (.text:_ti_sysbios_family_xxx_Hwi_switchToIsrStack)
                  c33f7780    00000040     dsp_pe674.oe674 (.text:free)
                  c33f77c0    00000040     ti.syslink.ipc.rtos.ae674 : FrameQBufMgr_ShMem.oe674 (.text:strcpy)
                  c33f7800    00000040     ipc.ae674 : Ipc.obj (.text:ti_sdo_ipc_MessageQ_registerTransport__F)
                  c33f7840    00000040               : Ipc.obj (.text:ti_sdo_ipc_MessageQ_unregisterTransport__F)
                  c33f7880    00000040               : Ipc.obj (.text:ti_sdo_ipc_Notify_exec__F)
                  c33f78c0    00000040               : Ipc.obj (.text:ti_sdo_ipc_SharedRegion_resetInternalFields__F)
                  c33f7900    00000040               : Ipc.obj (.text:ti_sdo_ipc_family_da830_InterruptDsp_intClear__E)
                  c33f7940    00000040               : Ipc.obj (.text:ti_sdo_ipc_family_da830_InterruptDsp_intSend__E)
                  c33f7980    00000040     dsp_pe674.oe674 (.text:ti_sdo_ipc_gates_GateMPSupportNull_Handle__label__S)
                  c33f79c0    00000040     dsp_pe674.oe674 (.text:ti_sdo_ipc_gates_GateMPSupportNull_Object__delete__S)
                  c33f7a00    00000040     dsp_pe674.oe674 (.text:ti_sdo_ipc_gates_GatePeterson_Handle__label__S)
                  c33f7a40    00000040     dsp_pe674.oe674 (.text:ti_sdo_ipc_heaps_HeapMemMP_Handle__label__S)
                  c33f7a80    00000040     dsp_pe674.oe674 (.text:ti_sdo_ipc_notifyDrivers_NotifyDriverShm_Handle__label__S)
                  c33f7ac0    00000040     dsp_pe674.oe674 (.text:ti_sdo_ipc_nsremote_NameServerRemoteNotify_Handle__label__S)
                  c33f7b00    00000040     ipc.ae674 : Ipc.obj (.text:ti_sdo_ipc_nsremote_NameServerRemoteNotify_sharedMemReq__E)
                  c33f7b40    00000040     dsp_pe674.oe674 (.text:ti_sdo_ipc_transports_TransportShm_Handle__label__S)
                  c33f7b80    00000040     dsp_pe674.oe674 (.text:ti_sdo_utils_List_Object__delete__S)
                  c33f7bc0    00000040     ipc.ae674 : Ipc.obj (.text:ti_sdo_utils_List_get__E)
                  c33f7c00    00000040               : Ipc.obj (.text:ti_sdo_utils_List_putHead__E)
                  c33f7c40    00000040               : Ipc.obj (.text:ti_sdo_utils_List_put__E)
                  c33f7c80    00000040     dsp_pe674.oe674 (.text:ti_sdo_utils_NameServer_Module__startupDone__F)
                  c33f7cc0    00000040     dsp_pe674.oe674 (.text:ti_sdo_utils_NameServer_Object__get__S)
                  c33f7d00    00000040     ipc.ae674 : Ipc.obj (.text:ti_sdo_utils_NameServer_registerRemoteDriver__E)
                  c33f7d40    00000040               : Ipc.obj (.text:ti_sdo_utils_NameServer_unregisterRemoteDriver__E)
                  c33f7d80    00000040     sysbios.ae674 : BIOS.obj (.text:ti_sysbios_BIOS_rtsUnlock__I)
                  c33f7dc0    00000040     dsp_pe674.oe674 (.text:ti_sysbios_BIOS_startFunc__I)
                  c33f7e00    00000040     dsp_pe674.oe674 (.text:ti_sysbios_family_c64p_Hwi_Module__startupDone__F)
                  c33f7e40    00000040     sysbios.ae674 : BIOS.obj (.text:ti_sysbios_family_c64p_Hwi_disableInterrupt__E)
                  c33f7e80    00000040                   : BIOS.obj (.text:ti_sysbios_family_c64p_Hwi_enableInterrupt__E)
                  c33f7ec0    00000040                   : BIOS.obj (.text:ti_sysbios_family_c64p_primus_TimerSupport_enable__E)
                  c33f7f00    00000040     dsp_pe674.oe674 (.text:ti_sysbios_gates_GateAll_Handle__label__S)
                  c33f7f40    00000040     dsp_pe674.oe674 (.text:ti_sysbios_gates_GateAll_Object__delete__S)
                  c33f7f80    00000040     dsp_pe674.oe674 (.text:ti_sysbios_gates_GateHwi_Handle__label__S)
                  c33f7fc0    00000040     dsp_pe674.oe674 (.text:ti_sysbios_gates_GateHwi_Object__delete__S)
                  c33f8000    00000040     dsp_pe674.oe674 (.text:ti_sysbios_gates_GateMutexPri_Handle__label__S)
                  c33f8040    00000040     sysbios.ae674 : BIOS.obj (.text:ti_sysbios_gates_GateMutexPri_Instance_init__F)
                  c33f8080    00000040     dsp_pe674.oe674 (.text:ti_sysbios_gates_GateMutexPri_Object__destruct__S)
                  c33f80c0    00000040     dsp_pe674.oe674 (.text:ti_sysbios_gates_GateMutex_Handle__label__S)
                  c33f8100    00000040     sysbios.ae674 : BIOS.obj (.text:ti_sysbios_gates_GateMutex_leave__E)
                  c33f8140    00000040     dsp_pe674.oe674 (.text:ti_sysbios_gates_GateSwi_Handle__label__S)
                  c33f8180    00000040     dsp_pe674.oe674 (.text:ti_sysbios_gates_GateSwi_Object__delete__S)
                  c33f81c0    00000040     dsp_pe674.oe674 (.text:ti_sysbios_hal_Timer_Module__startupDone__F)
                  c33f8200    00000040     dsp_pe674.oe674 (.text:ti_sysbios_heaps_HeapMem_Handle__label__S)
                  c33f8240    00000040     dsp_pe674.oe674 (.text:ti_sysbios_heaps_HeapMem_Object__delete__S)
                  c33f8280    00000040     dsp_pe674.oe674 (.text:ti_sysbios_heaps_HeapMem_Object__get__S)
                  c33f82c0    00000040     sysbios.ae674 : BIOS.obj (.text:ti_sysbios_knl_Clock_start__E)
                  c33f8300    00000040     dsp_pe674.oe674 (.text:ti_sysbios_knl_Queue_Object__delete__S)
                  c33f8340    00000040     sysbios.ae674 : BIOS.obj (.text:ti_sysbios_knl_Queue_get__E)
                  c33f8380    00000040                   : BIOS.obj (.text:ti_sysbios_knl_Queue_put__E)
                  c33f83c0    00000040     dsp_pe674.oe674 (.text:ti_sysbios_knl_Semaphore_Object__destruct__S)
                  c33f8400    00000040     dsp_pe674.oe674 (.text:ti_sysbios_knl_Swi_Object__destruct__S)
                  c33f8440    00000040     dsp_pe674.oe674 (.text:ti_sysbios_knl_Swi_Object__get__S)
                  c33f8480    00000040     dsp_pe674.oe674 (.text:ti_sysbios_knl_Task_Object__get__S)
                  c33f84c0    00000040     dsp_pe674.oe674 (.text:ti_sysbios_syncs_SyncSem_Handle__label__S)
                  c33f8500    00000040     dsp_pe674.oe674 (.text:ti_sysbios_timers_timer64_Timer_Module__startupDone__F)
                  c33f8540    00000040     sysbios.ae674 : BIOS.obj (.text:ti_sysbios_xdcruntime_GateThreadSupport_Instance_init__F)
                  c33f8580    00000040     ti.syslink.ipc.rtos.ae674 : Syslink.oe674 (.text:ti_syslink_ipc_rtos_Syslink_detach)
                  c33f85c0    00000040     ti.targets.rts6000.ae674 : Error.oe674 (.text:xdc_runtime_Error_check__F)
                  c33f8600    00000040                              : Error.oe674 (.text:xdc_runtime_Error_init__F)
                  c33f8640    00000040     dsp_pe674.oe674 (.text:xdc_runtime_GateNull_Handle__label__S)
                  c33f8680    00000040     dsp_pe674.oe674 (.text:xdc_runtime_GateNull_Object__delete__S)
                  c33f86c0    00000040     dsp_pe674.oe674 (.text:xdc_runtime_LoggerBuf_Handle__label__S)
                  c33f8700    00000040     ti.targets.rts6000.ae674 : LoggerBuf.oe674 (.text:xdc_runtime_LoggerBuf_Instance_finalize__F)
                  c33f8740    00000040     dsp_pe674.oe674 (.text:xdc_runtime_LoggerBuf_Object__get__S)
                  c33f8780    00000040     ti.targets.rts6000.ae674 : LoggerBuf.oe674 (.text:xdc_runtime_LoggerBuf_write0__F)
                  c33f87c0    00000040     dsp_pe674.oe674 (.text:xdc_runtime_LoggerBuf_write8__E)
                  c33f8800    00000040     ti.targets.rts6000.ae674 : Memory.oe674 (.text:xdc_runtime_Memory_free__F)
                  c33f8840    00000040                              : Registry.oe674 (.text:xdc_runtime_Registry_findById__F)
                  c33f8880    00000040                              : System.oe674 (.text:xdc_runtime_System_abort__F)
                  c33f88c0    00000040     dsp_pe674.oe674 (.text:xdc_runtime_System_aprintf__E)
                  c33f8900    00000040     dsp_pe674.oe674 (.text:xdc_runtime_System_printf__E)
                  c33f8940    00000040     ti.targets.rts6000.ae674 : Text.oe674 (.text:xdc_runtime_Text_ropeText__F)
                  c33f8980    00000040     dsp_pe674.oe674 (.text:xdc_runtime_knl_GateThread_Handle__label__S)
                  c33f89c0    00000040     ti.targets.rts6000.ae674 : GateThread.oe674 (.text:xdc_runtime_knl_GateThread_Instance_finalize__F)
                  c33f8a00    00000040                              : GateThread.oe674 (.text:xdc_runtime_knl_GateThread_Instance_init__F)
                  c33f8a40    00000020     ti.syslink.ipc.rtos.ae674 : ClientNotifyMgr.oe674 (.text:ClientNotifyMgr_close)
                  c33f8a60    00000020                               : ClientNotifyMgr.oe674 (.text:ClientNotifyMgr_create)
                  c33f8a80    00000020                               : ClientNotifyMgr.oe674 (.text:ClientNotifyMgr_deleteNameServer)
                  c33f8aa0    00000020                               : FrameQBufMgr_ShMem.oe674 (.text:FrameQBufMgr_ShMem_add)
                  c33f8ac0    00000020                               : FrameQBufMgr_ShMem.oe674 (.text:FrameQBufMgr_ShMem_close)
                  c33f8ae0    00000020                               : FrameQBufMgr_ShMem.oe674 (.text:FrameQBufMgr_ShMem_control)
                  c33f8b00    00000020                               : FrameQBufMgr_ShMem.oe674 (.text:FrameQBufMgr_ShMem_getId)
                  c33f8b20    00000020                               : FrameQBufMgr_ShMem.oe674 (.text:FrameQBufMgr_ShMem_isCacheEnabledForFrameBuf)
                  c33f8b40    00000020                               : FrameQBufMgr_ShMem.oe674 (.text:FrameQBufMgr_ShMem_isCacheEnabledForHeaderBuf)
                  c33f8b60    00000020                               : FrameQBufMgr_ShMem.oe674 (.text:FrameQBufMgr_ShMem_remove)
                  c33f8b80    00000020                               : FrameQBufMgr.oe674 (.text:FrameQBufMgr_alloc)
                  c33f8ba0    00000020                               : FrameQBufMgr.oe674 (.text:FrameQBufMgr_allocv)
                  c33f8bc0    00000020                               : FrameQBufMgr.oe674 (.text:FrameQBufMgr_close)
                  c33f8be0    00000020                               : FrameQBufMgr.oe674 (.text:FrameQBufMgr_dup)
                  c33f8c00    00000020                               : FrameQBufMgr.oe674 (.text:FrameQBufMgr_dupv)
                  c33f8c20    00000020                               : FrameQBufMgr.oe674 (.text:FrameQBufMgr_free)
                  c33f8c40    00000020                               : FrameQBufMgr.oe674 (.text:FrameQBufMgr_freev)
                  c33f8c60    00000020                               : FrameQBufMgr.oe674 (.text:FrameQBufMgr_getBaseHeaderSize)
                  c33f8c80    00000020                               : FrameQBufMgr.oe674 (.text:FrameQBufMgr_getId)
                  c33f8ca0    00000020                               : FrameQBufMgr.oe674 (.text:FrameQBufMgr_getNumFreeFrames)
                  c33f8cc0    00000020                               : FrameQBufMgr.oe674 (.text:FrameQBufMgr_getvNumFreeFrames)
                  c33f8ce0    00000020                               : FrameQBufMgr.oe674 (.text:FrameQBufMgr_invalidateFrameBuf)
                  c33f8d00    00000020                               : FrameQBufMgr.oe674 (.text:FrameQBufMgr_invalidateHeaderBuf)
                  c33f8d20    00000020                               : FrameQBufMgr.oe674 (.text:FrameQBufMgr_isCacheEnabledForFrameBuf)
                  c33f8d40    00000020                               : FrameQBufMgr.oe674 (.text:FrameQBufMgr_isCacheEnabledForHeaderBuf)
                  c33f8d60    00000020                               : FrameQBufMgr.oe674 (.text:FrameQBufMgr_registerNotifier)
                  c33f8d80    00000020                               : FrameQBufMgr.oe674 (.text:FrameQBufMgr_translateAddr)
                  c33f8da0    00000020                               : FrameQBufMgr.oe674 (.text:FrameQBufMgr_unregisterNotifier)
                  c33f8dc0    00000020                               : FrameQBufMgr.oe674 (.text:FrameQBufMgr_writeBackFrameBuf)
                  c33f8de0    00000020                               : FrameQBufMgr.oe674 (.text:FrameQBufMgr_writeBackHeaderBuf)
                  c33f8e00    00000020                               : FrameQ_ShMem.oe674 (.text:FrameQ_ShMem_Params_init)
                  c33f8e20    00000020                               : FrameQ_ShMem.oe674 (.text:FrameQ_ShMem_close)
                  c33f8e40    00000020                               : FrameQ_ShMem.oe674 (.text:FrameQ_ShMem_control)
                  c33f8e60    00000020     ipc.ae674 : Ipc.obj (.text:GateMP_delete)
                  c33f8e80    00000020               : Ipc.obj (.text:GateMP_enter)
                  c33f8ea0    00000020               : Ipc.obj (.text:GateMP_getDefaultRemote)
                  c33f8ec0    00000020               : Ipc.obj (.text:GateMP_getLocalProtect)
                  c33f8ee0    00000020               : Ipc.obj (.text:GateMP_leave)
                  c33f8f00    00000020               : Ipc.obj (.text:ListMP_Params_init)
                  c33f8f20    00000020               : Ipc.obj (.text:ListMP_close)
                  c33f8f40    00000020               : Ipc.obj (.text:ListMP_delete)
                  c33f8f60    00000020               : Ipc.obj (.text:MessageQ_Params_init)
                  c33f8f80    00000020               : Ipc.obj (.text:MessageQ_delete)
                  c33f8fa0    00000020               : Ipc.obj (.text:MultiProc_getNumProcessors)
                  c33f8fc0    00000020               : Ipc.obj (.text:MultiProc_self)
                  c33f8fe0    00000020               : Ipc.obj (.text:NameServer_Params_init)
                  c33f9000    00000020               : Ipc.obj (.text:NameServer_addUInt32)
                  c33f9020    00000020               : Ipc.obj (.text:NameServer_delete)
                  c33f9040    00000020               : Ipc.obj (.text:NameServer_removeEntry)
                  c33f9060    00000020     ti.syslink.ipc.rtos.ae674 : RingIOShm.oe674 (.text:RingIOShm_getAttribute)
                  c33f9080    00000020                               : RingIOShm.oe674 (.text:RingIOShm_getConfig)
                  c33f90a0    00000020                               : RingIOShm.oe674 (.text:RingIOShm_setAttribute)
                  c33f90c0    00000020                               : RingIO.oe674 (.text:RingIO_Params_init)
                  c33f90e0    00000020                               : RingIO.oe674 (.text:RingIO_acquire)
                  c33f9100    00000020                               : RingIO.oe674 (.text:RingIO_getConfig)
                  c33f9120    00000020                               : RingIO.oe674 (.text:RingIO_getEmptySize)
                  c33f9140    00000020                               : RingIO.oe674 (.text:RingIO_getValidSize)
                  c33f9160    00000020                               : RingIO.oe674 (.text:RingIO_release)
                  c33f9180    00000020     ipc.ae674 : Ipc.obj (.text:SharedRegion_invalidSRPtr)
                  c33f91a0    00000020     ti.syslink.ipc.rtos.ae674 : _Syslink.oe674 (.text:SysLink_destroy)
                  c33f91c0    00000020                               : TilerMemoryMgr.oe674 (.text:SyslinkMemMgr_TilerMemory_alloc)
                  c33f91e0    00000020                               : TilerMemoryMgr.oe674 (.text:SyslinkMemMgr_TilerMemory_free)
                  c33f9200    00000020                               : TilerMemoryMgr.oe674 (.text:SyslinkMemMgr_TilerMemory_translate)
                  c33f9220    00000020                               : SyslinkMemMgr.oe674 (.text:SyslinkMemMgr_translate)
                  c33f9240    00000020     utils.lib : uartStdio.obj (.text:UARTGetc)
                  c33f9260    00000020               : uartStdio.obj (.text:UARTPutc)
                  c33f9280    00000020               : uartStdio.obj (.text:UARTStdioInit)
                  c33f92a0    00000020     ti.syslink.ipc.rtos.ae674 : FrameQBufMgr_ShMem.oe674 (.text:_FrameQBufMgr_ShMem_getCliNotifyMgrGateShAddr)
                  c33f92c0    00000020                               : FrameQBufMgr_ShMem.oe674 (.text:_FrameQBufMgr_ShMem_getCliNotifyMgrShAddr)
                  c33f92e0    00000020                               : FrameQBufMgr_ShMem.oe674 (.text:_FrameQBufMgr_ShMem_resetNotifyId)
                  c33f9300    00000020                               : FrameQBufMgr_ShMem.oe674 (.text:_FrameQBufMgr_ShMem_setNotifyId)
                  c33f9320    00000020                               : FrameQ_ShMem.oe674 (.text:_FrameQ_ShMem_getCliNotifyMgrGate)
                  c33f9340    00000020                               : FrameQ_ShMem.oe674 (.text:_FrameQ_ShMem_getCliNotifyMgrGateShAddr)
                  c33f9360    00000020                               : FrameQ_ShMem.oe674 (.text:_FrameQ_ShMem_getCliNotifyMgrHandle)
                  c33f9380    00000020                               : FrameQ_ShMem.oe674 (.text:_FrameQ_ShMem_getCliNotifyMgrShAddr)
                  c33f93a0    00000020     rts6740_elf.lib : dtor_list.obj (.text:__cxa_atexit)
                  c33f93c0    00000020                     : dtor_list.obj (.text:__cxa_ia64_exit)
                  c33f93e0    00000020     ti.targets.rts6000.ae674 : xdc_noinit.oe674 (.text:__xdc__init)
                  c33f9400    00000020     rts6740_elf.lib : _lock.obj (.text:_nop)
[...]
c342bbec   xdc_runtime_LoggerBuf_Module__root__V
c342bbf4   xdc_runtime_LoggerBuf_Module__state__V
c342bbfa   xdc_runtime_Main_Module__root__V
c342bbfc   xdc_runtime_Memory_Module__state__V
c342bc00   xdc_runtime_Registry_Module__root__V
c342bc04   xdc_runtime_Registry_Module__state__V
c342bc0c   xdc_runtime_Startup_Module__state__V
c342bc14   xdc_runtime_SysMin_Module__state__V
c342bc20   xdc_runtime_System_Module__state__V
c342bc2c   xdc_runtime_Text_Module__state__V
c342bc34   xdc_runtime_knl_GateThread_Module__root__V
c342bc40   __xdc__init__addr
c342be90   ti_sdo_utils_NameServer_Object__table__V
c342bf70   FrameQ_ShMem_fxns
c342bfe0   FrameQ_ShMem_module_obj
c342c050   ti_sdo_ipc_SharedRegion_Module_State_0_regions__A
c342c0e0   ti_sysbios_knl_Swi_Module_State_0_readyQ__A
c342c160   ti_sysbios_knl_Task_Module_State_0_readyQ__A
c342c1e0   ti_sysbios_timers_timer64_Timer_Module_State_0_device__A
c342c240   TSK_idle
c342c240   ti_sysbios_knl_Task_Object__table__V
c342c28c   __errno
c342c28c   errno
c342c290   ti_sysbios_timers_timer64_Timer_Object__table__V
c342c320   brev
c342c3a0   ti_sysbios_gates_GateMutex_Object__table__V
c342c3e0   ti_sysbios_knl_Swi_Object__table__V
c342c410   ti_sdo_ipc_Ipc_Module_State_0_procEntry__A
c342c438   xdc_runtime_LoggerBuf_Object__table__V
c342c460   ti_sdo_ipc_MessageQ_Module_State_0_heaps__A
c342c480   ti_sysbios_timers_timer64_Timer_Module_State_0_gctrl__A
c342c4a0   ti_sysbios_timers_timer64_Timer_Module_State_0_handles__A
c342c4c0   ti_sysbios_timers_timer64_Timer_Module_State_0_intFreqs__A
c342c4e0   xdc_runtime_System_Module_State_0_atexitHandlers__A
c342c51c   SyslinkMemMgr_SharedMemory_fxns
c342c538   SyslinkMemMgr_TilerMemory_fxns
c342c558   ti_sysbios_family_c64p_Hwi_Object__table__V
c342c570   ti_sysbios_gates_GateMutexPri_Object__table__V
c342c588   ti_sysbios_heaps_HeapMem_Object__table__V
c342c5a0   ti_sysbios_gates_GateAll_Object__table__V
c342c5b0   SysLink_RingIO_cfgFxns
c342c5bc   _cleanup_ptr
c342c5c0   _dtors_ptr
c342c5c4   __TI_enable_exit_profile_output
c342c5c8   Syslink_RingIO_moduleCfg
c342c5d0   Syslink_RingIOShm_moduleCfg
c342c5d8   ti_sysbios_gates_GateSwi_Object__table__V
c342c5e4   _lock
c342c5e8   _unlock
c342c5f0   ti_sdo_ipc_Notify_Module_State_0_notifyHandles__A
c342c5f8   ti_sdo_ipc_transports_TransportShmSetup_Module_State_0_handles__A
c342c600   ti_sysbios_family_c64p_primus_TimerSupport_Module_State_0_suspSrc__A
c342c608   ti_sysbios_hal_Hwi_Object__table__V
c342c610   ti_sysbios_hal_Timer_Object__table__V
c342c618   ti_sdo_ipc_GateMP_Module_State_0_remoteCustom2Gates__A
c342c620   ti_sdo_ipc_Notify_Module_State_0_notifyHandles_0__A
c342c628   ti_sdo_ipc_Notify_Module_State_0_notifyHandles_1__A
c342c630   ti_sysbios_gates_GateHwi_Object__table__V
c342c638   ti_sysbios_knl_Task_Module_State_0_idleTask__A
c342c640   xdc_runtime_GateNull_Object__table__V
c342c648   xdc_runtime_Text_charTab__A
c342fcec   ti_sdo_ipc_GateMP_E_gateUnavailable__C
c342fcf0   xdc_runtime_Text_nodeTab__A
c3430470   xdc_runtime_Startup_sfxnTab__A
c34304b0   ti_sysbios_knl_Task_Object__PARAMS__C
c34304ec   xdc_runtime_LoggerBuf_Module__FXNS__C
c3430528   ti_sdo_ipc_notifyDrivers_NotifyDriverShm_Module__FXNS__C
c3430560   ti_sdo_ipc_GateMP_Object__PARAMS__C
c3430594   ti_sdo_ipc_notifyDrivers_NotifyDriverShm_Object__PARAMS__C
c34305f8   ti_sdo_ipc_heaps_HeapMemMP_Object__PARAMS__C
c3430628   ti_sysbios_family_c64p_Hwi_Object__PARAMS__C
c3430684   ti_sdo_ipc_ListMP_Object__PARAMS__C
c34306b0   ti_sdo_ipc_gates_GateMPSupportNull_Module__FXNS__C
c34306dc   ti_sdo_ipc_gates_GatePeterson_Module__FXNS__C
c3430708   ti_sdo_utils_NameServer_Object__PARAMS__C
c3430734   ti_sysbios_hal_Hwi_Object__PARAMS__C
c3430760   ti_sdo_ipc_heaps_HeapMemMP_Module__FXNS__C
c3430788   ti_sdo_ipc_nsremote_NameServerRemoteNotify_Module__FXNS__C
c34307b0   ti_sdo_ipc_transports_TransportShm_Module__FXNS__C
c34307d8   ti_sdo_ipc_transports_TransportShm_Object__PARAMS__C
c3430800   ti_sysbios_heaps_HeapMem_Module__FXNS__C
c3430828   ti_sysbios_knl_Swi_Object__PARAMS__C
c3430850   xdc_runtime_LoggerBuf_Object__PARAMS__C
c3430878   ti_sdo_ipc_gates_GateMPSupportNull_Object__PARAMS__C
c343089c   ti_sdo_ipc_gates_GatePeterson_Object__PARAMS__C
c34308c0   ti_sysbios_gates_GateAll_Module__FXNS__C
c34308e4   ti_sysbios_gates_GateHwi_Module__FXNS__C
c3430908   ti_sysbios_gates_GateMutexPri_Module__FXNS__C
c343092c   ti_sysbios_gates_GateMutex_Module__FXNS__C
c3430950   ti_sysbios_gates_GateSwi_Module__FXNS__C
c3430974   ti_sysbios_heaps_HeapMem_Object__PARAMS__C
c3430998   ti_sysbios_knl_Clock_Object__PARAMS__C
c34309bc   ti_sysbios_knl_Semaphore_Object__PARAMS__C
c34309e0   ti_sysbios_syncs_SyncSem_Module__FXNS__C
c3430a04   xdc_runtime_GateNull_Module__FXNS__C
c3430a28   xdc_runtime_knl_GateThread_Module__FXNS__C
c3430a4c   ti_sdo_ipc_GateMP_Object__DESC__C
c3430a6c   ti_sdo_ipc_ListMP_Object__DESC__C
c3430a8c   ti_sdo_ipc_MessageQ_Object__DESC__C
c3430aac   ti_sdo_ipc_MessageQ_Object__PARAMS__C
c3430acc   ti_sdo_ipc_Notify_Object__DESC__C
c3430aec   ti_sdo_ipc_gates_GateMPSupportNull_Object__DESC__C
c3430b0c   ti_sdo_ipc_gates_GatePeterson_Object__DESC__C
c3430b2c   ti_sdo_ipc_heaps_HeapMemMP_Object__DESC__C
c3430b4c   ti_sdo_ipc_notifyDrivers_NotifyDriverShm_Object__DESC__C
c3430b6c   ti_sdo_ipc_nsremote_NameServerRemoteNotify_Object__DESC__C
c3430b8c   ti_sdo_ipc_nsremote_NameServerRemoteNotify_Object__PARAMS__C
c3430bac   ti_sdo_ipc_transports_TransportShm_Object__DESC__C
c3430bcc   ti_sdo_utils_List_Object__DESC__C
c3430bec   ti_sdo_utils_NameServer_Object__DESC__C
c3430c0c   ti_sysbios_family_c64p_Hwi_Object__DESC__C
c3430c2c   ti_sysbios_gates_GateAll_Object__DESC__C
c3430c4c   ti_sysbios_gates_GateHwi_Object__DESC__C
c3430c6c   ti_sysbios_gates_GateMutexPri_Object__DESC__C
c3430c8c   ti_sysbios_gates_GateMutex_Object__DESC__C
c3430cac   ti_sysbios_gates_GateSwi_Object__DESC__C
c3430ccc   ti_sysbios_hal_Hwi_Object__DESC__C
c3430cec   ti_sysbios_heaps_HeapMem_Object__DESC__C
c3430d0c   ti_sysbios_knl_Clock_Object__DESC__C
c3430d2c   ti_sysbios_knl_Queue_Object__DESC__C
c3430d4c   ti_sysbios_knl_Semaphore_Object__DESC__C
c3430d6c   ti_sysbios_knl_Swi_Object__DESC__C
c3430d8c   ti_sysbios_knl_Task_Object__DESC__C
c3430dac   ti_sysbios_syncs_SyncSem_Object__DESC__C
c3430dcc   ti_sysbios_xdcruntime_GateThreadSupport_Object__DESC__C
c3430dec   xdc_runtime_GateNull_Object__DESC__C
c3430e0c   xdc_runtime_LoggerBuf_Object__DESC__C
c3430e2c   ti_sdo_ipc_GateMP_E_localGate__C
c3430e30   xdc_runtime_Startup_sfxnRts__A
c3430e50   xdc_runtime_knl_GateThread_Object__DESC__C
c3430e8c   ti_sdo_ipc_Ipc_E_internal__C
c3430eac   ti_sysbios_syncs_SyncSem_Object__PARAMS__C
c3430ee4   ti_sdo_ipc_Ipc_E_nameFailed__C
c3430f1a   ti_sdo_ipc_GateMP_Module__id__C
c3430f1c   ti_sdo_ipc_Ipc_E_versionMismatch__C
c3430f38   ti_sdo_ipc_Notify_Object__PARAMS__C
c3430f50   ti_sdo_utils_List_Object__PARAMS__C
c3430f68   ti_sysbios_gates_GateAll_Object__PARAMS__C
c3430f80   ti_sysbios_gates_GateHwi_Object__PARAMS__C
c3430f98   ti_sysbios_gates_GateMutexPri_Object__PARAMS__C
c3430fb0   ti_sysbios_gates_GateMutex_Object__PARAMS__C
c3430fc8   ti_sysbios_gates_GateSwi_Object__PARAMS__C
c3430fe0   ti_sysbios_knl_Queue_Object__PARAMS__C
c3430ff8   ti_sysbios_knl_Task_hooks__A
c3431010   ti_sysbios_xdcruntime_GateThreadSupport_Object__PARAMS__C
c3431028   xdc_runtime_GateNull_Object__PARAMS__C
c3431040   xdc_runtime_knl_GateThread_Object__PARAMS__C
c343106e   ti_sdo_ipc_Ipc_generateSlaveDataForHost__C
c3431086   ti_sdo_ipc_Ipc_sr0MemorySetup__C
c343109c   ti_sdo_ipc_Ipc_numUserFxns__C
c34310b4   ti_sdo_ipc_Ipc_procSync__C
c34310cc   ti_sdo_ipc_Ipc_userFxns__C
c34310e4   ti_sdo_ipc_MessageQ_E_indexNotAvailable__C
c34310fc   ti_sdo_ipc_MessageQ_E_maxReached__C
c3431114   ti_sdo_ipc_MessageQ_E_nameFailed__C
c343112c   ti_sdo_ipc_MessageQ_Instance_State_highList__O
c3431142   ti_sdo_ipc_ListMP_Module__id__C
c3431144   ti_sdo_ipc_MessageQ_Instance_State_normalList__O
c3431172   ti_sdo_ipc_MessageQ_Module__id__C
c3431174   ti_sdo_ipc_MessageQ_Object__count__C
c343118a   ti_sdo_ipc_Notify_numLines__C
c343118c   ti_sdo_ipc_MessageQ_Object__heap__C
c34311a2   ti_sdo_ipc_SharedRegion_numEntries__C
c34311a4   ti_sdo_ipc_MessageQ_maxRuntimeEntries__C
c3431214   ti_sdo_ipc_MessageQ_numReservedEntries__C
c3431226   ti_sdo_ipc_SharedRegion_translate__C
c3431242   ti_sdo_ipc_family_da830_NotifySetup_useSecondLine__C
c3431244   ti_sdo_ipc_Notify_Module__gateObj__C
c3431254   ti_sdo_ipc_Notify_Object__heap__C
c3431258   ti_sdo_ipc_Ipc_userFxns__A
c3431264   ti_sysbios_family_c64p_Cache_initSize__C
c343127c   ti_sdo_ipc_Notify_numEvents__C
c343128a   ti_sdo_ipc_gates_GatePeterson_Module__id__C
c343128c   ti_sdo_ipc_Notify_sendEventPollCount__C
c343129a   ti_sdo_ipc_heaps_HeapMemMP_Module__id__C
c34312a4   ti_sdo_ipc_SharedRegion_INVALIDSRPTR__C
c34312a8   ti_sdo_utils_MultiProc_nameList__A
c34312b0   ti_sysbios_knl_Idle_coreList__C
c34312b8   ti_sysbios_knl_Idle_funcList__C
c34312c0   ti_sysbios_knl_Task_hooks__C
c34312c8   xdc_runtime_Startup_firstFxns__A
c34312d0   xdc_runtime_Startup_firstFxns__C
c34312d8   xdc_runtime_Startup_lastFxns__C
c34312e6   ti_sdo_ipc_nsremote_NameServerRemoteNotify_Module__id__C
c34312e8   ti_sdo_ipc_SharedRegion_numOffsetBits__C
c34312ec   ti_sdo_ipc_SharedRegion_offsetMask__C
c34312f0   ti_sdo_ipc_family_da830_NotifySetup_armRecvIntId0__C
c34312f4   ti_sdo_ipc_family_da830_NotifySetup_armRecvIntId1__C
c34312f8   ti_sdo_ipc_family_da830_NotifySetup_dspIntVectId0__C
c34312fc   ti_sdo_ipc_family_da830_NotifySetup_dspIntVectId1__C
c3431300   ti_sdo_ipc_family_da830_NotifySetup_dspRecvIntId0__C
c3431304   ti_sdo_ipc_family_da830_NotifySetup_dspRecvIntId1__C
c3431308   ti_sdo_ipc_gates_GatePeterson_E_gateRemotelyOpened__C
c343130c   ti_sdo_ipc_heaps_HeapMemMP_E_memory__C
c3431310   ti_sdo_ipc_interfaces_IGateMPSupport_Interface__BASE__C
c3431314   ti_sdo_ipc_interfaces_IMessageQTransport_Interface__BASE__C
c3431318   ti_sdo_ipc_interfaces_INotifyDriver_Interface__BASE__C
c343131c   ti_sdo_ipc_notifyDrivers_NotifyDriverShm_Object__heap__C
c3431320   ti_sdo_ipc_nsremote_NameServerRemoteNotify_Instance_State_semMultiBlock__O
c3431324   ti_sdo_ipc_nsremote_NameServerRemoteNotify_Instance_State_semRemoteWait__O
c3431328   ti_sdo_ipc_nsremote_NameServerRemoteNotify_Instance_State_swiObj__O
c343132c   ti_sdo_ipc_nsremote_NameServerRemoteNotify_notifyEventId__C
c3431330   ti_sdo_ipc_nsremote_NameServerRemoteNotify_timeout__C
c3431334   ti_sdo_ipc_transports_TransportShmSetup_priority__C
c3431338   ti_sdo_ipc_transports_TransportShm_Instance_State_swiObj__O
c343133c   ti_sdo_utils_INameServerRemote_Interface__BASE__C
c3431340   ti_sdo_utils_MultiProc_nameList__C
c3431344   ti_sdo_utils_NameServer_E_entryExists__C
c3431348   ti_sdo_utils_NameServer_E_maxReached__C
c343134c   ti_sdo_utils_NameServer_Instance_State_freeList__O
c3431350   ti_sdo_utils_NameServer_Instance_State_nameList__O
c3431354   ti_sdo_utils_NameServer_Object__count__C
c3431358   ti_sdo_utils_NameServer_Object__heap__C
c343135c   ti_sysbios_BIOS_installedErrorHook__C
c3431360   ti_sysbios_family_c62_TaskSupport_stackAlignment__C
c3431364   ti_sysbios_family_c64p_Cache_EMIFA_BASE__C
c3431368   ti_sysbios_family_c64p_Cache_EMIFA_CFG__C
c343136c   ti_sysbios_family_c64p_Cache_EMIFA_LENGTH__C
c3431370   ti_sysbios_family_c64p_Cache_EMIFB_BASE__C
c3431374   ti_sysbios_family_c64p_Cache_EMIFB_CFG__C
c3431378   ti_sysbios_family_c64p_Cache_EMIFB_LENGTH__C
c343137c   ti_sysbios_family_c64p_Cache_EMIFC_BASE__C
c3431380   ti_sysbios_family_c64p_Cache_EMIFC_CFG__C
c3431384   ti_sysbios_family_c64p_Cache_EMIFC_LENGTH__C
c3431388   ti_sysbios_family_c64p_Cache_MAR0_31__C
c343138c   ti_sysbios_family_c64p_Cache_MAR128_159__C
c3431390   ti_sysbios_family_c64p_Cache_MAR160_191__C
c3431394   ti_sysbios_family_c64p_Cache_MAR192_223__C
c3431398   ti_sysbios_family_c64p_Cache_MAR224_255__C
c343139c   ti_sysbios_family_c64p_Cache_MAR32_63__C
c34313a0   ti_sysbios_family_c64p_Cache_MAR64_95__C
c34313a4   ti_sysbios_family_c64p_Cache_MAR96_127__C
c34313a8   ti_sysbios_family_c64p_Exception_E_exceptionMax__C
c34313ac   ti_sysbios_family_c64p_Exception_E_exceptionMin__C
c34313b0   ti_sysbios_family_c64p_Exception_exceptionHook__C
c34313b4   ti_sysbios_family_c64p_Exception_externalHook__C
c34313b8   ti_sysbios_family_c64p_Exception_internalHook__C
c34313bc   ti_sysbios_family_c64p_Exception_nmiHook__C
c34313c0   ti_sysbios_family_c64p_Hwi_E_alreadyDefined__C
c34313c4   ti_sysbios_family_c64p_Hwi_E_handleNotFound__C
c34313c8   ti_sysbios_gates_GateMutexPri_Instance_State_pendQ__O
c34313cc   ti_sysbios_gates_GateMutex_Instance_State_sem__O
c34313d0   ti_sysbios_hal_Hwi_E_stackOverflow__C
c34313d4   ti_sysbios_heaps_HeapMem_E_memory__C
c34313d8   ti_sysbios_heaps_HeapMem_Module__gateObj__C
c34313dc   ti_sysbios_heaps_HeapMem_Object__count__C
c34313e0   ti_sysbios_heaps_HeapMem_reqAlign__C
c34313e4   ti_sysbios_knl_Clock_Module_State_clockQ__O
c34313e8   ti_sysbios_knl_Clock_tickMode__C
c34313ec   ti_sysbios_knl_Clock_tickPeriod__C
c34313f0   ti_sysbios_knl_Clock_tickSource__C
c34313f4   ti_sysbios_knl_Semaphore_Instance_State_pendQ__O
c34313f8   ti_sysbios_knl_Idle_coreList__A
c34313fc   ti_sysbios_knl_Swi_Object__count__C
c3431400   ti_sysbios_knl_Idle_funcList__A
c3431404   ti_sysbios_knl_Swi_numPriorities__C
c3431408   ti_sysbios_knl_Task_E_deleteNotAllowed__C
c343140c   ti_sysbios_knl_Task_E_spOutOfBounds__C
c3431410   ti_sysbios_knl_Task_E_stackOverflow__C
c3431414   ti_sysbios_knl_Task_Module_State_inactiveQ__O
c3431418   ti_sysbios_knl_Task_Module_State_terminatedQ__O
c343141c   ti_sysbios_knl_Task_Object__count__C
c3431420   ti_sysbios_knl_Task_Object__heap__C
c3431424   ti_sysbios_knl_Task_allBlockedFunc__C
c3431428   ti_sysbios_knl_Task_defaultStackHeap__C
c343142c   ti_sysbios_knl_Task_defaultStackSize__C
c3431430   ti_sysbios_knl_Task_numConstructedTasks__C
c3431434   ti_sysbios_timers_timer64_Timer_E_cannotSupport__C
c3431438   ti_sysbios_timers_timer64_Timer_anyMask__C
c343143c   ti_sysbios_timers_timer64_Timer_freqDivisor__C
c3431440   ti_sysbios_timers_timer64_Timer_numLocalTimers__C
c3431444   ti_sysbios_timers_timer64_Timer_numTimerDevices__C
c3431448   ti_sysbios_xdcruntime_GateThreadSupport_Instance_State_gate__O
c343144c   xdc_runtime_Assert_E_assertFailed__C
c3431450   xdc_runtime_Core_A_initializedParams__C
c3431454   xdc_runtime_Core_Module__diagsEnabled__C
c3431458   xdc_runtime_Core_Module__diagsIncluded__C
c343145c   xdc_runtime_Core_Module__diagsMask__C
c3431460   xdc_runtime_Error_E_memory__C
c3431464   xdc_runtime_Error_Module__diagsEnabled__C
c3431468   xdc_runtime_Error_Module__diagsIncluded__C
c343146c   xdc_runtime_Error_Module__diagsMask__C
c3431470   xdc_runtime_Error_Module__loggerFxn8__C
c3431474   xdc_runtime_Error_Module__loggerObj__C
c3431478   xdc_runtime_Error_policy__C
c343147c   xdc_runtime_Error_raiseHook__C
c3431480   xdc_runtime_IFilterLogger_Interface__BASE__C
c3431484   xdc_runtime_IGateProvider_Interface__BASE__C
c3431488   xdc_runtime_IHeap_Interface__BASE__C
c343148c   xdc_runtime_ILogger_Interface__BASE__C
c3431490   xdc_runtime_IModule_Interface__BASE__C
c3431494   xdc_runtime_Log_L_error__C
c3431498   xdc_runtime_LoggerBuf_E_badLevel__C
c343149c   xdc_runtime_LoggerBuf_Module__gateObj__C
c34314a0   xdc_runtime_LoggerBuf_Object__count__C
c34314a4   xdc_runtime_LoggerBuf_statusLogger__C
c34314a8   xdc_runtime_Memory_defaultHeapInstance__C
c34314ac   xdc_runtime_Startup_execImpl__C
c34314b0   xdc_runtime_Startup_lastFxns__A
c34314b4   xdc_runtime_Startup_maxPasses__C
c34314b8   xdc_runtime_Startup_sfxnRts__C
c34314bc   xdc_runtime_Startup_sfxnTab__C
c34314c0   xdc_runtime_SysMin_bufSize__C
c34314c4   xdc_runtime_SysMin_outputFunc__C
c34314c8   xdc_runtime_System_Module__gateObj__C
c34314cc   xdc_runtime_System_extendFxn__C
c34314d0   xdc_runtime_System_maxAtexitHandlers__C
c34314d4   xdc_runtime_Text_charTab__C
c34314d8   xdc_runtime_Text_nameEmpty__C
c34314dc   xdc_runtime_Text_nameStatic__C
c34314e0   xdc_runtime_Text_nameUnknown__C
c34314e4   xdc_runtime_Text_nodeTab__C
c34314e8   xdc_runtime_Text_visitRopeFxn__C
c34314ec   xdc_runtime_knl_ISync_Interface__BASE__C
c34314f0   ti_sdo_ipc_transports_TransportShm_Module__id__C
c34314f2   ti_sdo_ipc_transports_TransportShm_notifyEventId__C
c34314f4   ti_sdo_utils_MultiProc_numProcessors__C
c34314f6   ti_sdo_utils_MultiProc_numProcsInCluster__C
c34314f8   ti_sdo_utils_NameServer_Module__id__C
c34314fa   ti_sdo_utils_NameServer_singleProcessor__C
c34314fc   ti_sysbios_family_c64p_Exception_Module__id__C
c34314fe   ti_sysbios_family_c64p_Exception_enableExternalMPC__C
c3431500   ti_sysbios_family_c64p_Exception_enablePrint__C
c3431502   ti_sysbios_family_c64p_Exception_useInternalBuffer__C
c3431504   ti_sysbios_family_c64p_Hwi_Module__id__C
c3431506   ti_sysbios_hal_Hwi_Module__id__C
c3431508   ti_sysbios_heaps_HeapMem_Module__id__C
c343150a   ti_sysbios_knl_Task_Module__id__C
c343150c   ti_sysbios_knl_Task_deleteTerminatedTasks__C
c343150e   ti_sysbios_knl_Task_initStackFlag__C
c3431510   ti_sysbios_timers_timer64_Timer_Module__id__C
c3431512   ti_sysbios_timers_timer64_Timer_startupNeeded__C
c3431514   xdc_runtime_Core_Module__id__C
c3431516   xdc_runtime_Error_Module__loggerDefined__C
c3431518   xdc_runtime_Error_maxDepth__C
c343151a   xdc_runtime_LoggerBuf_Module__id__C
c343151c   xdc_runtime_LoggerBuf_filterByLevel__C
c343151e   xdc_runtime_Memory_Module__id__C
c3431520   xdc_runtime_SysMin_flushAtExit__C
c3431522   xdc_runtime_Text_charCnt__C
c3431524   xdc_runtime_Text_isLoaded__C
c3431526   xdc_runtime_Text_registryModsLastId__C
c3431528   xdc_runtime_Text_unnamedModsLastId__C
c3431530   _stack
c3432530   __TI_STACK_END
c34326c8   __CIOBUF_
c3432800   ti_sysbios_family_c64p_Hwi0
c3432800   ti_sysbios_family_c64p_Hwi_int0
c3432820   ti_sysbios_family_c64p_Hwi_int1
c3432840   ti_sysbios_family_c64p_Hwi_int2
c3432860   ti_sysbios_family_c64p_Hwi_int3
c3432880   ti_sysbios_family_c64p_Hwi_int4
c34328a0   ti_sysbios_family_c64p_Hwi_int5
c34328c0   ti_sysbios_family_c64p_Hwi_int6
c34328e0   ti_sysbios_family_c64p_Hwi_int7
c3432900   ti_sysbios_family_c64p_Hwi_int8
c3432920   ti_sysbios_family_c64p_Hwi_int9
c3432940   ti_sysbios_family_c64p_Hwi_int10
c3432960   ti_sysbios_family_c64p_Hwi_int11
c3432980   ti_sysbios_family_c64p_Hwi_int12
c34329a0   ti_sysbios_family_c64p_Hwi_int13
c34329c0   ti_sysbios_family_c64p_Hwi_int14
c34329e0   ti_sysbios_family_c64p_Hwi_int15
c3432a00   __c_args__
c3432a64   __TI_STATIC_BASE
c3432a64   gFrameQ_nsHandle
c3432a68   gFrameQBufMgr_nsHandle
c3432a6c   Syslink_terminateEventId
c3432a70   Syslink_terminateEventLineId
c3432a74   CLIENTNOTIFYMGR_NAMESERVERNAME
c3432a88   FrameQ_ShMem_module
c3432c00   _Ipc_ResetVector
c3432c08   Ipc_sr0MemorySetup
ffffffff   __TI_pprof_out_hndl
ffffffff   __TI_prof_data_size
ffffffff   __TI_prof_data_start
ffffffff   __binit__
ffffffff   binit
UNDEFED    __TI_CINIT_Base
UNDEFED    __TI_CINIT_Limit
UNDEFED    __TI_Handler_Table_Base
UNDEFED    __TI_Handler_Table_Limit
UNDEFED    __TI_INITARRAY_Base
UNDEFED    __TI_INITARRAY_Limit

[1584 symbols]


DYNAMIC SYMBOLS: SORTED ALPHABETICALLY BY Name 

address    name
--------   ----
UNDEFED    
c342c240   TSK_idle
c3432c00   _Ipc_ResetVector
c3432530   __TI_STACK_END
00001000   __TI_STACK_SIZE
c3432a64   __TI_STATIC_BASE
ffffffff   __TI_pprof_out_hndl
ffffffff   __TI_prof_data_size
ffffffff   __TI_prof_data_start
ffffffff   __binit__
c3432a00   __c_args__
00000064   _argsize
ffffffff   binit
00000001   xdc_runtime_Startup__EXECFXN__C
00000001   xdc_runtime_Startup__RESETFXN__C

[15 symbols]


IMPORTED and EXPORTED SYMBOLS: SORTED ALPHABETICALLY BY Name 

IMPORTED SYMBOLS

name                           size      Imported from
-----------------------------  --------  -------------

[0 symbols]


EXPORTED SYMBOLS

address    name
--------   ----
c3432c00   _Ipc_ResetVector
