******************************************************************************
               TMS320C6x Linker Unix v7.4.4                    
******************************************************************************
>> Linked Thu Jul 26 17:30:22 2018

OUTPUT FILE NAME:   <bin/debug/server_dsp.xe674>
ENTRY POINT SYMBOL: "ti_sysbios_family_c64p_Hwi0"  address: c3432800


MEMORY CONFIGURATION

         name            origin    length      used     unused   attr    fill
----------------------  --------  ---------  --------  --------  ----  --------
  IROM                  11700000   00100000  00000000  00100000  R  X
  IRAM                  11800000   00038000  00000000  00038000  RW X
  L3_CBA_RAM            80000000   00020000  00000000  00020000  RW X
  SR_0                  c2000000   00010000  00010000  00000000  RW X
  SR_1                  c2010000   00a00000  00a00000  00000000  RW X
  DSP_PROG              c3000000   00800000  00432bd4  003cd42c  RW X


SEGMENT ALLOCATION MAP

run origin  load origin   length   init length attrs members
----------  ----------- ---------- ----------- ----- -------
c3000000    c3000000    003c1830   00000000    rw-
  c3000000    c3000000    003c1830   00000000    rw- .far
c33c1830    c33c1830    00000010   00000010    rw-
  c33c1830    c33c1830    00000010   00000010    rw- .fardata.1
c33c1840    c33c1840    0003a680   0003a680    r-x
  c33c1840    c33c1840    0003a680   0003a680    r-x .text
c33fbec0    c33fbec0    00030864   00030864    rw-
  c33fbec0    c33fbec0    00030864   00030864    rw- .fardata.2
c342c728    c342c728    00004ed8   00004ed8    r--
  c342c728    c342c728    00004ed8   00004ed8    r-- .const
c3431600    c3431600    00001000   00000000    rw-
  c3431600    c3431600    00001000   00000000    rw- .stack
c3432600    c3432600    00000198   00000198    r--
  c3432600    c3432600    00000198   00000198    r-- .switch
c3432798    c3432798    00000064   00000064    rw-
  c3432798    c3432798    00000064   00000064    rw- .args
c3432800    c3432800    00000200   00000200    r-x
  c3432800    c3432800    00000200   00000200    r-x .vecs
c3432a00    c3432a00    00000128   00000000    rw-
  c3432a00    c3432a00    00000120   00000000    rw- .cio
  c3432b20    c3432b20    00000008   00000000    rw- .bss
c3432b28    c3432b28    00000028   00000028    rw-
  c3432b28    c3432b28    00000028   00000028    rw- .neardata
c3432c00    c3432c00    0000008c   0000008c    r--
  c3432c00    c3432c00    0000008c   0000008c    r-- ti_sdo_ipc_init


SECTION ALLOCATION MAP

 output                                  attributes/
section   page    origin      length       input sections
--------  ----  ----------  ----------   ----------------
.cinit     0    c3000000    00000000     UNINITIALIZED

.init_array 
*          0    c3000000    00000000     UNINITIALIZED

ti.sdo.ipc.SharedRegion_0 
*          0    c2000000    00010000     NOLOAD SECTION
                  c2000000    00010000     --HOLE--

ti.sdo.ipc.SharedRegion_1 
*          0    c2010000    00a00000     NOLOAD SECTION
                  c2010000    00a00000     --HOLE--

xdc.meta   0    c3000000    000000e8     COPY SECTION
                  c3000000    000000e8     dsp_pe674.oe674 (xdc.meta)

.far       0    c3000000    003c1830     UNINITIALIZED
                  c3000000    00380000     fft.oe674 (.far)
                  c3380000    00041010     dsp_pe674.oe674 (.far)
                  c33c1010    00000800     dsp_pe674.oe674 (.far:taskStackSection)
                  c33c1810    0000000c     ti.syslink.ipc.rtos.ae674 : FrameQ.oe674 (.far)
                  c33c181c    00000004                               : RingIOShm.oe674 (.far)
                  c33c1820    00000008     rts6740_elf.lib : trgdrv.obj (.far)
                  c33c1828    00000008     ti.syslink.ipc.rtos.ae674 : RingIO.oe674 (.far)

.fardata.1 
*          0    c33c1830    00000010     
                  c33c1830    00000010     dsp_pe674.oe674 (.fardata:ti_sdo_ipc_MessageQ_Module_State_0_transports__A)

.text      0    c33c1840    0003a680     
                  c33c1840    000021e0     ti.syslink.ipc.rtos.ae674 : FrameQBufMgr_ShMem.oe674 (.text:FrameQBufMgr_ShMem_create)
                  c33c3a20    00001060                               : FrameQ_ShMem.oe674 (.text:FrameQ_ShMem_create)
                  c33c4a80    00000fa0                               : ClientNotifyMgr.oe674 (.text:_ClientNotifyMgr_create)
                  c33c5a20    00000d20                               : FrameQ_ShMem.oe674 (.text:_FrameQ_ShMem_open)
                  c33c6740    00000c40     utils.lib : uartStdio.obj (.text)
                  c33c7380    00000b40     ipc.ae674 : Ipc.obj (.text:ti_sdo_ipc_GateMP_Instance_init__F)
                  c33c7ec0    00000ae0     drivers.lib : emifa.obj (.text)
                  c33c89a0    00000aa0     ads8568.oe674 (.text)
                  c33c9440    00000a60     ti.syslink.ipc.rtos.ae674 : FrameQ_ShMem.oe674 (.text:FrameQ_ShMem_delete)
                  c33c9ea0    00000900                               : FrameQBufMgr_ShMem.oe674 (.text:FrameQBufMgr_ShMem_delete)
                  c33ca7a0    00000900                               : FrameQ_ShMem.oe674 (.text:FrameQ_ShMem_putv)
                  c33cb0a0    000008a0                               : ClientNotifyMgr.oe674 (.text:ClientNotifyMgr_delete)
                  c33cb940    000008a0     sysbios.ae674 : BIOS.obj (.text:ti_sysbios_family_c64p_Exception_handler__I)
                  c33cc1e0    000008a0     ti.targets.rts6000.ae674 : System.oe674 (.text:xdc_runtime_System_doPrint__I)
                  c33cca80    00000800     ti.syslink.ipc.rtos.ae674 : FrameQ_ShMem.oe674 (.text:FrameQ_ShMem_put)
                  c33cd280    000007e0                               : ClientNotifyMgr.oe674 (.text:ClientNotifyMgr_setup)
                  c33cda60    000007e0                               : RingIOShm.oe674 (.text:RingIOShm_create)
                  c33ce240    000007c0     ipc.ae674 : Ipc.obj (.text:Ipc_attach)
                  c33cea00    00000700               : Ipc.obj (.text:Ipc_detach)
                  c33cf100    00000700               : Ipc.obj (.text:ti_sdo_ipc_transports_TransportShm_Instance_init__F)
                  c33cf800    000006e0     ti.syslink.ipc.rtos.ae674 : FrameQBufMgr_ShMem.oe674 (.text:FrameQBufMgr_ShMem_dupv)
                  c33cfee0    000006c0     message_loop.oe674 (.text)
                  c33d05a0    000006a0     ti.syslink.ipc.rtos.ae674 : FrameQ_ShMem.oe674 (.text:FrameQ_ShMem_getv)
                  c33d0c40    00000640                               : FrameQBufMgr_ShMem.oe674 (.text:FrameQBufMgr_ShMem_dup)
                  c33d1280    00000600                               : RingIOShm.oe674 (.text:_RingIOShm_readerAcquire)
                  c33d1880    000005e0                               : ClientNotifyMgr.oe674 (.text:ClientNotifyMgr_sendNotificationMulti)
                  c33d1e60    000005e0                               : FrameQBufMgr_ShMem.oe674 (.text:FrameQBufMgr_ShMem_allocv)
                  c33d2440    000005a0                               : ClientNotifyMgr.oe674 (.text:ClientNotifyMgr_threadFxn)
                  c33d29e0    000005a0     rts6740_elf.lib : divd.obj (.text:__c6xabi_divd)
                  c33d2f80    00000520     ti.syslink.ipc.rtos.ae674 : RingIOShm.oe674 (.text:_RingIOShm_writerFlush)
                  c33d34a0    00000500                               : RingIOShm.oe674 (.text:RingIOShm_openByAddr)
                  c33d39a0    00000500     fft.oe674 (.text)
                  c33d3ea0    000004e0     ipc.ae674 : Ipc.obj (.text:ti_sdo_ipc_heaps_HeapMemMP_Instance_init__F)
                  c33d4380    000004c0     ti.syslink.ipc.rtos.ae674 : ClientNotifyMgr.oe674 (.text:ClientNotifyMgr_execCallBackFxn)
                  c33d4840    000004c0                               : RingIOShm.oe674 (.text:_RingIOShm_readerFlush)
                  c33d4d00    000004c0     ad_workshop.oe674 (.text)
                  c33d51c0    000004c0     ipc.ae674 : Ipc.obj (.text:ti_sdo_ipc_ListMP_Instance_init__F)
                  c33d5680    000004a0     ti.syslink.ipc.rtos.ae674 : ClientNotifyMgr.oe674 (.text:ClientNotifyMgr_sendNotification)
                  c33d5b20    00000460                               : ClientNotifyMgr.oe674 (.text:ClientNotifyMgr_sendForceNotificationMulti)
                  c33d5f80    00000460     ipc.ae674 : Ipc.obj (.text:ti_sdo_ipc_GateMP_setRegion0Reserved__F)
                  c33d63e0    00000460               : Ipc.obj (.text:ti_sdo_ipc_MessageQ_Instance_init__F)
                  c33d6840    00000460               : Ipc.obj (.text:ti_sdo_ipc_nsremote_NameServerRemoteNotify_get__F)
                  c33d6ca0    00000420     ti.syslink.ipc.rtos.ae674 : FrameQBufMgr_ShMem.oe674 (.text:FrameQBufMgr_ShMem_sharedMemReq)
                  c33d70c0    00000420                               : FrameQ_ShMem.oe674 (.text:FrameQ_ShMem_flushAll)
                  c33d74e0    00000420                               : FrameQ_ShMem.oe674 (.text:_FrameQ_ShMem_setOpenFlags)
                  c33d7900    00000420     ipc.ae674 : Ipc.obj (.text:ti_sdo_ipc_GateMP_Instance_finalize__F)
                  c33d7d20    00000400     ti.syslink.ipc.rtos.ae674 : RingIOShm.oe674 (.text:_RingIOShm_writersetvAttribute)
                  c33d8120    00000400     main_dsp.oe674 (.text)
                  c33d8520    000003e0     ti.syslink.ipc.rtos.ae674 : FrameQBufMgr_ShMem.oe674 (.text:FrameQBufMgr_ShMem_freev)
                  c33d8900    000003c0     ipc.ae674 : Ipc.obj (.text:ti_sdo_ipc_heaps_HeapMemMP_alloc__E)
                  c33d8cc0    000003c0               : Ipc.obj (.text:ti_sdo_ipc_heaps_HeapMemMP_free__E)
                  c33d9080    000003a0     ti.syslink.ipc.rtos.ae674 : ClientNotifyMgr.oe674 (.text:ClientNotifyMgr_registerClient)
                  c33d9420    000003a0                               : ClientNotifyMgr.oe674 (.text:ClientNotifyMgr_unregisterClient)
                  c33d97c0    000003a0                               : FrameQ_ShMem.oe674 (.text:FrameQ_ShMem_getvNumFrames)
                  c33d9b60    000003a0     ipc.ae674 : Ipc.obj (.text:NameServer_add)
                  c33d9f00    000003a0     dsplib.ae674 : DSPF_sp_fftSPxSP.obj (.text:optimized)
                  c33da2a0    00000380     ti.syslink.ipc.rtos.ae674 : RingIOShm.oe674 (.text:_RingIOShm_readergetvAttribute)
                  c33da620    00000380                               : RingIOShm.oe674 (.text:_RingIOShm_writerAcquire)
                  c33da9a0    00000360                               : FrameQBufMgr_ShMem.oe674 (.text:FrameQBufMgr_ShMem_free)
                  c33dad00    00000360                               : RingIOShm.oe674 (.text:_RingIOShm_writerCancel)
                  c33db060    00000340                               : FrameQBufMgr.oe674 (.text:FrameQBufMgr_open)
                  c33db3a0    00000340                               : FrameQ_ShMem.oe674 (.text:FrameQ_ShMem_get)
                  c33db6e0    00000340     drivers.lib : uart.obj (.text)
                  c33dba20    00000320     ti.syslink.ipc.rtos.ae674 : ClientNotifyMgr.oe674 (.text:ClientNotifyMgr_sendForceNotification)
                  c33dbd40    00000320                               : FrameQBufMgr.oe674 (.text:FrameQBufMgr_create)
                  c33dc060    00000300                               : FrameQBufMgr_ShMem.oe674 (.text:FrameQBufMgr_ShMem_alloc)
                  c33dc360    00000300     ipc.ae674 : Ipc.obj (.text:Ipc_writeConfig)
                  c33dc660    00000300     ti.syslink.ipc.rtos.ae674 : RingIOShm.oe674 (.text:RingIOShm_sharedMemReq)
                  c33dc960    00000300                               : RingIOShm.oe674 (.text:_RingIOShm_readerRelease)
                  c33dcc60    00000300     ipc_ring_buffer.oe674 (.text)
                  c33dcf60    00000300     sysbios.ae674 : BIOS.obj (.text:ti_sysbios_knl_Semaphore_pend__E)
                  c33dd260    00000300                   : BIOS.obj (.text:ti_sysbios_knl_Task_Instance_finalize__F)
                  c33dd560    000002e0     ipc.ae674 : Ipc.obj (.text:ListMP_getHead)
                  c33dd840    000002e0     ti.syslink.ipc.rtos.ae674 : RingIOShm.oe674 (.text:RingIOShm_delete)
                  c33ddb20    000002e0     ipc.ae674 : Ipc.obj (.text:ti_sdo_ipc_Ipc_procSyncStart__I)
                  c33dde00    000002e0               : Ipc.obj (.text:ti_sdo_ipc_nsremote_NameServerRemoteNotify_Instance_init__F)
                  c33de0e0    000002c0     ti.syslink.ipc.rtos.ae674 : FrameQ_ShMem.oe674 (.text:FrameQ_ShMem_registerNotifier)
                  c33de3a0    000002c0     ipc.ae674 : Ipc.obj (.text:NameServer_get)
                  c33de660    000002c0     drivers.lib : gpio.obj (.text)
                  c33de920    000002c0     sysbios.ae674 : BIOS.obj (.text:ti_sysbios_timers_timer64_Timer_Module_startup__F)
                  c33debe0    000002a0     ipc.ae674 : Ipc.obj (.text:ti_sdo_ipc_transports_TransportShm_Instance_finalize__F)
                  c33dee80    000002a0     sysbios.ae674 : BIOS.obj (.text:ti_sysbios_timers_timer64_Timer_deviceConfig__I)
                  c33df120    00000280     ipc.ae674 : Ipc.obj (.text:ListMP_putHead)
                  c33df3a0    00000280               : Ipc.obj (.text:ListMP_putTail)
                  c33df620    00000280               : Ipc.obj (.text:ListMP_remove)
                  c33df8a0    00000280     ti.syslink.ipc.rtos.ae674 : RingIO.oe674 (.text:RingIO_open)
                  c33dfb20    00000280     rts6740_elf.lib : divf.obj (.text:__c6xabi_divf)
                  c33dfda0    00000280     queue.oe674 (.text)
                  c33e0020    00000280     ipc.ae674 : Ipc.obj (.text:ti_sdo_ipc_gates_GatePeterson_Instance_init__F)
                  c33e02a0    00000280     ti.targets.rts6000.ae674 : Error.oe674 (.text:xdc_runtime_Error_raiseX__F)
                  c33e0520    00000260     ti.syslink.ipc.rtos.ae674 : FrameQBufMgr_ShMem.oe674 (.text:FrameQBufMgr_ShMem_Params_init)
                  c33e0780    00000260     ipc.ae674 : Ipc.obj (.text:GateMP_openByAddr)
                  c33e09e0    00000260               : Ipc.obj (.text:Ipc_start)
                  c33e0c40    00000260     ti.syslink.ipc.rtos.ae674 : RingIOShm.oe674 (.text:_RingIOShm_writerRelease)
                  c33e0ea0    00000260     rts6740_elf.lib : imath64.obj (.text:__c6xabi_divull)
                  c33e1100    00000260     sysbios.ae674 : BIOS.obj (.text:ti_sysbios_family_c64p_Exception_internalHandler__I)
                  c33e1360    00000260                   : BIOS.obj (.text:ti_sysbios_timers_timer64_Timer_setPeriodMicroSecs__E)
                  c33e15c0    00000260     ti.targets.rts6000.ae674 : Startup.oe674 (.text:xdc_runtime_Startup_startMods__I)
                  c33e1820    00000260     dsp_pe674.oe674 (.text:xdc_runtime_System_printfExtend__I)
                  c33e1a80    00000240     ti.syslink.ipc.rtos.ae674 : FrameQ_ShMem.oe674 (.text:FrameQ_ShMem_unregisterNotifier)
                  c33e1cc0    00000240                               : FrameQ.oe674 (.text:FrameQ_setup)
                  c33e1f00    00000240     ipc.ae674 : Ipc.obj (.text:Notify_unregisterEvent)
                  c33e2140    00000240               : Ipc.obj (.text:ti_sdo_ipc_family_da830_NotifySetup_attach__E)
                  c33e2380    00000240               : Ipc.obj (.text:ti_sdo_ipc_heaps_HeapMemMP_getStats__E)
                  c33e25c0    00000240     ti.targets.rts6000.ae674 : LoggerBuf.oe674 (.text:xdc_runtime_LoggerBuf_write8__F)
                  c33e2800    00000220     ti.syslink.ipc.rtos.ae674 : ClientNotifyMgr.oe674 (.text:ClientNotifyMgr_destroy)
                  c33e2a20    00000220                               : FrameQ_ShMem.oe674 (.text:FrameQ_ShMem_sharedMemReq)
                  c33e2c40    00000220                               : SyslinkMemMgr.oe674 (.text:SyslinkMemMgr_create)
                  c33e2e60    00000220     ipc.ae674 : Ipc.obj (.text:ti_sdo_ipc_nsremote_NameServerRemoteNotify_swiFxn__I)
                  c33e3080    00000220     sysbios.ae674 : BIOS.obj (.text:ti_sysbios_family_c64p_Hwi_reconfig__E)
                  c33e32a0    00000220                   : BIOS.obj (.text:ti_sysbios_gates_GateMutexPri_enter__E)
                  c33e34c0    00000220     ti.targets.rts6000.ae674 : Core-mem.oe674 (.text:xdc_runtime_Core_createObject__I)
                  c33e36e0    00000200     sysbios.ae674 : c64p_Hwi_disp_always.obj (.text:_ti_sysbios_family_c64p_Hwi_dispatchAlways)
                  c33e38e0    00000200     ipc.ae674 : Ipc.obj (.text:ti_sdo_ipc_Ipc_procSyncFinish__I)
                  c33e3ae0    00000200               : Ipc.obj (.text:ti_sdo_ipc_notifyDrivers_NotifyDriverShm_Instance_init__F)
                  c33e3ce0    00000200               : Ipc.obj (.text:ti_sdo_ipc_notifyDrivers_NotifyDriverShm_sendEvent__E)
                  c33e3ee0    000001e0     ti.syslink.ipc.rtos.ae674 : FrameQBufMgr.oe674 (.text:FrameQBufMgr_setup)
                  c33e40c0    000001e0                               : FrameQ_ShMem.oe674 (.text:FrameQ_ShMem_getNumFrames)
                  c33e42a0    000001e0     ipc.ae674 : Ipc.obj (.text:GateMP_sharedMemReq)
                  c33e4480    000001e0               : Ipc.obj (.text:ListMP_openByAddr)
                  c33e4660    000001e0     Platform.lib : GPIO.obj (.text)
                  c33e4840    000001e0     ti.syslink.ipc.rtos.ae674 : RingIOShm.oe674 (.text:RingIOShm_close)
                  c33e4a20    000001e0                               : RingIOShm.oe674 (.text:_RingIOShm_readerCancel)
                  c33e4c00    000001e0                               : RingIOShm.oe674 (.text:_RingIOShm_updateAttributes)
                  c33e4de0    000001e0     ipc.ae674 : Ipc.obj (.text:ti_sdo_utils_NameServer_Instance_finalize__F)
                  c33e4fc0    000001e0     sysbios.ae674 : BIOS.obj (.text:ti_sysbios_family_c64p_Exception_externalHandler__I)
                  c33e51a0    000001e0                   : BIOS.obj (.text:ti_sysbios_knl_Task_Instance_init__F)
                  c33e5380    000001e0                   : BIOS.obj (.text:ti_sysbios_knl_Task_checkStacks__E)
                  c33e5560    000001c0     ti.syslink.ipc.rtos.ae674 : RingIOShm.oe674 (.text:RingIOShm_registerNotifier)
                  c33e5720    000001c0     ipc.ae674 : Ipc.obj (.text:ti_sdo_ipc_GateMP_getFreeResource__I)
                  c33e58e0    000001c0               : Ipc.obj (.text:ti_sdo_ipc_heaps_HeapMemMP_postInit__I)
                  c33e5aa0    000001c0     sysbios.ae674 : BIOS.obj (.text:ti_sysbios_family_c64p_Cache_block__I)
                  c33e5c60    000001c0                   : BIOS.obj (.text:ti_sysbios_family_c64p_Exception_decodeMpfsr__I)
                  c33e5e20    000001c0                   : BIOS.obj (.text:ti_sysbios_knl_Task_exit__E)
                  c33e5fe0    000001c0                   : BIOS.obj (.text:ti_sysbios_knl_Task_postInit__I)
                  c33e61a0    000001c0     ti.targets.rts6000.ae674 : Text.oe674 (.text:xdc_runtime_Text_putSite__F)
                  c33e6360    000001a0     ti.syslink.ipc.rtos.ae674 : FrameQBufMgr_ShMem.oe674 (.text:FrameQBufMgr_ShMem_setup)
                  c33e6500    000001a0                               : FrameQBufMgr.oe674 (.text:FrameQBufMgr_delete)
                  c33e66a0    000001a0                               : RingIOShm.oe674 (.text:RingIOShm_flush)
                  c33e6840    000001a0                               : RingIOShm.oe674 (.text:RingIOShm_release)
                  c33e69e0    000001a0                               : RingIO.oe674 (.text:RingIO_openByAddr)
                  c33e6b80    000001a0     ipc.ae674 : Ipc.obj (.text:ti_sdo_ipc_notifyDrivers_NotifyDriverShm_registerEvent__E)
                  c33e6d20    000001a0               : Ipc.obj (.text:ti_sdo_ipc_notifyDrivers_NotifyDriverShm_unregisterEvent__E)
                  c33e6ec0    000001a0               : Ipc.obj (.text:ti_sdo_utils_NameServer_Instance_init__F)
                  c33e7060    000001a0     sysbios.ae674 : BIOS.obj (.text:ti_sysbios_timers_timer64_Timer_start__E)
                  c33e7200    000001a0     ti.targets.rts6000.ae674 : LoggerBuf.oe674 (.text:xdc_runtime_LoggerBuf_write4__F)
                  c33e73a0    00000180     ipc.ae674 : Ipc.obj (.text:NameServer_getHandle)
                  c33e7520    00000180     Platform.lib : UART.obj (.text)
                  c33e76a0    00000180     ti.syslink.ipc.rtos.ae674 : RingIO.oe674 (.text:RingIO_setup)
                  c33e7820    00000180     drivers.lib : psc.obj (.text)
                  c33e79a0    00000180     message_heap.oe674 (.text)
                  c33e7b20    00000180     sysbios.ae674 : c64p_Exception_asm.obj (.text)
                  c33e7ca0    00000180     ipc.ae674 : Ipc.obj (.text:ti_sdo_ipc_gates_GatePeterson_enter__E)
                  c33e7e20    00000180               : Ipc.obj (.text:ti_sdo_ipc_notifyDrivers_NotifyDriverShm_isr__I)
                  c33e7fa0    00000180     sysbios.ae674 : BIOS.obj (.text:ti_sysbios_heaps_HeapMem_alloc__E)
                  c33e8120    00000180                   : BIOS.obj (.text:ti_sysbios_knl_Swi_schedule__I)
                  c33e82a0    00000180                   : BIOS.obj (.text:ti_sysbios_knl_Task_setPri__E)
                  c33e8420    00000160     ti.syslink.ipc.rtos.ae674 : ClientNotifyMgr.oe674 (.text:ClientNotifyMgr_waitOnMultiSubEntryNotify)
                  c33e8580    00000160                               : FrameQBufMgr_ShMem.oe674 (.text:FrameQBufMgr_ShMem_invalidate)
                  c33e86e0    00000160                               : FrameQBufMgr_ShMem.oe674 (.text:FrameQBufMgr_ShMem_writeBack)
                  c33e8840    00000160                               : FrameQ_ShMem.oe674 (.text:FrameQ_ShMem_setup)
                  c33e89a0    00000160                               : FrameQ.oe674 (.text:FrameQ_destroy)
                  c33e8b00    00000160                               : RingIOShm.oe674 (.text:RingIOShm_unregisterNotifier)
                  c33e8c60    00000160                               : _Syslink.oe674 (.text:SysLink_setup)
                  c33e8dc0    00000160                               : RingIOShm.oe674 (.text:_RingIOShm_create)
                  c33e8f20    00000160     ipc.ae674 : Ipc.obj (.text:ti_sdo_ipc_GateMP_openRegion0Reserved__F)
                  c33e9080    00000160               : Ipc.obj (.text:ti_sdo_ipc_ListMP_Instance_finalize__F)
                  c33e91e0    00000160               : Ipc.obj (.text:ti_sdo_ipc_Notify_Instance_init__F)
                  c33e9340    00000160               : Ipc.obj (.text:ti_sdo_ipc_heaps_HeapMemMP_Instance_finalize__F)
                  c33e94a0    00000160               : Ipc.obj (.text:ti_sdo_utils_NameServer_removeLocal__I)
                  c33e9600    00000160     sysbios.ae674 : BIOS.obj (.text:ti_sysbios_knl_Task_schedule__I)
                  c33e9760    00000160                   : BIOS.obj (.text:ti_sysbios_knl_Task_startCore__E)
                  c33e98c0    00000140     ipc.ae674 : Ipc.obj (.text:HeapMemMP_openByAddr)
                  c33e9a00    00000140               : Ipc.obj (.text:MessageQ_put)
                  c33e9b40    00000140               : Ipc.obj (.text:Notify_registerEvent)
                  c33e9c80    00000140     boot.ae674 : autoinit.oe674 (.text:_auto_init_elf)
                  c33e9dc0    00000140     ring_buffer.oe674 (.text)
                  c33e9f00    00000140     ipc.ae674 : Ipc.obj (.text:ti_sdo_ipc_SharedRegion_start__F)
                  c33ea040    00000140               : Ipc.obj (.text:ti_sdo_ipc_notifyDrivers_NotifyDriverShm_disableEvent__E)
                  c33ea180    00000140               : Ipc.obj (.text:ti_sdo_ipc_transports_TransportShm_openByAddr__F)
                  c33ea2c0    00000140               : Ipc.obj (.text:ti_sdo_ipc_transports_TransportShm_put__E)
                  c33ea400    00000140     sysbios.ae674 : BIOS.obj (.text:ti_sysbios_heaps_HeapMem_free__E)
                  c33ea540    00000140                   : BIOS.obj (.text:ti_sysbios_knl_Task_Module_startup__F)
                  c33ea680    00000140                   : BIOS.obj (.text:ti_sysbios_knl_Task_sleep__E)
                  c33ea7c0    00000140     ti.targets.rts6000.ae674 : Text.oe674 (.text:xdc_runtime_Text_putLab__F)
                  c33ea900    00000120     ti.syslink.ipc.rtos.ae674 : FrameQBufMgr_ShMem.oe674 (.text:FrameQBufMgr_ShMem_getvNumFreeFrames)
                  c33eaa20    00000120                               : FrameQBufMgr_ShMem.oe674 (.text:FrameQBufMgr_ShMem_open)
                  c33eab40    00000120     ipc.ae674 : Ipc.obj (.text:HeapMemMP_sharedMemReq)
                  c33eac60    00000120     ti.syslink.ipc.rtos.ae674 : RingIOShm.oe674 (.text:RingIOShm_setNotifyType)
                  c33ead80    00000120                               : RingIOShm.oe674 (.text:_RingIOShm_getContiguousDataSize)
                  c33eaea0    00000120                               : RingIOShm.oe674 (.text:_RingIOShm_getFirstAttr)
                  c33eafc0    00000120                               : RingIOShm.oe674 (.text:_RingIOShm_releaseAttribute)
                  c33eb0e0    00000120     mathlib.ae674 : cossp.obj (.text:optasm)
                  c33eb200    00000120                   : sinsp.obj (.text:optasm)
                  c33eb320    00000120     ipc.ae674 : Ipc.obj (.text:ti_sdo_ipc_MessageQ_Module_startup__F)
                  c33eb440    00000120               : Ipc.obj (.text:ti_sdo_ipc_transports_TransportShm_sharedMemReq__F)
                  c33eb560    00000120     sysbios.ae674 : BIOS.obj (.text:ti_sysbios_family_c64p_Exception_Module_startup__F)
                  c33eb680    00000120                   : BIOS.obj (.text:ti_sysbios_knl_Clock_workFunc__E)
                  c33eb7a0    00000120     ti.targets.rts6000.ae674 : LoggerBuf.oe674 (.text:xdc_runtime_LoggerBuf_setFilterLevel__F)
                  c33eb8c0    00000120                              : Text.oe674 (.text:xdc_runtime_Text_putMod__F)
                  c33eb9e0    00000100     ti.syslink.ipc.rtos.ae674 : ClientNotifyMgr.oe674 (.text:ClientNotifyMgr_swiFxn)
                  c33ebae0    00000100                               : FrameQBufMgr_ShMem.oe674 (.text:FrameQBufMgr_Shmem_updateCacheFlags)
                  c33ebbe0    00000100                               : FrameQBufMgr.oe674 (.text:FrameQBufMgr_destroy)
                  c33ebce0    00000100     ipc.ae674 : Ipc.obj (.text:ListMP_sharedMemReq)
                  c33ebde0    00000100               : Ipc.obj (.text:Notify_registerEventSingle)
                  c33ebee0    00000100               : Ipc.obj (.text:Notify_sendEvent)
                  c33ebfe0    00000100               : Ipc.obj (.text:Notify_unregisterEventSingle)
                  c33ec0e0    00000100     ti.syslink.ipc.rtos.ae674 : RingIOShm.oe674 (.text:RingIOShm_sendNotify)
                  c33ec1e0    00000100                               : RingIOShm.oe674 (.text:RingIOShm_setNotifyId)
                  c33ec2e0    00000100                               : RingIO.oe674 (.text:RingIO_close)
                  c33ec3e0    00000100                               : FrameQ_ShMem.oe674 (.text:_FrameQ_ShMem_resetNotifyId)
                  c33ec4e0    00000100                               : FrameQ_ShMem.oe674 (.text:_FrameQ_ShMem_setNotifyId)
                  c33ec5e0    00000100     ipc.ae674 : Ipc.obj (.text:ti_sdo_ipc_GateMP_start__F)
                  c33ec6e0    00000100               : Ipc.obj (.text:ti_sdo_ipc_MessageQ_Instance_finalize__F)
                  c33ec7e0    00000100     dsp_pe674.oe674 (.text:ti_sdo_ipc_MessageQ_Object__create__S)
                  c33ec8e0    00000100     ipc.ae674 : Ipc.obj (.text:ti_sdo_ipc_Notify_Instance_finalize__F)
                  c33ec9e0    00000100     dsp_pe674.oe674 (.text:ti_sdo_ipc_Notify_Object__create__S)
                  c33ecae0    00000100     ipc.ae674 : Ipc.obj (.text:ti_sdo_ipc_SharedRegion_attach__F)
                  c33ecbe0    00000100               : Ipc.obj (.text:ti_sdo_ipc_SharedRegion_clearReservedMemory__F)
                  c33ecce0    00000100     dsp_pe674.oe674 (.text:ti_sdo_ipc_gates_GatePeterson_Object__create__S)
                  c33ecde0    00000100     ipc.ae674 : Ipc.obj (.text:ti_sdo_ipc_nsremote_NameServerRemoteNotify_Instance_finalize__F)
                  c33ecee0    00000100     dsp_pe674.oe674 (.text:ti_sdo_ipc_nsremote_NameServerRemoteNotify_Object__create__S)
                  c33ecfe0    00000100     ipc.ae674 : Ipc.obj (.text:ti_sdo_ipc_transports_TransportShmSetup_attach__E)
                  c33ed0e0    00000100     dsp_pe674.oe674 (.text:ti_sdo_ipc_transports_TransportShm_Object__create__S)
                  c33ed1e0    00000100     dsp_pe674.oe674 (.text:ti_sdo_utils_NameServer_Object__create__S)
                  c33ed2e0    00000100     ipc.ae674 : Ipc.obj (.text:ti_sdo_utils_NameServer_findLocal__I)
                  c33ed3e0    00000100     sysbios.ae674 : BIOS.obj (.text:ti_sysbios_family_c64p_Hwi_Module_startup__F)
                  c33ed4e0    00000100     dsp_pe674.oe674 (.text:ti_sysbios_family_c64p_Hwi_Object__create__S)
                  c33ed5e0    00000100     sysbios.ae674 : BIOS.obj (.text:ti_sysbios_family_c64p_Hwi_dispatchC__I)
                  c33ed6e0    00000100                   : BIOS.obj (.text:ti_sysbios_gates_GateMutexPri_leave__E)
                  c33ed7e0    00000100     dsp_pe674.oe674 (.text:ti_sysbios_hal_Hwi_Object__create__S)
                  c33ed8e0    00000100     sysbios.ae674 : BIOS.obj (.text:ti_sysbios_knl_Clock_startI__E)
                  c33ed9e0    00000100                   : BIOS.obj (.text:ti_sysbios_knl_Semaphore_post__E)
                  c33edae0    00000100     dsp_pe674.oe674 (.text:ti_sysbios_knl_Swi_Object__create__S)
                  c33edbe0    00000100     sysbios.ae674 : BIOS.obj (.text:ti_sysbios_knl_Swi_restoreHwi__E)
                  c33edce0    00000100     dsp_pe674.oe674 (.text:ti_sysbios_knl_Task_Object__create__S)
                  c33edde0    00000100     sysbios.ae674 : BIOS.obj (.text:ti_sysbios_timers_timer64_Timer_initDevice__I)
                  c33edee0    00000100     ti.targets.rts6000.ae674 : Core-mem.oe674 (.text:xdc_runtime_Core_deleteObject__I)
                  c33edfe0    00000100                              : LoggerBuf.oe674 (.text:xdc_runtime_LoggerBuf_getFilterLevel__F)
                  c33ee0e0    00000100                              : Startup.oe674 (.text:xdc_runtime_Startup_exec__F)
                  c33ee1e0    00000100                              : Text.oe674 (.text:xdc_runtime_Text_visitRope2__I)
                  c33ee2e0    000000e0     ti.syslink.ipc.rtos.ae674 : ClientNotifyMgr.oe674 (.text:ClientNotifyMgr_cbFxn)
                  c33ee3c0    000000e0                               : ClientNotifyMgr.oe674 (.text:ClientNotifyMgr_disableNotification)
                  c33ee4a0    000000e0                               : ClientNotifyMgr.oe674 (.text:ClientNotifyMgr_enableNotification)
                  c33ee580    000000e0                               : ClientNotifyMgr.oe674 (.text:ClientNotifyMgr_thFxn)
                  c33ee660    000000e0                               : FrameQBufMgr.oe674 (.text:FrameQBufMgr_getHandle)
                  c33ee740    000000e0                               : FrameQBufMgr.oe674 (.text:FrameQBufMgr_getInstNo)
                  c33ee820    000000e0                               : FrameQ_ShMem.oe674 (.text:FrameQ_ShMem_open)
                  c33ee900    000000e0     ipc.ae674 : Ipc.obj (.text:MessageQ_get)
                  c33ee9e0    000000e0               : Ipc.obj (.text:NameServer_getLocal)
                  c33eeac0    000000e0     Platform.lib : UARTConsole.obj (.text)
                  c33eeba0    000000e0     ti.syslink.ipc.rtos.ae674 : RingIOShm.oe674 (.text:RingIOShm_setup)
                  c33eec80    000000e0                               : RingIO.oe674 (.text:RingIO_destroy)
                  c33eed60    000000e0                               : SharedMemoryMgr.oe674 (.text:SyslinkMemMgr_SharedMemory_translate)
                  c33eee40    000000e0                               : RingIOShm.oe674 (.text:_RingIOShm_initInstance)
                  c33eef20    000000e0     ads8568_emif.oe674 (.text)
                  c33ef000    000000e0     rts6740_elf.lib : memset.obj (.text:memset)
                  c33ef0e0    000000e0     dsp_pe674.oe674 (.text:ti_sdo_ipc_GateMP_Object__create__S)
                  c33ef1c0    000000e0     ipc.ae674 : Ipc.obj (.text:ti_sdo_ipc_Ipc_getMasterAddr__I)
                  c33ef2a0    000000e0               : Ipc.obj (.text:ti_sdo_ipc_Ipc_getSlaveAddr__I)
                  c33ef380    000000e0     dsp_pe674.oe674 (.text:ti_sdo_ipc_ListMP_Object__create__S)
                  c33ef460    000000e0     ipc.ae674 : Ipc.obj (.text:ti_sdo_ipc_MessageQ_grow__I)
                  c33ef540    000000e0               : Ipc.obj (.text:ti_sdo_ipc_Notify_detach__F)
                  c33ef620    000000e0               : Ipc.obj (.text:ti_sdo_ipc_SharedRegion_reserveMemory__F)
                  c33ef700    000000e0               : Ipc.obj (.text:ti_sdo_ipc_SharedRegion_stop__F)
                  c33ef7e0    000000e0               : Ipc.obj (.text:ti_sdo_ipc_gates_GatePeterson_sharedMemReq__E)
                  c33ef8c0    000000e0     dsp_pe674.oe674 (.text:ti_sdo_ipc_heaps_HeapMemMP_Object__create__S)
                  c33ef9a0    000000e0     dsp_pe674.oe674 (.text:ti_sdo_ipc_notifyDrivers_NotifyDriverShm_Object__create__S)
                  c33efa80    000000e0     ipc.ae674 : Ipc.obj (.text:ti_sdo_utils_NameServer_Module_startup__F)
                  c33efb60    000000e0     sysbios.ae674 : BIOS.obj (.text:ti_sysbios_family_c64p_Cache_Module_startup__F)
                  c33efc40    000000e0                   : BIOS.obj (.text:ti_sysbios_family_c64p_Hwi_Instance_finalize__F)
                  c33efd20    000000e0                   : BIOS.obj (.text:ti_sysbios_family_c64p_Hwi_Instance_init__F)
                  c33efe00    000000e0                   : BIOS.obj (.text:ti_sysbios_knl_Task_unblockI__E)
                  c33efee0    000000e0     dsp_pe674.oe674 (.text:ti_sysbios_syncs_SyncSem_Object__create__S)
                  c33effc0    000000e0     ti.targets.rts6000.ae674 : Error.oe674 (.text:xdc_runtime_Error_print__F)
                  c33f00a0    000000e0     dsp_pe674.oe674 (.text:xdc_runtime_LoggerBuf_Object__create__S)
                  c33f0180    000000e0     ti.targets.rts6000.ae674 : Memory.oe674 (.text:xdc_runtime_Memory_alloc__F)
                  c33f0260    000000e0     dsp_pe674.oe674 (.text:xdc_runtime_knl_GateThread_Object__create__S)
                  c33f0340    000000c0     ti.syslink.ipc.rtos.ae674 : ClientNotifyMgr.oe674 (.text:ClientNotifyMgr_sharedMemReq)
                  c33f0400    000000c0                               : FrameQBufMgr_ShMem.oe674 (.text:FrameQBufMgr_ShMem_destroy)
                  c33f04c0    000000c0                               : FrameQ_ShMem.oe674 (.text:FrameQ_Shmem_updateCacheFlags)
                  c33f0580    000000c0     rts6740_elf.lib : trgdrv.obj (.text:HOSTwrite)
                  c33f0640    000000c0     ipc.ae674 : Ipc.obj (.text:HeapMemMP_create)
                  c33f0700    000000c0               : Ipc.obj (.text:Ipc_stop)
                  c33f07c0    000000c0               : Ipc.obj (.text:ListMP_create)
                  c33f0880    000000c0               : Ipc.obj (.text:MessageQ_create2)
                  c33f0940    000000c0               : Ipc.obj (.text:MultiProc_getId)
                  c33f0a00    000000c0               : Ipc.obj (.text:NameServer_create)
                  c33f0ac0    000000c0     ti.syslink.ipc.rtos.ae674 : RingIOShm.oe674 (.text:RingIOShm_resetNotifyId)
                  c33f0b80    000000c0     ipc.ae674 : Ipc.obj (.text:SharedRegion_getId)
                  c33f0c40    000000c0     ti.syslink.ipc.rtos.ae674 : SyslinkMemMgr.oe674 (.text:SyslinkMemMgr_delete)
                  c33f0d00    000000c0                               : RingIOShm.oe674 (.text:_RingIOShm_getFirstAcquiredAttr)
                  c33f0dc0    000000c0     rts6740_elf.lib : dtor_list.obj (.text:_Z11__TI_atexitPFYvPvES_S_)
                  c33f0e80    000000c0                     : dtor_list.obj (.text:__cxa_finalize)
                  c33f0f40    000000c0                     : divu.obj (.text:__divu)
                  c33f1000    000000c0                     : exit.obj (.text:exit)
                  c33f10c0    000000c0     ipc.ae674 : Ipc.obj (.text:ti_sdo_ipc_GateMP_attach__F)
                  c33f1180    000000c0               : Ipc.obj (.text:ti_sdo_ipc_ListMP_elemClear__I)
                  c33f1240    000000c0               : Ipc.obj (.text:ti_sdo_ipc_Notify_execMany__I)
                  c33f1300    000000c0               : Ipc.obj (.text:ti_sdo_ipc_SharedRegion_detach__F)
                  c33f13c0    000000c0               : Ipc.obj (.text:ti_sdo_ipc_family_da830_InterruptDsp_intRegister__E)
                  c33f1480    000000c0               : Ipc.obj (.text:ti_sdo_ipc_gates_GatePeterson_postInit__I)
                  c33f1540    000000c0               : Ipc.obj (.text:ti_sdo_ipc_nsremote_NameServerRemoteNotify_attach__E)
                  c33f1600    000000c0               : Ipc.obj (.text:ti_sdo_utils_NameServer_postInit__I)
                  c33f16c0    000000c0     sysbios.ae674 : BIOS.obj (.text:ti_sysbios_heaps_HeapMem_getStats__E)
                  c33f1780    000000c0                   : BIOS.obj (.text:ti_sysbios_knl_Swi_Instance_init__F)
                  c33f1840    000000c0                   : BIOS.obj (.text:ti_sysbios_knl_Swi_run__I)
                  c33f1900    000000c0                   : BIOS.obj (.text:ti_sysbios_knl_Task_allBlockedFunction__I)
                  c33f19c0    000000c0                   : BIOS.obj (.text:ti_sysbios_syncs_SyncSem_Instance_init__F)
                  c33f1a80    000000c0                   : BIOS.obj (.text:ti_sysbios_timers_timer64_Timer_startup__E)
                  c33f1b40    000000c0     ti.targets.rts6000.ae674 : LoggerBuf.oe674 (.text:xdc_runtime_LoggerBuf_Instance_init__F)
                  c33f1c00    000000c0     dsp_pe674.oe674 (.text:xdc_runtime_Registry_findById__E)
                  c33f1cc0    000000c0     ti.targets.rts6000.ae674 : System.oe674 (.text:xdc_runtime_System_formatNum__I)
                  c33f1d80    000000a0     ti.syslink.ipc.rtos.ae674 : FrameQBufMgr_ShMem.oe674 (.text:FrameQBufMgr_ShMem_getNumFreeFrames)
                  c33f1e20    000000a0                               : FrameQBufMgr_ShMem.oe674 (.text:FrameQBufMgr_ShMem_registerNotifier)
                  c33f1ec0    000000a0                               : FrameQBufMgr_ShMem.oe674 (.text:FrameQBufMgr_ShMem_translateAddr)
                  c33f1f60    000000a0                               : RingIOShm.oe674 (.text:RingIOShm_getCliNotifyMgrShAddr)
                  c33f2000    000000a0     ipc.ae674 : Ipc.obj (.text:SharedRegion_getPtr)
                  c33f20a0    000000a0               : Ipc.obj (.text:SharedRegion_getSRPtr)
                  c33f2140    000000a0     ti.syslink.ipc.rtos.ae674 : RingIOShm.oe674 (.text:_RingIOShm_isOffsetInBetween)
                  c33f21e0    000000a0     rts6740_elf.lib : remu.obj (.text:__remu)
                  c33f2280    000000a0     boot.ae674 : boot.oe674 (.text:_c_int00)
                  c33f2320    000000a0     sysbios.ae674 : c64p_Hwi_asm.obj (.text:_ti_sysbios_family_c64p_Hwi_plug__E)
                  c33f23c0    000000a0     rts6740_elf.lib : memcpy64.obj (.text:memcpy)
                  c33f2460    000000a0     mathlib.ae674 : sqrtsp.obj (.text:optasm)
                  c33f2500    000000a0     ipc.ae674 : Ipc.obj (.text:ti_sdo_ipc_GateMP_detach__F)
                  c33f25a0    000000a0               : Ipc.obj (.text:ti_sdo_ipc_GateMP_getRegion0ReservedSize__F)
                  c33f2640    000000a0               : Ipc.obj (.text:ti_sdo_ipc_GateMP_stop__F)
                  c33f26e0    000000a0               : Ipc.obj (.text:ti_sdo_ipc_gates_GatePeterson_leave__E)
                  c33f2780    000000a0               : Ipc.obj (.text:ti_sdo_ipc_notifyDrivers_NotifyDriverShm_Instance_finalize__F)
                  c33f2820    000000a0               : Ipc.obj (.text:ti_sdo_ipc_transports_TransportShmSetup_detach__E)
                  c33f28c0    000000a0     sysbios.ae674 : BIOS.obj (.text:ti_sysbios_family_c64p_Hwi_eventMap__E)
                  c33f2960    000000a0                   : BIOS.obj (.text:ti_sysbios_family_c64p_Hwi_getStackInfo__E)
                  c33f2a00    000000a0                   : BIOS.obj (.text:ti_sysbios_gates_GateMutex_enter__E)
                  c33f2aa0    000000a0                   : BIOS.obj (.text:ti_sysbios_heaps_HeapMem_init__I)
                  c33f2b40    000000a0                   : BIOS.obj (.text:ti_sysbios_knl_Clock_Instance_init__F)
                  c33f2be0    000000a0     dsp_pe674.oe674 (.text:ti_sysbios_knl_Clock_Object__create__S)
                  c33f2c80    000000a0     sysbios.ae674 : BIOS.obj (.text:ti_sysbios_knl_Idle_run__E)
                  c33f2d20    000000a0                   : BIOS.obj (.text:ti_sysbios_knl_Semaphore_pendTimeout__I)
                  c33f2dc0    000000a0                   : BIOS.obj (.text:ti_sysbios_knl_Swi_restore__E)
                  c33f2e60    000000a0                   : BIOS.obj (.text:ti_sysbios_syncs_SyncSem_wait__F)
                  c33f2f00    000000a0                   : BIOS.obj (.text:ti_sysbios_timers_timer64_Timer_stop__E)
                  c33f2fa0    000000a0     ti.targets.rts6000.ae674 : Assert.oe674 (.text:xdc_runtime_Assert_raise__I)
                  c33f3040    000000a0                              : LoggerBuf.oe674 (.text:xdc_runtime_LoggerBuf_Module_startup__F)
                  c33f30e0    000000a0                              : SysMin.oe674 (.text:xdc_runtime_SysMin_abort__F)
                  c33f3180    000000a0                              : SysMin.oe674 (.text:xdc_runtime_SysMin_flush__F)
                  c33f3220    000000a0                              : SysMin.oe674 (.text:xdc_runtime_SysMin_putch__F)
                  c33f32c0    000000a0                              : Text.oe674 (.text:xdc_runtime_Text_xprintf__I)
                  c33f3360    00000080     ti.syslink.ipc.rtos.ae674 : FrameQBufMgr_ShMem.oe674 (.text:FrameQBufMgr_ShMem_invalidateHeaderBuf)
                  c33f33e0    00000080                               : FrameQBufMgr.oe674 (.text:FrameQBufMgr_freeInstNo)
                  c33f3460    00000080                               : FrameQ_ShMem.oe674 (.text:FrameQ_ShMem_destroy)
                  c33f34e0    00000080     ipc.ae674 : Ipc.obj (.text:GateMP_close)
                  c33f3560    00000080               : Ipc.obj (.text:GateMP_create)
                  c33f35e0    00000080               : Ipc.obj (.text:HeapMemMP_restore)
                  c33f3660    00000080               : Ipc.obj (.text:MessageQ_alloc)
                  c33f36e0    00000080               : Ipc.obj (.text:MessageQ_free)
                  c33f3760    00000080     ti.syslink.ipc.rtos.ae674 : RingIOShm.oe674 (.text:RingIOShm_getAcquiredOffset)
                  c33f37e0    00000080                               : RingIOShm.oe674 (.text:RingIOShm_getAcquiredSize)
                  c33f3860    00000080                               : RingIOShm.oe674 (.text:RingIOShm_getEmptyAttrSize)
                  c33f38e0    00000080                               : RingIOShm.oe674 (.text:RingIOShm_getEmptySize)
                  c33f3960    00000080                               : RingIOShm.oe674 (.text:RingIOShm_getValidAttrSize)
                  c33f39e0    00000080                               : RingIOShm.oe674 (.text:RingIOShm_getValidSize)
                  c33f3a60    00000080                               : RingIOShm.oe674 (.text:RingIOShm_getWaterMark)
                  c33f3ae0    00000080                               : RingIOShm.oe674 (.text:RingIOShm_setWaterMark)
                  c33f3b60    00000080     ipc.ae674 : Ipc.obj (.text:SharedRegion_getEntry)
                  c33f3be0    00000080     ti.syslink.ipc.rtos.ae674 : SharedMemoryMgr.oe674 (.text:SyslinkMemMgr_SharedMemory_delete)
                  c33f3c60    00000080                               : TilerMemoryMgr.oe674 (.text:SyslinkMemMgr_TilerMemory_delete)
                  c33f3ce0    00000080     rts6740_elf.lib : llshift.obj (.text:__c6xabi_llshl)
                  c33f3d60    00000080     sysbios.ae674 : c62_TaskSupport_asm.obj (.text:_ti_sysbios_family_c62_TaskSupport_swap__E)
                  c33f3de0    00000080     dsp_pe674.oe674 (.text:malloc)
                  c33f3e60    00000080     rts6740_elf.lib : trgmsg.obj (.text:readmsg)
                  c33f3ee0    00000080     ipc.ae674 : Ipc.obj (.text:ti_sdo_ipc_Notify_Module_startup__F)
                  c33f3f60    00000080               : Ipc.obj (.text:ti_sdo_ipc_family_da830_NotifySetup_sharedMemReq__E)
                  c33f3fe0    00000080     dsp_pe674.oe674 (.text:ti_sdo_ipc_gates_GateMPSupportNull_Object__create__S)
                  c33f4060    00000080     ipc.ae674 : Ipc.obj (.text:ti_sdo_ipc_notifyDrivers_NotifyDriverShm_sharedMemReq__F)
                  c33f40e0    00000080               : Ipc.obj (.text:ti_sdo_ipc_nsremote_NameServerRemoteNotify_detach__E)
                  c33f4160    00000080               : Ipc.obj (.text:ti_sdo_ipc_transports_TransportShm_swiFxn__I)
                  c33f41e0    00000080     dsp_pe674.oe674 (.text:ti_sdo_utils_List_Object__create__S)
                  c33f4260    00000080     sysbios.ae674 : BIOS.obj (.text:ti_sysbios_BIOS_errorRaiseHook__I)
                  c33f42e0    00000080     dsp_pe674.oe674 (.text:ti_sysbios_BIOS_exitFunc__I)
                  c33f4360    00000080     dsp_pe674.oe674 (.text:ti_sysbios_gates_GateAll_Object__create__S)
                  c33f43e0    00000080     dsp_pe674.oe674 (.text:ti_sysbios_gates_GateHwi_Object__create__S)
                  c33f4460    00000080     dsp_pe674.oe674 (.text:ti_sysbios_gates_GateMutexPri_Object__create__S)
                  c33f44e0    00000080     dsp_pe674.oe674 (.text:ti_sysbios_gates_GateMutex_Object__create__S)
                  c33f4560    00000080     dsp_pe674.oe674 (.text:ti_sysbios_gates_GateSwi_Object__create__S)
                  c33f45e0    00000080     sysbios.ae674 : BIOS.obj (.text:ti_sysbios_hal_Hwi_checkStack:ti_sysbios_hal_Hwi_checkStack)
                  c33f4660    00000080                   : BIOS.obj (.text:ti_sysbios_hal_Hwi_initStack:ti_sysbios_hal_Hwi_initStack)
                  c33f46e0    00000080                   : BIOS.obj (.text:ti_sysbios_heaps_HeapMem_Instance_init__F)
                  c33f4760    00000080     dsp_pe674.oe674 (.text:ti_sysbios_heaps_HeapMem_Object__create__S)
                  c33f47e0    00000080     sysbios.ae674 : BIOS.obj (.text:ti_sysbios_knl_Clock_Module_startup__F)
                  c33f4860    00000080     dsp_pe674.oe674 (.text:ti_sysbios_knl_Clock_doTick__I)
                  c33f48e0    00000080     sysbios.ae674 : BIOS.obj (.text:ti_sysbios_knl_Clock_getTicks__E)
                  c33f4960    00000080     dsp_pe674.oe674 (.text:ti_sysbios_knl_Queue_Object__create__S)
                  c33f49e0    00000080     dsp_pe674.oe674 (.text:ti_sysbios_knl_Semaphore_Object__create__S)
                  c33f4a60    00000080     sysbios.ae674 : BIOS.obj (.text:ti_sysbios_knl_Swi_post__E)
                  c33f4ae0    00000080                   : BIOS.obj (.text:ti_sysbios_knl_Task_processVitalTaskFlag__I)
                  c33f4b60    00000080                   : BIOS.obj (.text:ti_sysbios_knl_Task_restoreHwi__E)
                  c33f4be0    00000080                   : BIOS.obj (.text:ti_sysbios_knl_Task_restore__E)
                  c33f4c60    00000080                   : BIOS.obj (.text:ti_sysbios_knl_Task_yield__E)
                  c33f4ce0    00000080                   : BIOS.obj (.text:ti_sysbios_timers_timer64_Timer_getExpiredCounts__E)
                  c33f4d60    00000080                   : BIOS.obj (.text:ti_sysbios_timers_timer64_Timer_getPeriod__E)
                  c33f4de0    00000080     dsp_pe674.oe674 (.text:ti_sysbios_xdcruntime_GateThreadSupport_Object__create__S)
                  c33f4e60    00000080     ti.targets.rts6000.ae674 : Core-label.oe674 (.text:xdc_runtime_Core_assignLabel__I)
                  c33f4ee0    00000080                              : Core-params.oe674 (.text:xdc_runtime_Core_assignParams__I)
                  c33f4f60    00000080                              : LoggerBuf.oe674 (.text:xdc_runtime_LoggerBuf_filterOutEvent__I)
                  c33f4fe0    00000080                              : System.oe674 (.text:xdc_runtime_System_atexit__F)
                  c33f5060    00000080                              : System.oe674 (.text:xdc_runtime_System_putchar__I)
                  c33f50e0    00000080                              : System.oe674 (.text:xdc_runtime_System_rtsExit__I)
                  c33f5160    00000080                              : Text.oe674 (.text:xdc_runtime_Text_printVisFxn__I)
                  c33f51e0    00000060     ti.syslink.ipc.rtos.ae674 : ClientNotifyMgr.oe674 (.text:ClientNotifyMgr_Params_init)
                  c33f5240    00000060                               : ClientNotifyMgr.oe674 (.text:ClientNotifyMgr_callBack)
                  c33f52a0    00000060                               : ClientNotifyMgr.oe674 (.text:ClientNotifyMgr_getConfig)
                  c33f5300    00000060                               : ClientNotifyMgr.oe674 (.text:ClientNotifyMgr_setNameServer)
                  c33f5360    00000060                               : FrameQBufMgr.oe674 (.text:FrameQBufMgr_Params_init)
                  c33f53c0    00000060                               : FrameQBufMgr_ShMem.oe674 (.text:FrameQBufMgr_ShMem_getConfig)
                  c33f5420    00000060                               : FrameQBufMgr_ShMem.oe674 (.text:FrameQBufMgr_ShMem_invalidateFrameBuf)
                  c33f5480    00000060                               : FrameQBufMgr_ShMem.oe674 (.text:FrameQBufMgr_ShMem_unregisterNotifier)
                  c33f54e0    00000060                               : FrameQBufMgr_ShMem.oe674 (.text:FrameQBufMgr_ShMem_writeBackFrameBuf)
                  c33f5540    00000060                               : FrameQBufMgr_ShMem.oe674 (.text:FrameQBufMgr_ShMem_writeBackHeaderBuf)
                  c33f55a0    00000060                               : FrameQBufMgr.oe674 (.text:FrameQBufMgr_getConfig)
                  c33f5600    00000060                               : FrameQ_ShMem.oe674 (.text:FrameQ_ShMem_alloc)
                  c33f5660    00000060                               : FrameQ_ShMem.oe674 (.text:FrameQ_ShMem_allocv)
                  c33f56c0    00000060                               : FrameQ_ShMem.oe674 (.text:FrameQ_ShMem_freev)
                  c33f5720    00000060                               : FrameQ_ShMem.oe674 (.text:FrameQ_ShMem_getConfig)
                  c33f5780    00000060     ipc.ae674 : Ipc.obj (.text:GateMP_Params_init)
                  c33f57e0    00000060               : Ipc.obj (.text:HeapMemMP_Params_init)
                  c33f5840    00000060               : Ipc.obj (.text:MessageQ_msgInit$4)
                  c33f58a0    00000060               : Ipc.obj (.text:Notify_numIntLines)
                  c33f5900    00000060               : Ipc.obj (.text:Notify_sharedMemReq)
                  c33f5960    00000060     ti.syslink.ipc.rtos.ae674 : RingIOShm.oe674 (.text:RingIOShm_acquire)
                  c33f59c0    00000060                               : RingIOShm.oe674 (.text:RingIOShm_cancel)
                  c33f5a20    00000060                               : RingIOShm.oe674 (.text:RingIOShm_setvAttribute)
                  c33f5a80    00000060     ipc.ae674 : Ipc.obj (.text:SharedRegion_getCacheLineSize)
                  c33f5ae0    00000060               : Ipc.obj (.text:SharedRegion_getHeap)
                  c33f5b40    00000060               : Ipc.obj (.text:SharedRegion_isCacheEnabled)
                  c33f5ba0    00000060     ti.syslink.ipc.rtos.ae674 : SharedMemoryMgr.oe674 (.text:SyslinkMemMgr_SharedMemory_alloc)
                  c33f5c00    00000060                               : SharedMemoryMgr.oe674 (.text:SyslinkMemMgr_SharedMemory_create)
                  c33f5c60    00000060                               : SharedMemoryMgr.oe674 (.text:SyslinkMemMgr_SharedMemory_free)
                  c33f5cc0    00000060                               : TilerMemoryMgr.oe674 (.text:SyslinkMemMgr_TilerMemory_create)
                  c33f5d20    00000060                               : SyslinkMemMgr.oe674 (.text:SyslinkMemMgr_alloc)
                  c33f5d80    00000060                               : SyslinkMemMgr.oe674 (.text:SyslinkMemMgr_free)
                  c33f5de0    00000060     rts6740_elf.lib : imath64.obj (.text:_subcull)
                  c33f5e40    00000060     dsp_pe674.oe674 (.text:ti_sdo_ipc_GateMP_Object__delete__S)
                  c33f5ea0    00000060     ipc.ae674 : Ipc.obj (.text:ti_sdo_ipc_GateMP_createLocal__F)
                  c33f5f00    00000060               : Ipc.obj (.text:ti_sdo_ipc_Ipc_getRegion0ReservedSize__I)
                  c33f5f60    00000060     dsp_pe674.oe674 (.text:ti_sdo_ipc_ListMP_Object__delete__S)
                  c33f5fc0    00000060     dsp_pe674.oe674 (.text:ti_sdo_ipc_MessageQ_Object__delete__S)
                  c33f6020    00000060     dsp_pe674.oe674 (.text:ti_sdo_ipc_Notify_Object__delete__S)
                  c33f6080    00000060     ipc.ae674 : Ipc.obj (.text:ti_sdo_ipc_gates_GatePeterson_Instance_finalize__F)
                  c33f60e0    00000060     dsp_pe674.oe674 (.text:ti_sdo_ipc_gates_GatePeterson_Object__delete__S)
                  c33f6140    00000060     dsp_pe674.oe674 (.text:ti_sdo_ipc_heaps_HeapMemMP_Object__delete__S)
                  c33f61a0    00000060     dsp_pe674.oe674 (.text:ti_sdo_ipc_notifyDrivers_NotifyDriverShm_Object__delete__S)
                  c33f6200    00000060     ipc.ae674 : Ipc.obj (.text:ti_sdo_ipc_notifyDrivers_NotifyDriverShm_enableEvent__E)
                  c33f6260    00000060               : Ipc.obj (.text:ti_sdo_ipc_notifyDrivers_NotifyDriverShm_setNotifyHandle__E)
                  c33f62c0    00000060     dsp_pe674.oe674 (.text:ti_sdo_ipc_nsremote_NameServerRemoteNotify_Object__delete__S)
                  c33f6320    00000060     ipc.ae674 : Ipc.obj (.text:ti_sdo_ipc_transports_TransportShmSetup_sharedMemReq__E)
                  c33f6380    00000060     dsp_pe674.oe674 (.text:ti_sdo_ipc_transports_TransportShm_Object__delete__S)
                  c33f63e0    00000060     dsp_pe674.oe674 (.text:ti_sdo_utils_NameServer_Object__delete__S)
                  c33f6440    00000060     sysbios.ae674 : BIOS.obj (.text:ti_sysbios_BIOS_registerRTSLock__I)
                  c33f64a0    00000060                   : BIOS.obj (.text:ti_sysbios_BIOS_removeRTSLock__I)
                  c33f6500    00000060                   : BIOS.obj (.text:ti_sysbios_BIOS_rtsLock__I)
                  c33f6560    00000060                   : BIOS.obj (.text:ti_sysbios_family_c62_TaskSupport_start__E)
                  c33f65c0    00000060                   : BIOS.obj (.text:ti_sysbios_family_c64p_Cache_all__I)
                  c33f6620    00000060                   : BIOS.obj (.text:ti_sysbios_family_c64p_Cache_marInit__I)
                  c33f6680    00000060                   : BIOS.obj (.text:ti_sysbios_family_c64p_Cache_setMar__E)
                  c33f66e0    00000060                   : BIOS.obj (.text:ti_sysbios_family_c64p_Cache_setSize__E)
                  c33f6740    00000060                   : BIOS.obj (.text:ti_sysbios_family_c64p_Cache_wait__E)
                  c33f67a0    00000060     dsp_pe674.oe674 (.text:ti_sysbios_family_c64p_Hwi_Object__delete__S)
                  c33f6800    00000060     sysbios.ae674 : BIOS.obj (.text:ti_sysbios_gates_GateAll_enter__E)
                  c33f6860    00000060                   : BIOS.obj (.text:ti_sysbios_gates_GateAll_leave__E)
                  c33f68c0    00000060     dsp_pe674.oe674 (.text:ti_sysbios_gates_GateMutexPri_Object__delete__S)
                  c33f6920    00000060     sysbios.ae674 : BIOS.obj (.text:ti_sysbios_gates_GateMutex_Instance_init__F)
                  c33f6980    00000060     dsp_pe674.oe674 (.text:ti_sysbios_gates_GateMutex_Object__delete__S)
                  c33f69e0    00000060     sysbios.ae674 : BIOS.obj (.text:ti_sysbios_hal_Hwi_Instance_init__F)
                  c33f6a40    00000060                   : BIOS.obj (.text:ti_sysbios_knl_Clock_setupTimerToSkipTicks__E)
                  c33f6aa0    00000060                   : BIOS.obj (.text:ti_sysbios_knl_Semaphore_Instance_init__F)
                  c33f6b00    00000060     dsp_pe674.oe674 (.text:ti_sysbios_knl_Semaphore_Object__delete__S)
                  c33f6b60    00000060     sysbios.ae674 : BIOS.obj (.text:ti_sysbios_knl_Swi_Module_startup__F)
                  c33f6bc0    00000060     dsp_pe674.oe674 (.text:ti_sysbios_knl_Swi_Object__delete__S)
                  c33f6c20    00000060     dsp_pe674.oe674 (.text:ti_sysbios_knl_Task_Object__delete__S)
                  c33f6c80    00000060     sysbios.ae674 : BIOS.obj (.text:ti_sysbios_knl_Task_enter__I)
                  c33f6ce0    00000060                   : BIOS.obj (.text:ti_sysbios_knl_Task_sleepTimeout__I)
                  c33f6d40    00000060     dsp_pe674.oe674 (.text:ti_sysbios_syncs_SyncSem_Object__delete__S)
                  c33f6da0    00000060     dsp_pe674.oe674 (.text:ti_sysbios_xdcruntime_GateThreadSupport_Object__delete__S)
                  c33f6e00    00000060     ti.syslink.ipc.rtos.ae674 : Syslink.oe674 (.text:ti_syslink_ipc_rtos_Syslink_attach)
                  c33f6e60    00000060     rts6740_elf.lib : trgmsg.obj (.text:writemsg)
                  c33f6ec0    00000060     dsp_pe674.oe674 (.text:xdc_runtime_GateNull_Object__create__S)
                  c33f6f20    00000060     dsp_pe674.oe674 (.text:xdc_runtime_LoggerBuf_Object__delete__S)
                  c33f6f80    00000060     ti.targets.rts6000.ae674 : Memory.oe674 (.text:xdc_runtime_Memory_calloc__F)
                  c33f6fe0    00000060                              : Memory.oe674 (.text:xdc_runtime_Memory_valloc__F)
                  c33f7040    00000060                              : SysMin.oe674 (.text:xdc_runtime_SysMin_Module_startup__F)
                  c33f70a0    00000060                              : SysMin.oe674 (.text:xdc_runtime_SysMin_exit__F)
                  c33f7100    00000060     dsp_pe674.oe674 (.text:xdc_runtime_SysMin_output__I)
                  c33f7160    00000060     ti.targets.rts6000.ae674 : System.oe674 (.text:xdc_runtime_System_aprintf_va__F)
                  c33f71c0    00000060                              : System.oe674 (.text:xdc_runtime_System_printf_va__F)
                  c33f7220    00000060                              : Text.oe674 (.text:xdc_runtime_Text_cordText__F)
                  c33f7280    00000060     dsp_pe674.oe674 (.text:xdc_runtime_knl_GateThread_Object__delete__S)
                  c33f72e0    00000040     ti.syslink.ipc.rtos.ae674 : FrameQ_ShMem.oe674 (.text:FrameQ_ShMem_dup)
                  c33f7320    00000040                               : FrameQ_ShMem.oe674 (.text:FrameQ_ShMem_free)
                  c33f7360    00000040                               : FrameQ_ShMem.oe674 (.text:FrameQ_ShMem_getNumFreeFrames)
                  c33f73a0    00000040                               : FrameQ_ShMem.oe674 (.text:FrameQ_ShMem_getvNumFreeFrames)
                  c33f73e0    00000040                               : FrameQ_ShMem.oe674 (.text:FrameQ_ShMem_sendNotify)
                  c33f7420    00000040                               : FrameQ.oe674 (.text:FrameQ_getConfig)
                  c33f7460    00000040     ipc.ae674 : Ipc.obj (.text:MessageQ_create)
                  c33f74a0    00000040               : Ipc.obj (.text:MessageQ_registerHeap)
                  c33f74e0    00000040               : Ipc.obj (.text:MessageQ_unregisterHeap)
                  c33f7520    00000040               : Ipc.obj (.text:Notify_intLineRegistered)
                  c33f7560    00000040     ti.syslink.ipc.rtos.ae674 : RingIOShm.oe674 (.text:RingIOShm_destroy)
                  c33f75a0    00000040                               : RingIOShm.oe674 (.text:RingIOShm_getCliNotifyMgrGateShAddr)
                  c33f75e0    00000040                               : RingIOShm.oe674 (.text:RingIOShm_getvAttribute)
                  c33f7620    00000040                               : SharedMemoryMgr.oe674 (.text:SyslinkMemMgr_SharedMemory_Params_init)
                  c33f7660    00000040                               : TilerMemoryMgr.oe674 (.text:SyslinkMemMgr_TilerMemory_Params_init)
                  c33f76a0    00000040                               : RingIOShm.oe674 (.text:_RingIOShm_sendNotification)
                  c33f76e0    00000040     rts6740_elf.lib : frcmpyd_div.obj (.text:__c6xabi_frcmpyd_div)
                  c33f7720    00000040                     : llshift.obj (.text:__c6xabi_llshru)
                  c33f7760    00000040                     : strasg.obj (.text:__strasgi_64plus)
                  c33f77a0    00000040                     : args_main.obj (.text:_args_main)
                  c33f77e0    00000040     sysbios.ae674 : c62_TaskSupport_asm.obj (.text:_ti_sysbios_family_c62_TaskSupport_buildTaskStack)
                  c33f7820    00000040                   : c64p_Hwi_asm_switch.obj (.text:_ti_sysbios_family_xxx_Hwi_switchToIsrStack)
                  c33f7860    00000040     dsp_pe674.oe674 (.text:free)
                  c33f78a0    00000040     ti.syslink.ipc.rtos.ae674 : FrameQBufMgr_ShMem.oe674 (.text:strcpy)
                  c33f78e0    00000040     ipc.ae674 : Ipc.obj (.text:ti_sdo_ipc_MessageQ_registerTransport__F)
                  c33f7920    00000040               : Ipc.obj (.text:ti_sdo_ipc_MessageQ_unregisterTransport__F)
                  c33f7960    00000040               : Ipc.obj (.text:ti_sdo_ipc_Notify_exec__F)
                  c33f79a0    00000040               : Ipc.obj (.text:ti_sdo_ipc_SharedRegion_resetInternalFields__F)
                  c33f79e0    00000040               : Ipc.obj (.text:ti_sdo_ipc_family_da830_InterruptDsp_intClear__E)
                  c33f7a20    00000040               : Ipc.obj (.text:ti_sdo_ipc_family_da830_InterruptDsp_intSend__E)
                  c33f7a60    00000040     dsp_pe674.oe674 (.text:ti_sdo_ipc_gates_GateMPSupportNull_Handle__label__S)
                  c33f7aa0    00000040     dsp_pe674.oe674 (.text:ti_sdo_ipc_gates_GateMPSupportNull_Object__delete__S)
                  c33f7ae0    00000040     dsp_pe674.oe674 (.text:ti_sdo_ipc_gates_GatePeterson_Handle__label__S)
                  c33f7b20    00000040     dsp_pe674.oe674 (.text:ti_sdo_ipc_heaps_HeapMemMP_Handle__label__S)
                  c33f7b60    00000040     dsp_pe674.oe674 (.text:ti_sdo_ipc_notifyDrivers_NotifyDriverShm_Handle__label__S)
                  c33f7ba0    00000040     dsp_pe674.oe674 (.text:ti_sdo_ipc_nsremote_NameServerRemoteNotify_Handle__label__S)
                  c33f7be0    00000040     ipc.ae674 : Ipc.obj (.text:ti_sdo_ipc_nsremote_NameServerRemoteNotify_sharedMemReq__E)
                  c33f7c20    00000040     dsp_pe674.oe674 (.text:ti_sdo_ipc_transports_TransportShm_Handle__label__S)
                  c33f7c60    00000040     dsp_pe674.oe674 (.text:ti_sdo_utils_List_Object__delete__S)
                  c33f7ca0    00000040     ipc.ae674 : Ipc.obj (.text:ti_sdo_utils_List_get__E)
                  c33f7ce0    00000040               : Ipc.obj (.text:ti_sdo_utils_List_putHead__E)
                  c33f7d20    00000040               : Ipc.obj (.text:ti_sdo_utils_List_put__E)
                  c33f7d60    00000040     dsp_pe674.oe674 (.text:ti_sdo_utils_NameServer_Module__startupDone__F)
                  c33f7da0    00000040     dsp_pe674.oe674 (.text:ti_sdo_utils_NameServer_Object__get__S)
                  c33f7de0    00000040     ipc.ae674 : Ipc.obj (.text:ti_sdo_utils_NameServer_registerRemoteDriver__E)
                  c33f7e20    00000040               : Ipc.obj (.text:ti_sdo_utils_NameServer_unregisterRemoteDriver__E)
                  c33f7e60    00000040     sysbios.ae674 : BIOS.obj (.text:ti_sysbios_BIOS_rtsUnlock__I)
                  c33f7ea0    00000040     dsp_pe674.oe674 (.text:ti_sysbios_BIOS_startFunc__I)
                  c33f7ee0    00000040     dsp_pe674.oe674 (.text:ti_sysbios_family_c64p_Hwi_Module__startupDone__F)
                  c33f7f20    00000040     sysbios.ae674 : BIOS.obj (.text:ti_sysbios_family_c64p_Hwi_disableInterrupt__E)
                  c33f7f60    00000040                   : BIOS.obj (.text:ti_sysbios_family_c64p_Hwi_enableInterrupt__E)
                  c33f7fa0    00000040                   : BIOS.obj (.text:ti_sysbios_family_c64p_primus_TimerSupport_enable__E)
                  c33f7fe0    00000040     dsp_pe674.oe674 (.text:ti_sysbios_gates_GateAll_Handle__label__S)
                  c33f8020    00000040     dsp_pe674.oe674 (.text:ti_sysbios_gates_GateAll_Object__delete__S)
                  c33f8060    00000040     dsp_pe674.oe674 (.text:ti_sysbios_gates_GateHwi_Handle__label__S)
                  c33f80a0    00000040     dsp_pe674.oe674 (.text:ti_sysbios_gates_GateHwi_Object__delete__S)
                  c33f80e0    00000040     dsp_pe674.oe674 (.text:ti_sysbios_gates_GateMutexPri_Handle__label__S)
                  c33f8120    00000040     sysbios.ae674 : BIOS.obj (.text:ti_sysbios_gates_GateMutexPri_Instance_init__F)
                  c33f8160    00000040     dsp_pe674.oe674 (.text:ti_sysbios_gates_GateMutexPri_Object__destruct__S)
                  c33f81a0    00000040     dsp_pe674.oe674 (.text:ti_sysbios_gates_GateMutex_Handle__label__S)
                  c33f81e0    00000040     sysbios.ae674 : BIOS.obj (.text:ti_sysbios_gates_GateMutex_leave__E)
                  c33f8220    00000040     dsp_pe674.oe674 (.text:ti_sysbios_gates_GateSwi_Handle__label__S)
                  c33f8260    00000040     dsp_pe674.oe674 (.text:ti_sysbios_gates_GateSwi_Object__delete__S)
                  c33f82a0    00000040     dsp_pe674.oe674 (.text:ti_sysbios_hal_Timer_Module__startupDone__F)
                  c33f82e0    00000040     dsp_pe674.oe674 (.text:ti_sysbios_heaps_HeapMem_Handle__label__S)
                  c33f8320    00000040     dsp_pe674.oe674 (.text:ti_sysbios_heaps_HeapMem_Object__delete__S)
                  c33f8360    00000040     dsp_pe674.oe674 (.text:ti_sysbios_heaps_HeapMem_Object__get__S)
                  c33f83a0    00000040     sysbios.ae674 : BIOS.obj (.text:ti_sysbios_knl_Clock_start__E)
                  c33f83e0    00000040     dsp_pe674.oe674 (.text:ti_sysbios_knl_Queue_Object__delete__S)
                  c33f8420    00000040     sysbios.ae674 : BIOS.obj (.text:ti_sysbios_knl_Queue_get__E)
                  c33f8460    00000040                   : BIOS.obj (.text:ti_sysbios_knl_Queue_put__E)
                  c33f84a0    00000040     dsp_pe674.oe674 (.text:ti_sysbios_knl_Semaphore_Object__destruct__S)
                  c33f84e0    00000040     dsp_pe674.oe674 (.text:ti_sysbios_knl_Swi_Object__destruct__S)
                  c33f8520    00000040     dsp_pe674.oe674 (.text:ti_sysbios_knl_Swi_Object__get__S)
                  c33f8560    00000040     dsp_pe674.oe674 (.text:ti_sysbios_knl_Task_Object__get__S)
                  c33f85a0    00000040     dsp_pe674.oe674 (.text:ti_sysbios_syncs_SyncSem_Handle__label__S)
                  c33f85e0    00000040     dsp_pe674.oe674 (.text:ti_sysbios_timers_timer64_Timer_Module__startupDone__F)
                  c33f8620    00000040     sysbios.ae674 : BIOS.obj (.text:ti_sysbios_xdcruntime_GateThreadSupport_Instance_init__F)
                  c33f8660    00000040     ti.syslink.ipc.rtos.ae674 : Syslink.oe674 (.text:ti_syslink_ipc_rtos_Syslink_detach)
                  c33f86a0    00000040     ti.targets.rts6000.ae674 : Error.oe674 (.text:xdc_runtime_Error_check__F)
                  c33f86e0    00000040                              : Error.oe674 (.text:xdc_runtime_Error_init__F)
                  c33f8720    00000040     dsp_pe674.oe674 (.text:xdc_runtime_GateNull_Handle__label__S)
                  c33f8760    00000040     dsp_pe674.oe674 (.text:xdc_runtime_GateNull_Object__delete__S)
                  c33f87a0    00000040     dsp_pe674.oe674 (.text:xdc_runtime_LoggerBuf_Handle__label__S)
                  c33f87e0    00000040     ti.targets.rts6000.ae674 : LoggerBuf.oe674 (.text:xdc_runtime_LoggerBuf_Instance_finalize__F)
                  c33f8820    00000040     dsp_pe674.oe674 (.text:xdc_runtime_LoggerBuf_Object__get__S)
                  c33f8860    00000040     ti.targets.rts6000.ae674 : LoggerBuf.oe674 (.text:xdc_runtime_LoggerBuf_write0__F)
                  c33f88a0    00000040     dsp_pe674.oe674 (.text:xdc_runtime_LoggerBuf_write8__E)
                  c33f88e0    00000040     ti.targets.rts6000.ae674 : Memory.oe674 (.text:xdc_runtime_Memory_free__F)
                  c33f8920    00000040                              : Registry.oe674 (.text:xdc_runtime_Registry_findById__F)
                  c33f8960    00000040                              : System.oe674 (.text:xdc_runtime_System_abort__F)
                  c33f89a0    00000040     dsp_pe674.oe674 (.text:xdc_runtime_System_aprintf__E)
                  c33f89e0    00000040     dsp_pe674.oe674 (.text:xdc_runtime_System_printf__E)
                  c33f8a20    00000040     ti.targets.rts6000.ae674 : Text.oe674 (.text:xdc_runtime_Text_ropeText__F)
                  c33f8a60    00000040     dsp_pe674.oe674 (.text:xdc_runtime_knl_GateThread_Handle__label__S)
                  c33f8aa0    00000040     ti.targets.rts6000.ae674 : GateThread.oe674 (.text:xdc_runtime_knl_GateThread_Instance_finalize__F)
                  c33f8ae0    00000040                              : GateThread.oe674 (.text:xdc_runtime_knl_GateThread_Instance_init__F)
                  c33f8b20    00000020     ti.syslink.ipc.rtos.ae674 : ClientNotifyMgr.oe674 (.text:ClientNotifyMgr_close)
                  c33f8b40    00000020                               : ClientNotifyMgr.oe674 (.text:ClientNotifyMgr_create)
                  c33f8b60    00000020                               : ClientNotifyMgr.oe674 (.text:ClientNotifyMgr_deleteNameServer)
                  c33f8b80    00000020                               : FrameQBufMgr_ShMem.oe674 (.text:FrameQBufMgr_ShMem_add)
                  c33f8ba0    00000020                               : FrameQBufMgr_ShMem.oe674 (.text:FrameQBufMgr_ShMem_close)
                  c33f8bc0    00000020                               : FrameQBufMgr_ShMem.oe674 (.text:FrameQBufMgr_ShMem_control)
                  c33f8be0    00000020                               : FrameQBufMgr_ShMem.oe674 (.text:FrameQBufMgr_ShMem_getId)
                  c33f8c00    00000020                               : FrameQBufMgr_ShMem.oe674 (.text:FrameQBufMgr_ShMem_isCacheEnabledForFrameBuf)
                  c33f8c20    00000020                               : FrameQBufMgr_ShMem.oe674 (.text:FrameQBufMgr_ShMem_isCacheEnabledForHeaderBuf)
                  c33f8c40    00000020                               : FrameQBufMgr_ShMem.oe674 (.text:FrameQBufMgr_ShMem_remove)
                  c33f8c60    00000020                               : FrameQBufMgr.oe674 (.text:FrameQBufMgr_alloc)
                  c33f8c80    00000020                               : FrameQBufMgr.oe674 (.text:FrameQBufMgr_allocv)
                  c33f8ca0    00000020                               : FrameQBufMgr.oe674 (.text:FrameQBufMgr_close)
                  c33f8cc0    00000020                               : FrameQBufMgr.oe674 (.text:FrameQBufMgr_dup)
                  c33f8ce0    00000020                               : FrameQBufMgr.oe674 (.text:FrameQBufMgr_dupv)
                  c33f8d00    00000020                               : FrameQBufMgr.oe674 (.text:FrameQBufMgr_free)
                  c33f8d20    00000020                               : FrameQBufMgr.oe674 (.text:FrameQBufMgr_freev)
                  c33f8d40    00000020                               : FrameQBufMgr.oe674 (.text:FrameQBufMgr_getBaseHeaderSize)
                  c33f8d60    00000020                               : FrameQBufMgr.oe674 (.text:FrameQBufMgr_getId)
                  c33f8d80    00000020                               : FrameQBufMgr.oe674 (.text:FrameQBufMgr_getNumFreeFrames)
                  c33f8da0    00000020                               : FrameQBufMgr.oe674 (.text:FrameQBufMgr_getvNumFreeFrames)
                  c33f8dc0    00000020                               : FrameQBufMgr.oe674 (.text:FrameQBufMgr_invalidateFrameBuf)
                  c33f8de0    00000020                               : FrameQBufMgr.oe674 (.text:FrameQBufMgr_invalidateHeaderBuf)
                  c33f8e00    00000020                               : FrameQBufMgr.oe674 (.text:FrameQBufMgr_isCacheEnabledForFrameBuf)
                  c33f8e20    00000020                               : FrameQBufMgr.oe674 (.text:FrameQBufMgr_isCacheEnabledForHeaderBuf)
                  c33f8e40    00000020                               : FrameQBufMgr.oe674 (.text:FrameQBufMgr_registerNotifier)
                  c33f8e60    00000020                               : FrameQBufMgr.oe674 (.text:FrameQBufMgr_translateAddr)
                  c33f8e80    00000020                               : FrameQBufMgr.oe674 (.text:FrameQBufMgr_unregisterNotifier)
                  c33f8ea0    00000020                               : FrameQBufMgr.oe674 (.text:FrameQBufMgr_writeBackFrameBuf)
                  c33f8ec0    00000020                               : FrameQBufMgr.oe674 (.text:FrameQBufMgr_writeBackHeaderBuf)
                  c33f8ee0    00000020                               : FrameQ_ShMem.oe674 (.text:FrameQ_ShMem_Params_init)
                  c33f8f00    00000020                               : FrameQ_ShMem.oe674 (.text:FrameQ_ShMem_close)
                  c33f8f20    00000020                               : FrameQ_ShMem.oe674 (.text:FrameQ_ShMem_control)
                  c33f8f40    00000020     ipc.ae674 : Ipc.obj (.text:GateMP_delete)
                  c33f8f60    00000020               : Ipc.obj (.text:GateMP_enter)
                  c33f8f80    00000020               : Ipc.obj (.text:GateMP_getDefaultRemote)
                  c33f8fa0    00000020               : Ipc.obj (.text:GateMP_getLocalProtect)
                  c33f8fc0    00000020               : Ipc.obj (.text:GateMP_leave)
                  c33f8fe0    00000020               : Ipc.obj (.text:ListMP_Params_init)
                  c33f9000    00000020               : Ipc.obj (.text:ListMP_close)
                  c33f9020    00000020               : Ipc.obj (.text:ListMP_delete)
                  c33f9040    00000020               : Ipc.obj (.text:MessageQ_Params_init)
                  c33f9060    00000020               : Ipc.obj (.text:MessageQ_delete)
                  c33f9080    00000020               : Ipc.obj (.text:MultiProc_getNumProcessors)
                  c33f90a0    00000020               : Ipc.obj (.text:MultiProc_self)
                  c33f90c0    00000020               : Ipc.obj (.text:NameServer_Params_init)
                  c33f90e0    00000020               : Ipc.obj (.text:NameServer_addUInt32)
                  c33f9100    00000020               : Ipc.obj (.text:NameServer_delete)
                  c33f9120    00000020               : Ipc.obj (.text:NameServer_removeEntry)
                  c33f9140    00000020     ti.syslink.ipc.rtos.ae674 : RingIOShm.oe674 (.text:RingIOShm_getAttribute)
                  c33f9160    00000020                               : RingIOShm.oe674 (.text:RingIOShm_getConfig)
                  c33f9180    00000020                               : RingIOShm.oe674 (.text:RingIOShm_setAttribute)
                  c33f91a0    00000020                               : RingIO.oe674 (.text:RingIO_Params_init)
                  c33f91c0    00000020                               : RingIO.oe674 (.text:RingIO_acquire)
                  c33f91e0    00000020                               : RingIO.oe674 (.text:RingIO_getConfig)
                  c33f9200    00000020                               : RingIO.oe674 (.text:RingIO_getEmptySize)
                  c33f9220    00000020                               : RingIO.oe674 (.text:RingIO_getValidSize)
                  c33f9240    00000020                               : RingIO.oe674 (.text:RingIO_release)
                  c33f9260    00000020     ipc.ae674 : Ipc.obj (.text:SharedRegion_invalidSRPtr)
                  c33f9280    00000020     ti.syslink.ipc.rtos.ae674 : _Syslink.oe674 (.text:SysLink_destroy)
                  c33f92a0    00000020                               : TilerMemoryMgr.oe674 (.text:SyslinkMemMgr_TilerMemory_alloc)
                  c33f92c0    00000020                               : TilerMemoryMgr.oe674 (.text:SyslinkMemMgr_TilerMemory_free)
                  c33f92e0    00000020                               : TilerMemoryMgr.oe674 (.text:SyslinkMemMgr_TilerMemory_translate)
                  c33f9300    00000020                               : SyslinkMemMgr.oe674 (.text:SyslinkMemMgr_translate)
                  c33f9320    00000020     utils.lib : uartStdio.obj (.text:UARTGetc)
                  c33f9340    00000020               : uartStdio.obj (.text:UARTPutc)
                  c33f9360    00000020               : uartStdio.obj (.text:UARTStdioInit)
                  c33f9380    00000020     ti.syslink.ipc.rtos.ae674 : FrameQBufMgr_ShMem.oe674 (.text:_FrameQBufMgr_ShMem_getCliNotifyMgrGateShAddr)
                  c33f93a0    00000020                               : FrameQBufMgr_ShMem.oe674 (.text:_FrameQBufMgr_ShMem_getCliNotifyMgrShAddr)
                  c33f93c0    00000020                               : FrameQBufMgr_ShMem.oe674 (.text:_FrameQBufMgr_ShMem_resetNotifyId)
                  c33f93e0    00000020                               : FrameQBufMgr_ShMem.oe674 (.text:_FrameQBufMgr_ShMem_setNotifyId)
                  c33f9400    00000020                               : FrameQ_ShMem.oe674 (.text:_FrameQ_ShMem_getCliNotifyMgrGate)
                  c33f9420    00000020                               : FrameQ_ShMem.oe674 (.text:_FrameQ_ShMem_getCliNotifyMgrGateShAddr)
                  c33f9440    00000020                               : FrameQ_ShMem.oe674 (.text:_FrameQ_ShMem_getCliNotifyMgrHandle)
                  c33f9460    00000020                               : FrameQ_ShMem.oe674 (.text:_FrameQ_ShMem_getCliNotifyMgrShAddr)
                  c33f9480    00000020     rts6740_elf.lib : dtor_list.obj (.text:__cxa_atexit)
                  c33f94a0    00000020                     : dtor_list.obj (.text:__cxa_ia64_exit)
                  c33f94c0    00000020     ti.targets.rts6000.ae674 : xdc_noinit.oe674 (.text:__xdc__init)
                  c33f94e0    00000020     rts6740_elf.lib : _lock.obj (.text:_nop)
[...]
c342bccc   xdc_runtime_LoggerBuf_Module__root__V
c342bcd4   xdc_runtime_LoggerBuf_Module__state__V
c342bcda   xdc_runtime_Main_Module__root__V
c342bcdc   xdc_runtime_Memory_Module__state__V
c342bce0   xdc_runtime_Registry_Module__root__V
c342bce4   xdc_runtime_Registry_Module__state__V
c342bcec   xdc_runtime_Startup_Module__state__V
c342bcf4   xdc_runtime_SysMin_Module__state__V
c342bd00   xdc_runtime_System_Module__state__V
c342bd0c   xdc_runtime_Text_Module__state__V
c342bd14   xdc_runtime_knl_GateThread_Module__root__V
c342bd20   __xdc__init__addr
c342bf70   ti_sdo_utils_NameServer_Object__table__V
c342c050   FrameQ_ShMem_fxns
c342c0c0   FrameQ_ShMem_module_obj
c342c130   ti_sdo_ipc_SharedRegion_Module_State_0_regions__A
c342c1c0   ti_sysbios_knl_Swi_Module_State_0_readyQ__A
c342c240   ti_sysbios_knl_Task_Module_State_0_readyQ__A
c342c2c0   ti_sysbios_timers_timer64_Timer_Module_State_0_device__A
c342c320   TSK_idle
c342c320   ti_sysbios_knl_Task_Object__table__V
c342c36c   __errno
c342c36c   errno
c342c370   ti_sysbios_timers_timer64_Timer_Object__table__V
c342c400   brev
c342c480   ti_sysbios_gates_GateMutex_Object__table__V
c342c4c0   ti_sysbios_knl_Swi_Object__table__V
c342c4f0   ti_sdo_ipc_Ipc_Module_State_0_procEntry__A
c342c518   xdc_runtime_LoggerBuf_Object__table__V
c342c540   ti_sdo_ipc_MessageQ_Module_State_0_heaps__A
c342c560   ti_sysbios_timers_timer64_Timer_Module_State_0_gctrl__A
c342c580   ti_sysbios_timers_timer64_Timer_Module_State_0_handles__A
c342c5a0   ti_sysbios_timers_timer64_Timer_Module_State_0_intFreqs__A
c342c5c0   xdc_runtime_System_Module_State_0_atexitHandlers__A
c342c5fc   SyslinkMemMgr_SharedMemory_fxns
c342c618   SyslinkMemMgr_TilerMemory_fxns
c342c638   ti_sysbios_family_c64p_Hwi_Object__table__V
c342c650   ti_sysbios_gates_GateMutexPri_Object__table__V
c342c668   ti_sysbios_heaps_HeapMem_Object__table__V
c342c680   ti_sysbios_gates_GateAll_Object__table__V
c342c690   SysLink_RingIO_cfgFxns
c342c69c   _cleanup_ptr
c342c6a0   _dtors_ptr
c342c6a4   __TI_enable_exit_profile_output
c342c6a8   Syslink_RingIO_moduleCfg
c342c6b0   Syslink_RingIOShm_moduleCfg
c342c6b8   ti_sysbios_gates_GateSwi_Object__table__V
c342c6c4   _lock
c342c6c8   _unlock
c342c6d0   ti_sdo_ipc_Notify_Module_State_0_notifyHandles__A
c342c6d8   ti_sdo_ipc_transports_TransportShmSetup_Module_State_0_handles__A
c342c6e0   ti_sysbios_family_c64p_primus_TimerSupport_Module_State_0_suspSrc__A
c342c6e8   ti_sysbios_hal_Hwi_Object__table__V
c342c6f0   ti_sysbios_hal_Timer_Object__table__V
c342c6f8   ti_sdo_ipc_GateMP_Module_State_0_remoteCustom2Gates__A
c342c700   ti_sdo_ipc_Notify_Module_State_0_notifyHandles_0__A
c342c708   ti_sdo_ipc_Notify_Module_State_0_notifyHandles_1__A
c342c710   ti_sysbios_gates_GateHwi_Object__table__V
c342c718   ti_sysbios_knl_Task_Module_State_0_idleTask__A
c342c720   xdc_runtime_GateNull_Object__table__V
c342c728   xdc_runtime_Text_charTab__A
c342fdcc   ti_sdo_ipc_GateMP_E_gateUnavailable__C
c342fdd0   xdc_runtime_Text_nodeTab__A
c3430550   xdc_runtime_Startup_sfxnTab__A
c3430590   ti_sysbios_knl_Task_Object__PARAMS__C
c34305cc   xdc_runtime_LoggerBuf_Module__FXNS__C
c3430608   ti_sdo_ipc_notifyDrivers_NotifyDriverShm_Module__FXNS__C
c3430640   ti_sdo_ipc_GateMP_Object__PARAMS__C
c3430674   ti_sdo_ipc_notifyDrivers_NotifyDriverShm_Object__PARAMS__C
c34306d8   ti_sdo_ipc_heaps_HeapMemMP_Object__PARAMS__C
c3430708   ti_sysbios_family_c64p_Hwi_Object__PARAMS__C
c3430764   ti_sdo_ipc_ListMP_Object__PARAMS__C
c3430790   ti_sdo_ipc_gates_GateMPSupportNull_Module__FXNS__C
c34307bc   ti_sdo_ipc_gates_GatePeterson_Module__FXNS__C
c34307e8   ti_sdo_utils_NameServer_Object__PARAMS__C
c3430814   ti_sysbios_hal_Hwi_Object__PARAMS__C
c3430840   ti_sdo_ipc_heaps_HeapMemMP_Module__FXNS__C
c3430868   ti_sdo_ipc_nsremote_NameServerRemoteNotify_Module__FXNS__C
c3430890   ti_sdo_ipc_transports_TransportShm_Module__FXNS__C
c34308b8   ti_sdo_ipc_transports_TransportShm_Object__PARAMS__C
c34308e0   ti_sysbios_heaps_HeapMem_Module__FXNS__C
c3430908   ti_sysbios_knl_Swi_Object__PARAMS__C
c3430930   xdc_runtime_LoggerBuf_Object__PARAMS__C
c3430958   ti_sdo_ipc_gates_GateMPSupportNull_Object__PARAMS__C
c343097c   ti_sdo_ipc_gates_GatePeterson_Object__PARAMS__C
c34309a0   ti_sysbios_gates_GateAll_Module__FXNS__C
c34309c4   ti_sysbios_gates_GateHwi_Module__FXNS__C
c34309e8   ti_sysbios_gates_GateMutexPri_Module__FXNS__C
c3430a0c   ti_sysbios_gates_GateMutex_Module__FXNS__C
c3430a30   ti_sysbios_gates_GateSwi_Module__FXNS__C
c3430a54   ti_sysbios_heaps_HeapMem_Object__PARAMS__C
c3430a78   ti_sysbios_knl_Clock_Object__PARAMS__C
c3430a9c   ti_sysbios_knl_Semaphore_Object__PARAMS__C
c3430ac0   ti_sysbios_syncs_SyncSem_Module__FXNS__C
c3430ae4   xdc_runtime_GateNull_Module__FXNS__C
c3430b08   xdc_runtime_knl_GateThread_Module__FXNS__C
c3430b2c   ti_sdo_ipc_GateMP_Object__DESC__C
c3430b4c   ti_sdo_ipc_ListMP_Object__DESC__C
c3430b6c   ti_sdo_ipc_MessageQ_Object__DESC__C
c3430b8c   ti_sdo_ipc_MessageQ_Object__PARAMS__C
c3430bac   ti_sdo_ipc_Notify_Object__DESC__C
c3430bcc   ti_sdo_ipc_gates_GateMPSupportNull_Object__DESC__C
c3430bec   ti_sdo_ipc_gates_GatePeterson_Object__DESC__C
c3430c0c   ti_sdo_ipc_heaps_HeapMemMP_Object__DESC__C
c3430c2c   ti_sdo_ipc_notifyDrivers_NotifyDriverShm_Object__DESC__C
c3430c4c   ti_sdo_ipc_nsremote_NameServerRemoteNotify_Object__DESC__C
c3430c6c   ti_sdo_ipc_nsremote_NameServerRemoteNotify_Object__PARAMS__C
c3430c8c   ti_sdo_ipc_transports_TransportShm_Object__DESC__C
c3430cac   ti_sdo_utils_List_Object__DESC__C
c3430ccc   ti_sdo_utils_NameServer_Object__DESC__C
c3430cec   ti_sysbios_family_c64p_Hwi_Object__DESC__C
c3430d0c   ti_sysbios_gates_GateAll_Object__DESC__C
c3430d2c   ti_sysbios_gates_GateHwi_Object__DESC__C
c3430d4c   ti_sysbios_gates_GateMutexPri_Object__DESC__C
c3430d6c   ti_sysbios_gates_GateMutex_Object__DESC__C
c3430d8c   ti_sysbios_gates_GateSwi_Object__DESC__C
c3430dac   ti_sysbios_hal_Hwi_Object__DESC__C
c3430dcc   ti_sysbios_heaps_HeapMem_Object__DESC__C
c3430dec   ti_sysbios_knl_Clock_Object__DESC__C
c3430e0c   ti_sysbios_knl_Queue_Object__DESC__C
c3430e2c   ti_sysbios_knl_Semaphore_Object__DESC__C
c3430e4c   ti_sysbios_knl_Swi_Object__DESC__C
c3430e6c   ti_sysbios_knl_Task_Object__DESC__C
c3430e8c   ti_sysbios_syncs_SyncSem_Object__DESC__C
c3430eac   ti_sysbios_xdcruntime_GateThreadSupport_Object__DESC__C
c3430ecc   xdc_runtime_GateNull_Object__DESC__C
c3430eec   xdc_runtime_LoggerBuf_Object__DESC__C
c3430f0c   ti_sdo_ipc_GateMP_E_localGate__C
c3430f10   xdc_runtime_Startup_sfxnRts__A
c3430f30   xdc_runtime_knl_GateThread_Object__DESC__C
c3430f6c   ti_sdo_ipc_Ipc_E_internal__C
c3430f8c   ti_sysbios_syncs_SyncSem_Object__PARAMS__C
c3430fc4   ti_sdo_ipc_Ipc_E_nameFailed__C
c3430ffa   ti_sdo_ipc_GateMP_Module__id__C
c3430ffc   ti_sdo_ipc_Ipc_E_versionMismatch__C
c3431018   ti_sdo_ipc_Notify_Object__PARAMS__C
c3431030   ti_sdo_utils_List_Object__PARAMS__C
c3431048   ti_sysbios_gates_GateAll_Object__PARAMS__C
c3431060   ti_sysbios_gates_GateHwi_Object__PARAMS__C
c3431078   ti_sysbios_gates_GateMutexPri_Object__PARAMS__C
c3431090   ti_sysbios_gates_GateMutex_Object__PARAMS__C
c34310a8   ti_sysbios_gates_GateSwi_Object__PARAMS__C
c34310c0   ti_sysbios_knl_Queue_Object__PARAMS__C
c34310d8   ti_sysbios_knl_Task_hooks__A
c34310f0   ti_sysbios_xdcruntime_GateThreadSupport_Object__PARAMS__C
c3431108   xdc_runtime_GateNull_Object__PARAMS__C
c3431120   xdc_runtime_knl_GateThread_Object__PARAMS__C
c343114e   ti_sdo_ipc_Ipc_generateSlaveDataForHost__C
c3431166   ti_sdo_ipc_Ipc_sr0MemorySetup__C
c343117c   ti_sdo_ipc_Ipc_numUserFxns__C
c3431194   ti_sdo_ipc_Ipc_procSync__C
c34311ac   ti_sdo_ipc_Ipc_userFxns__C
c34311c4   ti_sdo_ipc_MessageQ_E_indexNotAvailable__C
c34311dc   ti_sdo_ipc_MessageQ_E_maxReached__C
c34311f4   ti_sdo_ipc_MessageQ_E_nameFailed__C
c343120c   ti_sdo_ipc_MessageQ_Instance_State_highList__O
c3431222   ti_sdo_ipc_ListMP_Module__id__C
c3431224   ti_sdo_ipc_MessageQ_Instance_State_normalList__O
c343123a   ti_sdo_ipc_MessageQ_Module__id__C
c343123c   ti_sdo_ipc_MessageQ_Object__count__C
c343126a   ti_sdo_ipc_Notify_numLines__C
c343126c   ti_sdo_ipc_MessageQ_Object__heap__C
c3431282   ti_sdo_ipc_SharedRegion_numEntries__C
c3431284   ti_sdo_ipc_MessageQ_maxRuntimeEntries__C
c343129a   ti_sdo_ipc_SharedRegion_translate__C
c343129c   ti_sdo_ipc_MessageQ_numReservedEntries__C
c34312ee   ti_sdo_ipc_family_da830_NotifySetup_useSecondLine__C
c343130c   ti_sdo_ipc_Notify_Module__gateObj__C
c343132a   ti_sdo_ipc_gates_GatePeterson_Module__id__C
c343132c   ti_sdo_ipc_Notify_Object__heap__C
c3431330   ti_sdo_ipc_Ipc_userFxns__A
c343133c   ti_sysbios_family_c64p_Cache_initSize__C
c3431354   ti_sdo_ipc_Notify_numEvents__C
c3431362   ti_sdo_ipc_heaps_HeapMemMP_Module__id__C
c3431364   ti_sdo_ipc_Notify_sendEventPollCount__C
c3431372   ti_sdo_ipc_nsremote_NameServerRemoteNotify_Module__id__C
c343137c   ti_sdo_ipc_SharedRegion_INVALIDSRPTR__C
c3431380   ti_sdo_utils_MultiProc_nameList__A
c3431388   ti_sysbios_knl_Idle_coreList__C
c3431390   ti_sysbios_knl_Idle_funcList__C
c3431398   ti_sysbios_knl_Task_hooks__C
c34313a0   xdc_runtime_Startup_firstFxns__A
c34313a8   xdc_runtime_Startup_firstFxns__C
c34313b0   xdc_runtime_Startup_lastFxns__C
c34313be   ti_sdo_ipc_transports_TransportShm_Module__id__C
c34313c0   ti_sdo_ipc_SharedRegion_numOffsetBits__C
c34313c4   ti_sdo_ipc_SharedRegion_offsetMask__C
c34313c8   ti_sdo_ipc_family_da830_NotifySetup_armRecvIntId0__C
c34313cc   ti_sdo_ipc_family_da830_NotifySetup_armRecvIntId1__C
c34313d0   ti_sdo_ipc_family_da830_NotifySetup_dspIntVectId0__C
c34313d4   ti_sdo_ipc_family_da830_NotifySetup_dspIntVectId1__C
c34313d8   ti_sdo_ipc_family_da830_NotifySetup_dspRecvIntId0__C
c34313dc   ti_sdo_ipc_family_da830_NotifySetup_dspRecvIntId1__C
c34313e0   ti_sdo_ipc_gates_GatePeterson_E_gateRemotelyOpened__C
c34313e4   ti_sdo_ipc_heaps_HeapMemMP_E_memory__C
c34313e8   ti_sdo_ipc_interfaces_IGateMPSupport_Interface__BASE__C
c34313ec   ti_sdo_ipc_interfaces_IMessageQTransport_Interface__BASE__C
c34313f0   ti_sdo_ipc_interfaces_INotifyDriver_Interface__BASE__C
c34313f4   ti_sdo_ipc_notifyDrivers_NotifyDriverShm_Object__heap__C
c34313f8   ti_sdo_ipc_nsremote_NameServerRemoteNotify_Instance_State_semMultiBlock__O
c34313fc   ti_sdo_ipc_nsremote_NameServerRemoteNotify_Instance_State_semRemoteWait__O
c3431400   ti_sdo_ipc_nsremote_NameServerRemoteNotify_Instance_State_swiObj__O
c3431404   ti_sdo_ipc_nsremote_NameServerRemoteNotify_notifyEventId__C
c3431408   ti_sdo_ipc_nsremote_NameServerRemoteNotify_timeout__C
c343140c   ti_sdo_ipc_transports_TransportShmSetup_priority__C
c3431410   ti_sdo_ipc_transports_TransportShm_Instance_State_swiObj__O
c3431414   ti_sdo_utils_INameServerRemote_Interface__BASE__C
c3431418   ti_sdo_utils_MultiProc_nameList__C
c343141c   ti_sdo_utils_NameServer_E_entryExists__C
c3431420   ti_sdo_utils_NameServer_E_maxReached__C
c3431424   ti_sdo_utils_NameServer_Instance_State_freeList__O
c3431428   ti_sdo_utils_NameServer_Instance_State_nameList__O
c343142c   ti_sdo_utils_NameServer_Object__count__C
c3431430   ti_sdo_utils_NameServer_Object__heap__C
c3431434   ti_sysbios_BIOS_installedErrorHook__C
c3431438   ti_sysbios_family_c62_TaskSupport_stackAlignment__C
c343143c   ti_sysbios_family_c64p_Cache_EMIFA_BASE__C
c3431440   ti_sysbios_family_c64p_Cache_EMIFA_CFG__C
c3431444   ti_sysbios_family_c64p_Cache_EMIFA_LENGTH__C
c3431448   ti_sysbios_family_c64p_Cache_EMIFB_BASE__C
c343144c   ti_sysbios_family_c64p_Cache_EMIFB_CFG__C
c3431450   ti_sysbios_family_c64p_Cache_EMIFB_LENGTH__C
c3431454   ti_sysbios_family_c64p_Cache_EMIFC_BASE__C
c3431458   ti_sysbios_family_c64p_Cache_EMIFC_CFG__C
c343145c   ti_sysbios_family_c64p_Cache_EMIFC_LENGTH__C
c3431460   ti_sysbios_family_c64p_Cache_MAR0_31__C
c3431464   ti_sysbios_family_c64p_Cache_MAR128_159__C
c3431468   ti_sysbios_family_c64p_Cache_MAR160_191__C
c343146c   ti_sysbios_family_c64p_Cache_MAR192_223__C
c3431470   ti_sysbios_family_c64p_Cache_MAR224_255__C
c3431474   ti_sysbios_family_c64p_Cache_MAR32_63__C
c3431478   ti_sysbios_family_c64p_Cache_MAR64_95__C
c343147c   ti_sysbios_family_c64p_Cache_MAR96_127__C
c3431480   ti_sysbios_family_c64p_Exception_E_exceptionMax__C
c3431484   ti_sysbios_family_c64p_Exception_E_exceptionMin__C
c3431488   ti_sysbios_family_c64p_Exception_exceptionHook__C
c343148c   ti_sysbios_family_c64p_Exception_externalHook__C
c3431490   ti_sysbios_family_c64p_Exception_internalHook__C
c3431494   ti_sysbios_family_c64p_Exception_nmiHook__C
c3431498   ti_sysbios_family_c64p_Hwi_E_alreadyDefined__C
c343149c   ti_sysbios_family_c64p_Hwi_E_handleNotFound__C
c34314a0   ti_sysbios_gates_GateMutexPri_Instance_State_pendQ__O
c34314a4   ti_sysbios_gates_GateMutex_Instance_State_sem__O
c34314a8   ti_sysbios_hal_Hwi_E_stackOverflow__C
c34314ac   ti_sysbios_heaps_HeapMem_E_memory__C
c34314b0   ti_sysbios_heaps_HeapMem_Module__gateObj__C
c34314b4   ti_sysbios_heaps_HeapMem_Object__count__C
c34314b8   ti_sysbios_heaps_HeapMem_reqAlign__C
c34314bc   ti_sysbios_knl_Clock_Module_State_clockQ__O
c34314c0   ti_sysbios_knl_Clock_tickMode__C
c34314c4   ti_sysbios_knl_Clock_tickPeriod__C
c34314c8   ti_sysbios_knl_Clock_tickSource__C
c34314cc   ti_sysbios_knl_Semaphore_Instance_State_pendQ__O
c34314d0   ti_sysbios_knl_Idle_coreList__A
c34314d4   ti_sysbios_knl_Swi_Object__count__C
c34314d8   ti_sysbios_knl_Idle_funcList__A
c34314dc   ti_sysbios_knl_Swi_numPriorities__C
c34314e0   ti_sysbios_knl_Task_E_deleteNotAllowed__C
c34314e4   ti_sysbios_knl_Task_E_spOutOfBounds__C
c34314e8   ti_sysbios_knl_Task_E_stackOverflow__C
c34314ec   ti_sysbios_knl_Task_Module_State_inactiveQ__O
c34314f0   ti_sysbios_knl_Task_Module_State_terminatedQ__O
c34314f4   ti_sysbios_knl_Task_Object__count__C
c34314f8   ti_sysbios_knl_Task_Object__heap__C
c34314fc   ti_sysbios_knl_Task_allBlockedFunc__C
c3431500   ti_sysbios_knl_Task_defaultStackHeap__C
c3431504   ti_sysbios_knl_Task_defaultStackSize__C
c3431508   ti_sysbios_knl_Task_numConstructedTasks__C
c343150c   ti_sysbios_timers_timer64_Timer_E_cannotSupport__C
c3431510   ti_sysbios_timers_timer64_Timer_anyMask__C
c3431514   ti_sysbios_timers_timer64_Timer_freqDivisor__C
c3431518   ti_sysbios_timers_timer64_Timer_numLocalTimers__C
c343151c   ti_sysbios_timers_timer64_Timer_numTimerDevices__C
c3431520   ti_sysbios_xdcruntime_GateThreadSupport_Instance_State_gate__O
c3431524   xdc_runtime_Assert_E_assertFailed__C
c3431528   xdc_runtime_Core_A_initializedParams__C
c343152c   xdc_runtime_Core_Module__diagsEnabled__C
c3431530   xdc_runtime_Core_Module__diagsIncluded__C
c3431534   xdc_runtime_Core_Module__diagsMask__C
c3431538   xdc_runtime_Error_E_memory__C
c343153c   xdc_runtime_Error_Module__diagsEnabled__C
c3431540   xdc_runtime_Error_Module__diagsIncluded__C
c3431544   xdc_runtime_Error_Module__diagsMask__C
c3431548   xdc_runtime_Error_Module__loggerFxn8__C
c343154c   xdc_runtime_Error_Module__loggerObj__C
c3431550   xdc_runtime_Error_policy__C
c3431554   xdc_runtime_Error_raiseHook__C
c3431558   xdc_runtime_IFilterLogger_Interface__BASE__C
c343155c   xdc_runtime_IGateProvider_Interface__BASE__C
c3431560   xdc_runtime_IHeap_Interface__BASE__C
c3431564   xdc_runtime_ILogger_Interface__BASE__C
c3431568   xdc_runtime_IModule_Interface__BASE__C
c343156c   xdc_runtime_Log_L_error__C
c3431570   xdc_runtime_LoggerBuf_E_badLevel__C
c3431574   xdc_runtime_LoggerBuf_Module__gateObj__C
c3431578   xdc_runtime_LoggerBuf_Object__count__C
c343157c   xdc_runtime_LoggerBuf_statusLogger__C
c3431580   xdc_runtime_Memory_defaultHeapInstance__C
c3431584   xdc_runtime_Startup_execImpl__C
c3431588   xdc_runtime_Startup_lastFxns__A
c343158c   xdc_runtime_Startup_maxPasses__C
c3431590   xdc_runtime_Startup_sfxnRts__C
c3431594   xdc_runtime_Startup_sfxnTab__C
c3431598   xdc_runtime_SysMin_bufSize__C
c343159c   xdc_runtime_SysMin_outputFunc__C
c34315a0   xdc_runtime_System_Module__gateObj__C
c34315a4   xdc_runtime_System_extendFxn__C
c34315a8   xdc_runtime_System_maxAtexitHandlers__C
c34315ac   xdc_runtime_Text_charTab__C
c34315b0   xdc_runtime_Text_nameEmpty__C
c34315b4   xdc_runtime_Text_nameStatic__C
c34315b8   xdc_runtime_Text_nameUnknown__C
c34315bc   xdc_runtime_Text_nodeTab__C
c34315c0   xdc_runtime_Text_visitRopeFxn__C
c34315c4   xdc_runtime_knl_ISync_Interface__BASE__C
c34315c8   ti_sdo_ipc_transports_TransportShm_notifyEventId__C
c34315ca   ti_sdo_utils_MultiProc_numProcessors__C
c34315cc   ti_sdo_utils_MultiProc_numProcsInCluster__C
c34315ce   ti_sdo_utils_NameServer_Module__id__C
c34315d0   ti_sdo_utils_NameServer_singleProcessor__C
c34315d2   ti_sysbios_family_c64p_Exception_Module__id__C
c34315d4   ti_sysbios_family_c64p_Exception_enableExternalMPC__C
c34315d6   ti_sysbios_family_c64p_Exception_enablePrint__C
c34315d8   ti_sysbios_family_c64p_Exception_useInternalBuffer__C
c34315da   ti_sysbios_family_c64p_Hwi_Module__id__C
c34315dc   ti_sysbios_hal_Hwi_Module__id__C
c34315de   ti_sysbios_heaps_HeapMem_Module__id__C
c34315e0   ti_sysbios_knl_Task_Module__id__C
c34315e2   ti_sysbios_knl_Task_deleteTerminatedTasks__C
c34315e4   ti_sysbios_knl_Task_initStackFlag__C
c34315e6   ti_sysbios_timers_timer64_Timer_Module__id__C
c34315e8   ti_sysbios_timers_timer64_Timer_startupNeeded__C
c34315ea   xdc_runtime_Core_Module__id__C
c34315ec   xdc_runtime_Error_Module__loggerDefined__C
c34315ee   xdc_runtime_Error_maxDepth__C
c34315f0   xdc_runtime_LoggerBuf_Module__id__C
c34315f2   xdc_runtime_LoggerBuf_filterByLevel__C
c34315f4   xdc_runtime_Memory_Module__id__C
c34315f6   xdc_runtime_SysMin_flushAtExit__C
c34315f8   xdc_runtime_Text_charCnt__C
c34315fa   xdc_runtime_Text_isLoaded__C
c34315fc   xdc_runtime_Text_registryModsLastId__C
c34315fe   xdc_runtime_Text_unnamedModsLastId__C
c3431600   _stack
c3432600   __TI_STACK_END
c3432798   __c_args__
c3432800   ti_sysbios_family_c64p_Hwi0
c3432800   ti_sysbios_family_c64p_Hwi_int0
c3432820   ti_sysbios_family_c64p_Hwi_int1
c3432840   ti_sysbios_family_c64p_Hwi_int2
c3432860   ti_sysbios_family_c64p_Hwi_int3
c3432880   ti_sysbios_family_c64p_Hwi_int4
c34328a0   ti_sysbios_family_c64p_Hwi_int5
c34328c0   ti_sysbios_family_c64p_Hwi_int6
c34328e0   ti_sysbios_family_c64p_Hwi_int7
c3432900   ti_sysbios_family_c64p_Hwi_int8
c3432920   ti_sysbios_family_c64p_Hwi_int9
c3432940   ti_sysbios_family_c64p_Hwi_int10
c3432960   ti_sysbios_family_c64p_Hwi_int11
c3432980   ti_sysbios_family_c64p_Hwi_int12
c34329a0   ti_sysbios_family_c64p_Hwi_int13
c34329c0   ti_sysbios_family_c64p_Hwi_int14
c34329e0   ti_sysbios_family_c64p_Hwi_int15
c3432a00   __CIOBUF_
c3432b20   __TI_STATIC_BASE
c3432b20   gFrameQ_nsHandle
c3432b24   gFrameQBufMgr_nsHandle
c3432b28   Syslink_terminateEventId
c3432b2c   Syslink_terminateEventLineId
c3432b30   CLIENTNOTIFYMGR_NAMESERVERNAME
c3432b44   FrameQ_ShMem_module
c3432c00   _Ipc_ResetVector
c3432c08   Ipc_sr0MemorySetup
ffffffff   __TI_pprof_out_hndl
ffffffff   __TI_prof_data_size
ffffffff   __TI_prof_data_start
ffffffff   __binit__
ffffffff   binit
UNDEFED    __TI_CINIT_Base
UNDEFED    __TI_CINIT_Limit
UNDEFED    __TI_Handler_Table_Base
UNDEFED    __TI_Handler_Table_Limit
UNDEFED    __TI_INITARRAY_Base
UNDEFED    __TI_INITARRAY_Limit

[1591 symbols]


DYNAMIC SYMBOLS: SORTED ALPHABETICALLY BY Name 

address    name
--------   ----
UNDEFED    
c342c320   TSK_idle
c3432c00   _Ipc_ResetVector
c3432600   __TI_STACK_END
00001000   __TI_STACK_SIZE
c3432b20   __TI_STATIC_BASE
ffffffff   __TI_pprof_out_hndl
ffffffff   __TI_prof_data_size
ffffffff   __TI_prof_data_start
ffffffff   __binit__
c3432798   __c_args__
00000064   _argsize
ffffffff   binit
00000001   xdc_runtime_Startup__EXECFXN__C
00000001   xdc_runtime_Startup__RESETFXN__C

[15 symbols]


IMPORTED and EXPORTED SYMBOLS: SORTED ALPHABETICALLY BY Name 

IMPORTED SYMBOLS

name                           size      Imported from
-----------------------------  --------  -------------

[0 symbols]


EXPORTED SYMBOLS

address    name
--------   ----
c3432c00   _Ipc_ResetVector
